/Users/mac/Downloads/STM32CubeExpansion_SBSFU_V2.6.2/Projects/STM32F413H-Discovery/Applications/2_Images/2_Images_SBSFU/SBSFU/Target/sfu_low_level_flash_int.c:332:24:SFU_LL_FLASH_INT_Clear_Error	8	static
/Users/mac/Downloads/STM32CubeExpansion_SBSFU_V2.6.2/Projects/STM32F413H-Discovery/Applications/2_Images/2_Images_SBSFU/SBSFU/Target/sfu_low_level_flash_int.c:48:17:SFU_LL_FLASH_INT_Init	0	static
/Users/mac/Downloads/STM32CubeExpansion_SBSFU_V2.6.2/Projects/STM32F413H-Discovery/Applications/2_Images/2_Images_SBSFU/SBSFU/Target/sfu_low_level_flash_int.c:136:17:SFU_LL_FLASH_INT_Write	48	static
/Users/mac/Downloads/STM32CubeExpansion_SBSFU_V2.6.2/Projects/STM32F413H-Discovery/Applications/2_Images/2_Images_SBSFU/SBSFU/Target/sfu_low_level_flash_int.c:244:17:SFU_LL_FLASH_INT_Read	16	static
/Users/mac/Downloads/STM32CubeExpansion_SBSFU_V2.6.2/Projects/STM32F413H-Discovery/Applications/2_Images/2_Images_SBSFU/SBSFU/Target/sfu_low_level_flash_int.c:292:17:SFU_LL_FLASH_INT_Compare	12	static
/Users/mac/Downloads/STM32CubeExpansion_SBSFU_V2.6.2/Projects/STM32F413H-Discovery/Applications/2_Images/2_Images_SBSFU/SBSFU/Target/sfu_low_level_flash_int.c:313:10:SFU_LL_FLASH_INT_GetSector	8	static
/Users/mac/Downloads/STM32CubeExpansion_SBSFU_V2.6.2/Projects/STM32F413H-Discovery/Applications/2_Images/2_Images_SBSFU/SBSFU/Target/sfu_low_level_flash_int.c:60:17:SFU_LL_FLASH_INT_Erase_Size	56	static
/Users/mac/Downloads/STM32CubeExpansion_SBSFU_V2.6.2/Projects/STM32F413H-Discovery/Applications/2_Images/2_Images_SBSFU/SBSFU/Target/sfu_low_level_flash_int.c:376:6:NMI_Handler	0	static
/Users/mac/Downloads/STM32CubeExpansion_SBSFU_V2.6.2/Projects/STM32F413H-Discovery/Applications/2_Images/2_Images_SBSFU/SBSFU/Target/sfu_low_level_flash_int.c:390:6:HardFault_Handler	0	static
