/Users/mac/Downloads/STM32CubeExpansion_SBSFU_V2.6.2/Drivers/BSP/STM32F413H-Discovery/stm32f413h_discovery.c:452:13:FMPI2Cx_Init.constprop	56	static
/Users/mac/Downloads/STM32CubeExpansion_SBSFU_V2.6.2/Drivers/BSP/STM32F413H-Discovery/stm32f413h_discovery.c:512:26:FMPI2Cx_WriteMultiple.constprop.isra	32	static
/Users/mac/Downloads/STM32CubeExpansion_SBSFU_V2.6.2/Drivers/BSP/STM32F413H-Discovery/stm32f413h_discovery.c:482:26:FMPI2Cx_ReadMultiple.constprop	24	static
/Users/mac/Downloads/STM32CubeExpansion_SBSFU_V2.6.2/Drivers/BSP/STM32F413H-Discovery/stm32f413h_discovery.c:179:10:BSP_GetVersion	0	static
/Users/mac/Downloads/STM32CubeExpansion_SBSFU_V2.6.2/Drivers/BSP/STM32F413H-Discovery/stm32f413h_discovery.c:191:6:BSP_LED_Init	40	static
/Users/mac/Downloads/STM32CubeExpansion_SBSFU_V2.6.2/Drivers/BSP/STM32F413H-Discovery/stm32f413h_discovery.c:212:6:BSP_LED_DeInit	16	static
/Users/mac/Downloads/STM32CubeExpansion_SBSFU_V2.6.2/Drivers/BSP/STM32F413H-Discovery/stm32f413h_discovery.c:231:6:BSP_LED_On	0	static
/Users/mac/Downloads/STM32CubeExpansion_SBSFU_V2.6.2/Drivers/BSP/STM32F413H-Discovery/stm32f413h_discovery.c:243:6:BSP_LED_Off	0	static
/Users/mac/Downloads/STM32CubeExpansion_SBSFU_V2.6.2/Drivers/BSP/STM32F413H-Discovery/stm32f413h_discovery.c:255:6:BSP_LED_Toggle	0	static
/Users/mac/Downloads/STM32CubeExpansion_SBSFU_V2.6.2/Drivers/BSP/STM32F413H-Discovery/stm32f413h_discovery.c:271:6:BSP_PB_Init	40	static
/Users/mac/Downloads/STM32CubeExpansion_SBSFU_V2.6.2/Drivers/BSP/STM32F413H-Discovery/stm32f413h_discovery.c:312:6:BSP_PB_DeInit	8	static
/Users/mac/Downloads/STM32CubeExpansion_SBSFU_V2.6.2/Drivers/BSP/STM32F413H-Discovery/stm32f413h_discovery.c:329:10:BSP_PB_GetState	8	static
/Users/mac/Downloads/STM32CubeExpansion_SBSFU_V2.6.2/Drivers/BSP/STM32F413H-Discovery/stm32f413h_discovery.c:342:6:BSP_COM_Init	56	static
/Users/mac/Downloads/STM32CubeExpansion_SBSFU_V2.6.2/Drivers/BSP/STM32F413H-Discovery/stm32f413h_discovery.c:380:6:BSP_COM_DeInit	8	static
/Users/mac/Downloads/STM32CubeExpansion_SBSFU_V2.6.2/Drivers/BSP/STM32F413H-Discovery/stm32f413h_discovery.c:691:6:LCD_IO_Init	152	static
/Users/mac/Downloads/STM32CubeExpansion_SBSFU_V2.6.2/Drivers/BSP/STM32F413H-Discovery/stm32f413h_discovery.c:700:6:LCD_IO_WriteData	0	static,ignoring_inline_asm
/Users/mac/Downloads/STM32CubeExpansion_SBSFU_V2.6.2/Drivers/BSP/STM32F413H-Discovery/stm32f413h_discovery.c:711:6:LCD_IO_WriteMultipleData	8	static,ignoring_inline_asm
/Users/mac/Downloads/STM32CubeExpansion_SBSFU_V2.6.2/Drivers/BSP/STM32F413H-Discovery/stm32f413h_discovery.c:725:6:LCD_IO_WriteReg	0	static,ignoring_inline_asm
/Users/mac/Downloads/STM32CubeExpansion_SBSFU_V2.6.2/Drivers/BSP/STM32F413H-Discovery/stm32f413h_discovery.c:735:10:LCD_IO_ReadData	0	static
/Users/mac/Downloads/STM32CubeExpansion_SBSFU_V2.6.2/Drivers/BSP/STM32F413H-Discovery/stm32f413h_discovery.c:744:6:LCD_IO_Delay	0	static
/Users/mac/Downloads/STM32CubeExpansion_SBSFU_V2.6.2/Drivers/BSP/STM32F413H-Discovery/stm32f413h_discovery.c:754:6:AUDIO_IO_Init	0	static
/Users/mac/Downloads/STM32CubeExpansion_SBSFU_V2.6.2/Drivers/BSP/STM32F413H-Discovery/stm32f413h_discovery.c:762:6:AUDIO_IO_DeInit	0	static
/Users/mac/Downloads/STM32CubeExpansion_SBSFU_V2.6.2/Drivers/BSP/STM32F413H-Discovery/stm32f413h_discovery.c:773:6:AUDIO_IO_Write	24	static
/Users/mac/Downloads/STM32CubeExpansion_SBSFU_V2.6.2/Drivers/BSP/STM32F413H-Discovery/stm32f413h_discovery.c:790:10:AUDIO_IO_Read	24	static
/Users/mac/Downloads/STM32CubeExpansion_SBSFU_V2.6.2/Drivers/BSP/STM32F413H-Discovery/stm32f413h_discovery.c:814:10:TS_IO_ReadMultiple	16	static
/Users/mac/Downloads/STM32CubeExpansion_SBSFU_V2.6.2/Drivers/BSP/STM32F413H-Discovery/stm32f413h_discovery.c:827:6:TS_IO_WriteMultiple	16	static
/Users/mac/Downloads/STM32CubeExpansion_SBSFU_V2.6.2/Drivers/BSP/STM32F413H-Discovery/stm32f413h_discovery.c:836:6:AUDIO_IO_Delay	0	static
/Users/mac/Downloads/STM32CubeExpansion_SBSFU_V2.6.2/Drivers/BSP/STM32F413H-Discovery/stm32f413h_discovery.c:846:6:TS_IO_Init	32	static
/Users/mac/Downloads/STM32CubeExpansion_SBSFU_V2.6.2/Drivers/BSP/STM32F413H-Discovery/stm32f413h_discovery.c:865:6:TS_IO_DeInit	0	static
/Users/mac/Downloads/STM32CubeExpansion_SBSFU_V2.6.2/Drivers/BSP/STM32F413H-Discovery/stm32f413h_discovery.c:876:9:TS_IO_Read	24	static
/Users/mac/Downloads/STM32CubeExpansion_SBSFU_V2.6.2/Drivers/BSP/STM32F413H-Discovery/stm32f413h_discovery.c:891:6:TS_IO_Write	24	static
/Users/mac/Downloads/STM32CubeExpansion_SBSFU_V2.6.2/Drivers/BSP/STM32F413H-Discovery/stm32f413h_discovery.c:900:6:TS_IO_Delay	0	static
