/Users/mac/Downloads/STM32CubeExpansion_SBSFU_V2.6.2/Projects/STM32F413H-Discovery/Applications/2_Images/2_Images_SBSFU/SBSFU/App/sfu_com_trace.c:51:17:SFU_COM_Init	8	static
/Users/mac/Downloads/STM32CubeExpansion_SBSFU_V2.6.2/Projects/STM32F413H-Discovery/Applications/2_Images/2_Images_SBSFU/SBSFU/App/sfu_com_trace.c:64:17:SFU_COM_DeInit	0	static
/Users/mac/Downloads/STM32CubeExpansion_SBSFU_V2.6.2/Projects/STM32F413H-Discovery/Applications/2_Images/2_Images_SBSFU/SBSFU/App/sfu_com_trace.c:81:17:SFU_COM_Serial_PutString	0	static
/Users/mac/Downloads/STM32CubeExpansion_SBSFU_V2.6.2/Projects/STM32F413H-Discovery/Applications/2_Images/2_Images_SBSFU/SBSFU/App/sfu_com_trace.c:127:1:__io_putchar	16	static
