Archive member included to satisfy reference by file (symbol)

/Applications/STM32CubeIDE.app/Contents/Eclipse/plugins/com.st.stm32cube.ide.mcu.externaltools.gnu-tools-for-stm32.10.3-2021.10.macos64_1.0.200.202301161003/tools/bin/../lib/gcc/arm-none-eabi/10.3.1/../../../../arm-none-eabi/lib/thumb/v7e-m+fp/hard/libc_nano.a(lib_a-errno.o)
                              ./Application/User/syscalls.o (__errno)
/Applications/STM32CubeIDE.app/Contents/Eclipse/plugins/com.st.stm32cube.ide.mcu.externaltools.gnu-tools-for-stm32.10.3-2021.10.macos64_1.0.200.202301161003/tools/bin/../lib/gcc/arm-none-eabi/10.3.1/../../../../arm-none-eabi/lib/thumb/v7e-m+fp/hard/libc_nano.a(lib_a-exit.o)
                              /Applications/STM32CubeIDE.app/Contents/Eclipse/plugins/com.st.stm32cube.ide.mcu.externaltools.gnu-tools-for-stm32.10.3-2021.10.macos64_1.0.200.202301161003/tools/bin/../lib/gcc/arm-none-eabi/10.3.1/../../../../arm-none-eabi/lib/thumb/v7e-m+fp/hard/crt0.o (exit)
/Applications/STM32CubeIDE.app/Contents/Eclipse/plugins/com.st.stm32cube.ide.mcu.externaltools.gnu-tools-for-stm32.10.3-2021.10.macos64_1.0.200.202301161003/tools/bin/../lib/gcc/arm-none-eabi/10.3.1/../../../../arm-none-eabi/lib/thumb/v7e-m+fp/hard/libc_nano.a(lib_a-impure.o)
                              /Applications/STM32CubeIDE.app/Contents/Eclipse/plugins/com.st.stm32cube.ide.mcu.externaltools.gnu-tools-for-stm32.10.3-2021.10.macos64_1.0.200.202301161003/tools/bin/../lib/gcc/arm-none-eabi/10.3.1/../../../../arm-none-eabi/lib/thumb/v7e-m+fp/hard/libc_nano.a(lib_a-exit.o) (_global_impure_ptr)
/Applications/STM32CubeIDE.app/Contents/Eclipse/plugins/com.st.stm32cube.ide.mcu.externaltools.gnu-tools-for-stm32.10.3-2021.10.macos64_1.0.200.202301161003/tools/bin/../lib/gcc/arm-none-eabi/10.3.1/../../../../arm-none-eabi/lib/thumb/v7e-m+fp/hard/libc_nano.a(lib_a-init.o)
                              /Applications/STM32CubeIDE.app/Contents/Eclipse/plugins/com.st.stm32cube.ide.mcu.externaltools.gnu-tools-for-stm32.10.3-2021.10.macos64_1.0.200.202301161003/tools/bin/../lib/gcc/arm-none-eabi/10.3.1/../../../../arm-none-eabi/lib/thumb/v7e-m+fp/hard/crt0.o (__libc_init_array)
/Applications/STM32CubeIDE.app/Contents/Eclipse/plugins/com.st.stm32cube.ide.mcu.externaltools.gnu-tools-for-stm32.10.3-2021.10.macos64_1.0.200.202301161003/tools/bin/../lib/gcc/arm-none-eabi/10.3.1/../../../../arm-none-eabi/lib/thumb/v7e-m+fp/hard/libc_nano.a(lib_a-memcpy-stub.o)
                              ./Application/User/flash_if.o (memcpy)
/Applications/STM32CubeIDE.app/Contents/Eclipse/plugins/com.st.stm32cube.ide.mcu.externaltools.gnu-tools-for-stm32.10.3-2021.10.macos64_1.0.200.202301161003/tools/bin/../lib/gcc/arm-none-eabi/10.3.1/../../../../arm-none-eabi/lib/thumb/v7e-m+fp/hard/libc_nano.a(lib_a-memset.o)
                              /Applications/STM32CubeIDE.app/Contents/Eclipse/plugins/com.st.stm32cube.ide.mcu.externaltools.gnu-tools-for-stm32.10.3-2021.10.macos64_1.0.200.202301161003/tools/bin/../lib/gcc/arm-none-eabi/10.3.1/../../../../arm-none-eabi/lib/thumb/v7e-m+fp/hard/crt0.o (memset)
/Applications/STM32CubeIDE.app/Contents/Eclipse/plugins/com.st.stm32cube.ide.mcu.externaltools.gnu-tools-for-stm32.10.3-2021.10.macos64_1.0.200.202301161003/tools/bin/../lib/gcc/arm-none-eabi/10.3.1/../../../../arm-none-eabi/lib/thumb/v7e-m+fp/hard/libc_nano.a(lib_a-printf.o)
                              ./Application/User/fw_update_app.o (printf)
/Applications/STM32CubeIDE.app/Contents/Eclipse/plugins/com.st.stm32cube.ide.mcu.externaltools.gnu-tools-for-stm32.10.3-2021.10.macos64_1.0.200.202301161003/tools/bin/../lib/gcc/arm-none-eabi/10.3.1/../../../../arm-none-eabi/lib/thumb/v7e-m+fp/hard/libc_nano.a(lib_a-puts.o)
                              ./Application/User/flash_if.o (puts)
/Applications/STM32CubeIDE.app/Contents/Eclipse/plugins/com.st.stm32cube.ide.mcu.externaltools.gnu-tools-for-stm32.10.3-2021.10.macos64_1.0.200.202301161003/tools/bin/../lib/gcc/arm-none-eabi/10.3.1/../../../../arm-none-eabi/lib/thumb/v7e-m+fp/hard/libc_nano.a(lib_a-setvbuf.o)
                              ./Application/User/com.o (setvbuf)
/Applications/STM32CubeIDE.app/Contents/Eclipse/plugins/com.st.stm32cube.ide.mcu.externaltools.gnu-tools-for-stm32.10.3-2021.10.macos64_1.0.200.202301161003/tools/bin/../lib/gcc/arm-none-eabi/10.3.1/../../../../arm-none-eabi/lib/thumb/v7e-m+fp/hard/libc_nano.a(lib_a-wbuf.o)
                              /Applications/STM32CubeIDE.app/Contents/Eclipse/plugins/com.st.stm32cube.ide.mcu.externaltools.gnu-tools-for-stm32.10.3-2021.10.macos64_1.0.200.202301161003/tools/bin/../lib/gcc/arm-none-eabi/10.3.1/../../../../arm-none-eabi/lib/thumb/v7e-m+fp/hard/libc_nano.a(lib_a-puts.o) (__swbuf_r)
/Applications/STM32CubeIDE.app/Contents/Eclipse/plugins/com.st.stm32cube.ide.mcu.externaltools.gnu-tools-for-stm32.10.3-2021.10.macos64_1.0.200.202301161003/tools/bin/../lib/gcc/arm-none-eabi/10.3.1/../../../../arm-none-eabi/lib/thumb/v7e-m+fp/hard/libc_nano.a(lib_a-wsetup.o)
[...]
Memory Configuration

Name             Origin             Length             Attributes
SE_Entry_Secure_ROM_Region 0x0000000008000200 0x0000000000000200 xr
SE_Key_region_ROM 0x0000000008000400 0x0000000000000100 xr
SE_Startup_region_ROM 0x0000000008000500 0x0000000000000100 xr
SE_ROM_region    0x0000000008000600 0x0000000000005400 xr
SE_IF_region_ROM 0x0000000008005a00 0x0000000000000800 xr
SB_ROM_region    0x0000000008006200 0x0000000000008e00 xr
SE_RAM_region    0x0000000020000400 0x0000000000000c00 xrw
SB_RAM_region    0x0000000020001000 0x000000000000b000 xrw
ISR_VECTOR       0x0000000008011200 0x0000000000000200 xr
APPLI_region_ROM 0x0000000008011400 0x0000000000016c00
APPLI_region_RAM 0x0000000020001000 0x000000000000b000
*default*        0x0000000000000000 0xffffffffffffffff

Linker script and memory map

LOAD /Applications/STM32CubeIDE.app/Contents/Eclipse/plugins/com.st.stm32cube.ide.mcu.externaltools.gnu-tools-for-stm32.10.3-2021.10.macos64_1.0.200.202301161003/tools/bin/../lib/gcc/arm-none-eabi/10.3.1/thumb/v7e-m+fp/hard/crti.o
LOAD /Applications/STM32CubeIDE.app/Contents/Eclipse/plugins/com.st.stm32cube.ide.mcu.externaltools.gnu-tools-for-stm32.10.3-2021.10.macos64_1.0.200.202301161003/tools/bin/../lib/gcc/arm-none-eabi/10.3.1/thumb/v7e-m+fp/hard/crtbegin.o
LOAD /Applications/STM32CubeIDE.app/Contents/Eclipse/plugins/com.st.stm32cube.ide.mcu.externaltools.gnu-tools-for-stm32.10.3-2021.10.macos64_1.0.200.202301161003/tools/bin/../lib/gcc/arm-none-eabi/10.3.1/../../../../arm-none-eabi/lib/thumb/v7e-m+fp/hard/crt0.o
LOAD ./Application/SFU_Services/sfu_app_new_image.o
LOAD ./Application/Startup/startup_stm32f413xx.o
LOAD ./Application/Startup/svc_handler.o
LOAD ./Application/User/com.o
LOAD ./Application/User/common.o
LOAD ./Application/User/flash_if.o
LOAD ./Application/User/fw_update_app.o
LOAD ./Application/User/main.o
LOAD ./Application/User/mpu.o
LOAD ./Application/User/se_user_code.o
LOAD ./Application/User/stm32f4xx_it.o
LOAD ./Application/User/syscalls.o
LOAD ./Application/User/test_protections.o
LOAD ./Application/User/ymodem.o
LOAD ./Drivers/BSP/STM32F413H-Discovery/stm32f413h_discovery.o
LOAD ./Drivers/CMSIS/system_stm32f4xx.o
LOAD ./Drivers/STM32F4xx_HAL_Driver/stm32f4xx_hal.o
LOAD ./Drivers/STM32F4xx_HAL_Driver/stm32f4xx_hal_cortex.o
LOAD ./Drivers/STM32F4xx_HAL_Driver/stm32f4xx_hal_crc.o
LOAD ./Drivers/STM32F4xx_HAL_Driver/stm32f4xx_hal_dma.o
LOAD ./Drivers/STM32F4xx_HAL_Driver/stm32f4xx_hal_dma_ex.o
LOAD ./Drivers/STM32F4xx_HAL_Driver/stm32f4xx_hal_flash.o
LOAD ./Drivers/STM32F4xx_HAL_Driver/stm32f4xx_hal_flash_ex.o
LOAD ./Drivers/STM32F4xx_HAL_Driver/stm32f4xx_hal_gpio.o
LOAD ./Drivers/STM32F4xx_HAL_Driver/stm32f4xx_hal_iwdg.o
LOAD ./Drivers/STM32F4xx_HAL_Driver/stm32f4xx_hal_pwr.o
LOAD ./Drivers/STM32F4xx_HAL_Driver/stm32f4xx_hal_pwr_ex.o
LOAD ./Drivers/STM32F4xx_HAL_Driver/stm32f4xx_hal_rcc.o
LOAD ./Drivers/STM32F4xx_HAL_Driver/stm32f4xx_hal_rcc_ex.o
LOAD ./Drivers/STM32F4xx_HAL_Driver/stm32f4xx_hal_rtc.o
LOAD ./Drivers/STM32F4xx_HAL_Driver/stm32f4xx_hal_rtc_ex.o
LOAD ./Drivers/STM32F4xx_HAL_Driver/stm32f4xx_hal_uart.o
START GROUP
LOAD /Applications/STM32CubeIDE.app/Contents/Eclipse/plugins/com.st.stm32cube.ide.mcu.externaltools.gnu-tools-for-stm32.10.3-2021.10.macos64_1.0.200.202301161003/tools/bin/../lib/gcc/arm-none-eabi/10.3.1/../../../../arm-none-eabi/lib/thumb/v7e-m+fp/hard/libc_nano.a
LOAD /Applications/STM32CubeIDE.app/Contents/Eclipse/plugins/com.st.stm32cube.ide.mcu.externaltools.gnu-tools-for-stm32.10.3-2021.10.macos64_1.0.200.202301161003/tools/bin/../lib/gcc/arm-none-eabi/10.3.1/../../../../arm-none-eabi/lib/thumb/v7e-m+fp/hard/libm.a
END GROUP
START GROUP
LOAD /Applications/STM32CubeIDE.app/Contents/Eclipse/plugins/com.st.stm32cube.ide.mcu.externaltools.gnu-tools-for-stm32.10.3-2021.10.macos64_1.0.200.202301161003/tools/bin/../lib/gcc/arm-none-eabi/10.3.1/thumb/v7e-m+fp/hard/libgcc.a
LOAD /Applications/STM32CubeIDE.app/Contents/Eclipse/plugins/com.st.stm32cube.ide.mcu.externaltools.gnu-tools-for-stm32.10.3-2021.10.macos64_1.0.200.202301161003/tools/bin/../lib/gcc/arm-none-eabi/10.3.1/../../../../arm-none-eabi/lib/thumb/v7e-m+fp/hard/libc_nano.a
END GROUP
START GROUP
LOAD /Applications/STM32CubeIDE.app/Contents/Eclipse/plugins/com.st.stm32cube.ide.mcu.externaltools.gnu-tools-for-stm32.10.3-2021.10.macos64_1.0.200.202301161003/tools/bin/../lib/gcc/arm-none-eabi/10.3.1/thumb/v7e-m+fp/hard/libgcc.a
LOAD /Applications/STM32CubeIDE.app/Contents/Eclipse/plugins/com.st.stm32cube.ide.mcu.externaltools.gnu-tools-for-stm32.10.3-2021.10.macos64_1.0.200.202301161003/tools/bin/../lib/gcc/arm-none-eabi/10.3.1/../../../../arm-none-eabi/lib/thumb/v7e-m+fp/hard/libc_nano.a
LOAD /Applications/STM32CubeIDE.app/Contents/Eclipse/plugins/com.st.stm32cube.ide.mcu.externaltools.gnu-tools-for-stm32.10.3-2021.10.macos64_1.0.200.202301161003/tools/bin/../lib/gcc/arm-none-eabi/10.3.1/../../../../arm-none-eabi/lib/thumb/v7e-m+fp/hard/libnosys.a
END GROUP
START GROUP
LOAD /Applications/STM32CubeIDE.app/Contents/Eclipse/plugins/com.st.stm32cube.ide.mcu.externaltools.gnu-tools-for-stm32.10.3-2021.10.macos64_1.0.200.202301161003/tools/bin/../lib/gcc/arm-none-eabi/10.3.1/thumb/v7e-m+fp/hard/libgcc.a
LOAD /Applications/STM32CubeIDE.app/Contents/Eclipse/plugins/com.st.stm32cube.ide.mcu.externaltools.gnu-tools-for-stm32.10.3-2021.10.macos64_1.0.200.202301161003/tools/bin/../lib/gcc/arm-none-eabi/10.3.1/../../../../arm-none-eabi/lib/thumb/v7e-m+fp/hard/libc_nano.a
LOAD /Applications/STM32CubeIDE.app/Contents/Eclipse/plugins/com.st.stm32cube.ide.mcu.externaltools.gnu-tools-for-stm32.10.3-2021.10.macos64_1.0.200.202301161003/tools/bin/../lib/gcc/arm-none-eabi/10.3.1/../../../../arm-none-eabi/lib/thumb/v7e-m+fp/hard/libnosys.a
END GROUP
LOAD /Applications/STM32CubeIDE.app/Contents/Eclipse/plugins/com.st.stm32cube.ide.mcu.externaltools.gnu-tools-for-stm32.10.3-2021.10.macos64_1.0.200.202301161003/tools/bin/../lib/gcc/arm-none-eabi/10.3.1/thumb/v7e-m+fp/hard/crtend.o
LOAD /Applications/STM32CubeIDE.app/Contents/Eclipse/plugins/com.st.stm32cube.ide.mcu.externaltools.gnu-tools-for-stm32.10.3-2021.10.macos64_1.0.200.202301161003/tools/bin/../lib/gcc/arm-none-eabi/10.3.1/thumb/v7e-m+fp/hard/crtn.o
                0x000000002000c000                _estack = 0x2000c000
                0x0000000000000200                _Min_Heap_Size = 0x200
                0x0000000000000800                _Min_Stack_Size = 0x800
                0x0000000008005a00                SE_APP_GetActiveFwInfo = 0x8005a00
                0x0000000008005a48                SE_APP_SVC_Handler = 0x8005a48
                0x0000000008010000                __ICFEDIT_SWAP_start__ = 0x8010000
                0x0000000008010fff                __ICFEDIT_SWAP_end__ = 0x8010fff
                0x0000000008011000                __ICFEDIT_SLOT_Active_1_start__ = 0x8011000
                0x0000000008027fff                __ICFEDIT_SLOT_Active_1_end__ = 0x8027fff
                0x0000000008011000                __ICFEDIT_SLOT_Active_1_header__ = __ICFEDIT_SLOT_Active_1_start__
                0x0000000008028000                __ICFEDIT_SLOT_Dwl_1_start__ = 0x8028000
                0x000000000803ffff                __ICFEDIT_SLOT_Dwl_1_end__ = 0x803ffff
                0x0000000000000000                __ICFEDIT_SLOT_Active_2_header__ = 0x0
                0x0000000000000000                __ICFEDIT_SLOT_Active_2_start__ = 0x0
                0x0000000000000000                __ICFEDIT_SLOT_Active_2_end__ = 0x0
                0x0000000000000000                __ICFEDIT_SLOT_Active_3_header__ = 0x0
                0x0000000000000000                __ICFEDIT_SLOT_Active_3_start__ = 0x0
                0x0000000000000000                __ICFEDIT_SLOT_Active_3_end__ = 0x0
                0x0000000000000000                __ICFEDIT_SLOT_Dwl_2_start__ = 0x0
                0x0000000000000000                __ICFEDIT_SLOT_Dwl_2_end__ = 0x0
                0x0000000000000000                __ICFEDIT_SLOT_Dwl_3_start__ = 0x0
                0x0000000000000000                __ICFEDIT_SLOT_Dwl_3_end__ = 0x0
                0x0000000000000200                VECTOR_SIZE = 0x200
                0x0000000008000200                __ICFEDIT_SE_Code_region_ROM_start__ = (0x8000000 + VECTOR_SIZE)
                0x0000000008000200                __ICFEDIT_SE_CallGate_region_ROM_start__ = __ICFEDIT_SE_Code_region_ROM_start__
                0x00000000080003ff                __ICFEDIT_SE_CallGate_region_ROM_end__ = (__ICFEDIT_SE_Code_region_ROM_start__ + 0x1ff)
                0x0000000008000400                __ICFEDIT_SE_Key_region_ROM_start__ = (__ICFEDIT_SE_CallGate_region_ROM_end__ + 0x1)
                0x00000000080004ff                __ICFEDIT_SE_Key_region_ROM_end__ = (__ICFEDIT_SE_Key_region_ROM_start__ + 0xff)
                0x0000000008000500                __ICFEDIT_SE_Startup_region_ROM_start__ = (__ICFEDIT_SE_Key_region_ROM_end__ + 0x1)
                0x0000000008000600                __ICFEDIT_SE_Code_nokey_region_ROM_start__ = (__ICFEDIT_SE_Startup_region_ROM_start__ + 0x100)
                0x00000000080059ff                __ICFEDIT_SE_Code_region_ROM_end__ = (__ICFEDIT_SE_Startup_region_ROM_start__ + 0x54ff)
                0x0000000008005a00                __ICFEDIT_SE_IF_region_ROM_start__ = (__ICFEDIT_SE_Code_region_ROM_end__ + 0x1)
                0x00000000080061ff                __ICFEDIT_SE_IF_region_ROM_end__ = (__ICFEDIT_SE_IF_region_ROM_start__ + 0x7ff)
                0x0000000008006200                __ICFEDIT_SB_region_ROM_start__ = (__ICFEDIT_SE_IF_region_ROM_end__ + 0x1)
                0x000000000800efff                __ICFEDIT_SB_region_ROM_end__ = 0x800efff
                0x0000000000000200                SE_Entry_Secure_ROM_Region_Length = ((__ICFEDIT_SE_CallGate_region_ROM_end__ - __ICFEDIT_SE_CallGate_region_ROM_start__) + 0x1)
                0x0000000000000100                SE_Key_region_ROM_Length = ((__ICFEDIT_SE_Key_region_ROM_end__ - __ICFEDIT_SE_Key_region_ROM_start__) + 0x1)
                0x0000000000000100                SE_Startup_region_ROM_Length = (__ICFEDIT_SE_Code_nokey_region_ROM_start__ - __ICFEDIT_SE_Startup_region_ROM_start__)
                0x0000000000005400                SE_ROM_region_Length = ((__ICFEDIT_SE_Code_region_ROM_end__ - __ICFEDIT_SE_Code_nokey_region_ROM_start__) + 0x1)
                0x0000000000000800                SE_IF_region_ROM_Length = ((__ICFEDIT_SE_IF_region_ROM_end__ - __ICFEDIT_SE_IF_region_ROM_start__) + 0x1)
                0x0000000000008e00                SB_ROM_region_Length = ((__ICFEDIT_SB_region_ROM_end__ - __ICFEDIT_SB_region_ROM_start__) + 0x1)
                0x0000000020000000                __ICFEDIT_SE_region_RAM_start__ = 0x20000000
                0x0000000020000400                __ICFEDIT_SE_region_RAM_stack_top__ = 0x20000400
                0x0000000020000fff                __ICFEDIT_SE_region_RAM_end__ = 0x20000fff
                0x0000000020001000                __ICFEDIT_SB_region_RAM_start__ = (__ICFEDIT_SE_region_RAM_end__ + 0x1)
                0x000000002000bfff                __ICFEDIT_SB_region_RAM_end__ = 0x2000bfff
                0x0000000000000c00                SE_RAM_region_Length = ((__ICFEDIT_SE_region_RAM_end__ - __ICFEDIT_SE_region_RAM_stack_top__) + 0x1)
                0x000000000000b000                SB_RAM_region_Length = ((__ICFEDIT_SB_region_RAM_end__ - __ICFEDIT_SB_region_RAM_start__) + 0x1)
                0x0000000008011200                __ICFEDIT_intvec_start__ = (__ICFEDIT_SLOT_Active_1_start__ + 0x200)
                0x0000000008011400                APPLI_region_ROM_start = ((__ICFEDIT_SLOT_Active_1_start__ + VECTOR_SIZE) + 0x200)
                0x0000000000016c00                APPLI_region_ROM_length = ((__ICFEDIT_SLOT_Active_1_end__ - APPLI_region_ROM_start) + 0x1)
                0x0000000020001000                APPLI_region_RAM_start = (__ICFEDIT_SE_region_RAM_end__ + 0x1)
                0x000000000000b000                APPLI_region_RAM_length = (0x2000c000 - APPLI_region_RAM_start)

.isr_vector     0x0000000008011200      0x200
                0x0000000008011200                . = ALIGN (0x8)
 *(.isr_vector)
 .isr_vector    0x0000000008011200      0x1d8 ./Application/Startup/startup_stm32f413xx.o
                0x0000000008011200                g_pfnVectors
 FILL mask 0x00000000
                0x00000000080113ff                . = ((ORIGIN (ISR_VECTOR) + LENGTH (ISR_VECTOR)) - 0x1)
 *fill*         0x00000000080113d8       0x27 00000000
                0x00000000080113ff        0x1 BYTE 0x0
                0x0000000008011400                . = ALIGN (0x8)

.SE_IF_Code
 *se_interface_app.o(.text .text*)

.text           0x0000000008011400     0x38d8
                0x0000000008011400                . = ALIGN (0x8)
 *(.text)
 .text          0x0000000008011400       0x40 /Applications/STM32CubeIDE.app/Contents/Eclipse/plugins/com.st.stm32cube.ide.mcu.externaltools.gnu-tools-for-stm32.10.3-2021.10.macos64_1.0.200.202301161003/tools/bin/../lib/gcc/arm-none-eabi/10.3.1/thumb/v7e-m+fp/hard/crtbegin.o
 .text          0x0000000008011440        0x8 ./Application/Startup/svc_handler.o
                0x0000000008011440                SVC_Handler
 *fill*         0x0000000008011448        0x8 
 .text          0x0000000008011450       0xa0 /Applications/STM32CubeIDE.app/Contents/Eclipse/plugins/com.st.stm32cube.ide.mcu.externaltools.gnu-tools-for-stm32.10.3-2021.10.macos64_1.0.200.202301161003/tools/bin/../lib/gcc/arm-none-eabi/10.3.1/../../../../arm-none-eabi/lib/thumb/v7e-m+fp/hard/libc_nano.a(lib_a-memchr.o)
                0x0000000008011450                memchr
 .text          0x00000000080114f0       0x30 /Applications/STM32CubeIDE.app/Contents/Eclipse/plugins/com.st.stm32cube.ide.mcu.externaltools.gnu-tools-for-stm32.10.3-2021.10.macos64_1.0.200.202301161003/tools/bin/../lib/gcc/arm-none-eabi/10.3.1/thumb/v7e-m+fp/hard/libgcc.a(_aeabi_uldivmod.o)
                0x00000000080114f0                __aeabi_uldivmod
 .text          0x0000000008011520      0x2d0 /Applications/STM32CubeIDE.app/Contents/Eclipse/plugins/com.st.stm32cube.ide.mcu.externaltools.gnu-tools-for-stm32.10.3-2021.10.macos64_1.0.200.202301161003/tools/bin/../lib/gcc/arm-none-eabi/10.3.1/thumb/v7e-m+fp/hard/libgcc.a(_udivmoddi4.o)
                0x0000000008011520                __udivmoddi4
 .text          0x00000000080117f0        0x4 /Applications/STM32CubeIDE.app/Contents/Eclipse/plugins/com.st.stm32cube.ide.mcu.externaltools.gnu-tools-for-stm32.10.3-2021.10.macos64_1.0.200.202301161003/tools/bin/../lib/gcc/arm-none-eabi/10.3.1/thumb/v7e-m+fp/hard/libgcc.a(_dvmd_tls.o)
                0x00000000080117f0                __aeabi_ldiv0
                0x00000000080117f0                __aeabi_idiv0
 *(.text*)
 .text.SFU_APP_InstallAtNextReset
                0x00000000080117f4       0x34 ./Application/SFU_Services/sfu_app_new_image.o
                0x00000000080117f4                SFU_APP_InstallAtNextReset
 .text.SFU_APP_GetDownloadAreaInfo
                0x0000000008011828       0x24 ./Application/SFU_Services/sfu_app_new_image.o
                0x0000000008011828                SFU_APP_GetDownloadAreaInfo
 .text.Reset_Handler
                0x000000000801184c       0x50 ./Application/Startup/startup_stm32f413xx.o
                0x000000000801184c                Reset_Handler
 .text.Default_Handler
                0x000000000801189c        0x2 ./Application/Startup/startup_stm32f413xx.o
                0x000000000801189c                DMA1_Stream3_IRQHandler
                0x000000000801189c                EXTI2_IRQHandler
                0x000000000801189c                TIM8_CC_IRQHandler
                0x000000000801189c                UART8_IRQHandler
                0x000000000801189c                FMPI2C1_EV_IRQHandler
                0x000000000801189c                SPI4_IRQHandler
                0x000000000801189c                TIM1_CC_IRQHandler
                0x000000000801189c                DMA2_Stream5_IRQHandler
                0x000000000801189c                DMA1_Stream5_IRQHandler
                0x000000000801189c                CAN3_RX1_IRQHandler
                0x000000000801189c                PVD_IRQHandler
                0x000000000801189c                SDIO_IRQHandler
                0x000000000801189c                CAN2_RX1_IRQHandler
                0x000000000801189c                EXTI3_IRQHandler
                0x000000000801189c                TIM8_TRG_COM_TIM14_IRQHandler
                0x000000000801189c                DFSDM1_FLT1_IRQHandler
                0x000000000801189c                TIM1_UP_TIM10_IRQHandler
                0x000000000801189c                TIM8_UP_TIM13_IRQHandler
                0x000000000801189c                I2C3_ER_IRQHandler
                0x000000000801189c                EXTI0_IRQHandler
                0x000000000801189c                I2C2_EV_IRQHandler
                0x000000000801189c                DMA1_Stream2_IRQHandler
                0x000000000801189c                CAN1_RX0_IRQHandler
                0x000000000801189c                FPU_IRQHandler
                0x000000000801189c                CAN3_SCE_IRQHandler
                0x000000000801189c                CAN2_SCE_IRQHandler
                0x000000000801189c                DMA2_Stream2_IRQHandler
                0x000000000801189c                SPI1_IRQHandler
                0x000000000801189c                TIM6_DAC_IRQHandler
                0x000000000801189c                TIM1_BRK_TIM9_IRQHandler
                0x000000000801189c                CAN2_RX0_IRQHandler
                0x000000000801189c                DMA2_Stream3_IRQHandler
                0x000000000801189c                USART6_IRQHandler
                0x000000000801189c                CAN3_RX0_IRQHandler
                0x000000000801189c                USART3_IRQHandler
                0x000000000801189c                DFSDM2_FLT3_IRQHandler
                0x000000000801189c                CAN1_RX1_IRQHandler
                0x000000000801189c                UART5_IRQHandler
                0x000000000801189c                DMA2_Stream0_IRQHandler
                0x000000000801189c                TIM4_IRQHandler
                0x000000000801189c                QUADSPI_IRQHandler
                0x000000000801189c                I2C1_EV_IRQHandler
                0x000000000801189c                DMA1_Stream6_IRQHandler
                0x000000000801189c                DMA1_Stream1_IRQHandler
                0x000000000801189c                UART4_IRQHandler
                0x000000000801189c                TIM3_IRQHandler
                0x000000000801189c                RCC_IRQHandler
                0x000000000801189c                UART9_IRQHandler
                0x000000000801189c                TIM8_BRK_TIM12_IRQHandler
                0x000000000801189c                Default_Handler
                0x000000000801189c                EXTI15_10_IRQHandler
                0x000000000801189c                ADC_IRQHandler
                0x000000000801189c                DMA1_Stream7_IRQHandler
                0x000000000801189c                DFSDM2_FLT0_IRQHandler
                0x000000000801189c                SPI5_IRQHandler
                0x000000000801189c                TIM7_IRQHandler
                0x000000000801189c                CAN2_TX_IRQHandler
                0x000000000801189c                TIM5_IRQHandler
                0x000000000801189c                DMA2_Stream7_IRQHandler
                0x000000000801189c                I2C3_EV_IRQHandler
                0x000000000801189c                DFSDM2_FLT2_IRQHandler
                0x000000000801189c                EXTI9_5_IRQHandler
                0x000000000801189c                RTC_WKUP_IRQHandler
                0x000000000801189c                SPI2_IRQHandler
                0x000000000801189c                DMA1_Stream0_IRQHandler
                0x000000000801189c                CAN1_TX_IRQHandler
                0x000000000801189c                FMPI2C1_ER_IRQHandler
                0x000000000801189c                EXTI4_IRQHandler
                0x000000000801189c                DFSDM2_FLT1_IRQHandler
                0x000000000801189c                RNG_IRQHandler
                0x000000000801189c                FSMC_IRQHandler
                0x000000000801189c                WWDG_IRQHandler
                0x000000000801189c                CAN3_TX_IRQHandler
                0x000000000801189c                TIM2_IRQHandler
                0x000000000801189c                OTG_FS_WKUP_IRQHandler
                0x000000000801189c                TIM1_TRG_COM_TIM11_IRQHandler
                0x000000000801189c                EXTI1_IRQHandler
                0x000000000801189c                UART7_IRQHandler
                0x000000000801189c                USART2_IRQHandler
                0x000000000801189c                DFSDM1_FLT0_IRQHandler
                0x000000000801189c                I2C2_ER_IRQHandler
                0x000000000801189c                DMA2_Stream1_IRQHandler
                0x000000000801189c                CAN1_SCE_IRQHandler
                0x000000000801189c                DMA2_Stream4_IRQHandler
                0x000000000801189c                USART1_IRQHandler
                0x000000000801189c                OTG_FS_IRQHandler
                0x000000000801189c                SPI3_IRQHandler
                0x000000000801189c                DMA1_Stream4_IRQHandler
                0x000000000801189c                I2C1_ER_IRQHandler
                0x000000000801189c                LPTIM1_IRQHandler
                0x000000000801189c                DMA2_Stream6_IRQHandler
                0x000000000801189c                UART10_IRQHandler
                0x000000000801189c                SAI1_IRQHandler
                0x000000000801189c                RTC_Alarm_IRQHandler
 *fill*         0x000000000801189e        0x2 
 .text.COM_Init
                0x00000000080118a0       0x40 ./Application/User/com.o
                0x00000000080118a0                COM_Init
 .text.HAL_UART_MspInit
                0x00000000080118e0       0x8c ./Application/User/com.o
                0x00000000080118e0                HAL_UART_MspInit
 .text.COM_Transmit
                0x000000000801196c       0x10 ./Application/User/com.o
                0x000000000801196c                COM_Transmit
 .text.COM_Receive
                0x000000000801197c       0x10 ./Application/User/com.o
                0x000000000801197c                COM_Receive
 .text.COM_Flush
                0x000000000801198c       0x10 ./Application/User/com.o
                0x000000000801198c                COM_Flush
 .text.__io_putchar
                0x000000000801199c       0x20 ./Application/User/com.o
                0x000000000801199c                __io_putchar
 .text.Str2Int  0x00000000080119bc       0xa4 ./Application/User/common.o
                0x00000000080119bc                Str2Int
 .text.Serial_PutByte
                0x0000000008011a60       0x18 ./Application/User/common.o
                0x0000000008011a60                Serial_PutByte
 .text.FLASH_INT_If_Clear_Error
                0x0000000008011a78       0x30 ./Application/User/flash_if.o
 .text.FLASH_If_Init
                0x0000000008011aa8        0x4 ./Application/User/flash_if.o
                0x0000000008011aa8                FLASH_If_Init
 .text.FLASH_If_Read
                0x0000000008011aac       0x14 ./Application/User/flash_if.o
                0x0000000008011aac                FLASH_If_Read
 .text.FLASH_INT_If_Erase_Size
                0x0000000008011ac0       0x90 ./Application/User/flash_if.o
                0x0000000008011ac0                FLASH_INT_If_Erase_Size
 .text.FLASH_If_Erase_Size
                0x0000000008011b50        0xe ./Application/User/flash_if.o
                0x0000000008011b50                FLASH_If_Erase_Size
 .text.FLASH_INT_If_Write
                0x0000000008011b5e       0x4a ./Application/User/flash_if.o
                0x0000000008011b5e                FLASH_INT_If_Write
 .text.FLASH_If_Write
                0x0000000008011ba8        0xe ./Application/User/flash_if.o
                0x0000000008011ba8                FLASH_If_Write
 *fill*         0x0000000008011bb6        0x2 
 .text.Ymodem_HeaderPktRxCpltCallback
                0x0000000008011bb8       0x24 ./Application/User/fw_update_app.o
                0x0000000008011bb8                Ymodem_HeaderPktRxCpltCallback
 .text.Ymodem_DataPktRxCpltCallback
                0x0000000008011bdc      0x12c ./Application/User/fw_update_app.o
                0x0000000008011bdc                Ymodem_DataPktRxCpltCallback
 .text.FW_UPDATE_Run
                0x0000000008011d08       0xd8 ./Application/User/fw_update_app.o
                0x0000000008011d08                FW_UPDATE_Run
 .text.FW_UPDATE_MULTIPLE_RunMenu
                0x0000000008011de0       0x58 ./Application/User/fw_update_app.o
                0x0000000008011de0                FW_UPDATE_MULTIPLE_RunMenu
 .text.FW_VALIDATE_RunMenu
                0x0000000008011e38        0xc ./Application/User/fw_update_app.o
                0x0000000008011e38                FW_VALIDATE_RunMenu
 .text.FW_APP_PrintMainMenu
                0x0000000008011e44       0x4c ./Application/User/main.o
                0x0000000008011e44                FW_APP_PrintMainMenu
 .text.FW_APP_Run
                0x0000000008011e90       0x78 ./Application/User/main.o
                0x0000000008011e90                FW_APP_Run
 .text.startup.main
                0x0000000008011f08      0x130 ./Application/User/main.o
                0x0000000008011f08                main
 .text.SVC_NVIC_SystemReset
                0x0000000008012038        0x8 ./Application/User/mpu.o
                0x0000000008012038                SVC_NVIC_SystemReset
 .text.SVC_MPU_Disable
                0x0000000008012040        0x8 ./Application/User/mpu.o
                0x0000000008012040                SVC_MPU_Disable
 .text.HAL_APP_SVC_Handler
                0x0000000008012048        0xe ./Application/User/mpu.o
                0x0000000008012048                HAL_APP_SVC_Handler
 .text.MPU_SVC_Handler
                0x0000000008012056       0x16 ./Application/User/mpu.o
                0x0000000008012056                MPU_SVC_Handler
 .text.MPU_EnterUnprivilegedMode
                0x000000000801206c       0x24 ./Application/User/mpu.o
                0x000000000801206c                MPU_EnterUnprivilegedMode
 .text.SE_USER_CODE_PrintMenu
                0x0000000008012090       0x44 ./Application/User/se_user_code.o
 .text.SE_USER_CODE_RunMenu
                0x00000000080120d4       0xe0 ./Application/User/se_user_code.o
                0x00000000080120d4                SE_USER_CODE_RunMenu
 .text.NMI_Handler
                0x00000000080121b4        0x2 ./Application/User/stm32f4xx_it.o
                0x00000000080121b4                NMI_Handler
 .text.HardFault_Handler
                0x00000000080121b6        0x2 ./Application/User/stm32f4xx_it.o
                0x00000000080121b6                HardFault_Handler
 .text.MemManage_Handler
                0x00000000080121b8        0x4 ./Application/User/stm32f4xx_it.o
                0x00000000080121b8                MemManage_Handler
 .text.BusFault_Handler
                0x00000000080121bc        0x2 ./Application/User/stm32f4xx_it.o
                0x00000000080121bc                BusFault_Handler
 .text.UsageFault_Handler
                0x00000000080121be        0x2 ./Application/User/stm32f4xx_it.o
                0x00000000080121be                UsageFault_Handler
 .text.DebugMon_Handler
                0x00000000080121c0        0x2 ./Application/User/stm32f4xx_it.o
                0x00000000080121c0                DebugMon_Handler
 .text.PendSV_Handler
                0x00000000080121c2        0x2 ./Application/User/stm32f4xx_it.o
                0x00000000080121c2                PendSV_Handler
 .text.SysTick_Handler
                0x00000000080121c4        0x4 ./Application/User/stm32f4xx_it.o
                0x00000000080121c4                SysTick_Handler
 .text.FLASH_IRQHandler
                0x00000000080121c8        0x4 ./Application/User/stm32f4xx_it.o
                0x00000000080121c8                FLASH_IRQHandler
 .text.TAMP_STAMP_IRQHandler
                0x00000000080121cc       0x14 ./Application/User/stm32f4xx_it.o
                0x00000000080121cc                TAMP_STAMP_IRQHandler
 .text._read    0x00000000080121e0       0x1c ./Application/User/syscalls.o
                0x00000000080121e0                _read
 .text._write   0x00000000080121fc       0x1c ./Application/User/syscalls.o
                0x00000000080121fc                _write
 .text._sbrk    0x0000000008012218       0x34 ./Application/User/syscalls.o
                0x0000000008012218                _sbrk
 .text._close   0x000000000801224c        0x6 ./Application/User/syscalls.o
                0x000000000801224c                _close
 .text._fstat   0x0000000008012252        0xa ./Application/User/syscalls.o
                0x0000000008012252                _fstat
 .text._isatty  0x000000000801225c        0x4 ./Application/User/syscalls.o
                0x000000000801225c                _isatty
 .text._lseek   0x0000000008012260        0x4 ./Application/User/syscalls.o
                0x0000000008012260                _lseek
 .text.TEST_PROTECTIONS_CORRUPT_PrintMenu
                0x0000000008012264       0x44 ./Application/User/test_protections.o
 .text.TEST_PROTECTIONS_PrintTestingMenu
                0x00000000080122a8       0x6c ./Application/User/test_protections.o
 .text.TEST_PROTECTIONS_RunMenu
                0x0000000008012314      0x2e4 ./Application/User/test_protections.o
                0x0000000008012314                TEST_PROTECTIONS_RunMenu
 .text.HAL_RTCEx_Tamper1EventCallback
                0x00000000080125f8       0x10 ./Application/User/test_protections.o
                0x00000000080125f8                HAL_RTCEx_Tamper1EventCallback
 .text.Ymodem_Init
                0x0000000008012608        0x2 ./Application/User/ymodem.o
                0x0000000008012608                Ymodem_Init
 *fill*         0x000000000801260a        0x2 
 .text.Ymodem_Receive
                0x000000000801260c      0x2c4 ./Application/User/ymodem.o
                0x000000000801260c                Ymodem_Receive
 .text.BSP_LED_Init
                0x00000000080128d0       0x6c ./Drivers/BSP/STM32F413H-Discovery/stm32f413h_discovery.o
                0x00000000080128d0                BSP_LED_Init
 .text.BSP_LED_Toggle
                0x000000000801293c       0x18 ./Drivers/BSP/STM32F413H-Discovery/stm32f413h_discovery.o
                0x000000000801293c                BSP_LED_Toggle
 .text.BSP_PB_Init
                0x0000000008012954       0x7c ./Drivers/BSP/STM32F413H-Discovery/stm32f413h_discovery.o
                0x0000000008012954                BSP_PB_Init
 .text.SystemInit
                0x00000000080129d0       0x4c ./Drivers/CMSIS/system_stm32f4xx.o
                0x00000000080129d0                SystemInit
 .text.HAL_MspInit
                0x0000000008012a1c        0x2 ./Drivers/STM32F4xx_HAL_Driver/stm32f4xx_hal.o
                0x0000000008012a1c                HAL_MspInit
 *fill*         0x0000000008012a1e        0x2 
 .text.HAL_InitTick
                0x0000000008012a20       0x44 ./Drivers/STM32F4xx_HAL_Driver/stm32f4xx_hal.o
                0x0000000008012a20                HAL_InitTick
 .text.HAL_Init
                0x0000000008012a64       0x34 ./Drivers/STM32F4xx_HAL_Driver/stm32f4xx_hal.o
                0x0000000008012a64                HAL_Init
 .text.HAL_IncTick
                0x0000000008012a98       0x18 ./Drivers/STM32F4xx_HAL_Driver/stm32f4xx_hal.o
                0x0000000008012a98                HAL_IncTick
 .text.HAL_GetTick
                0x0000000008012ab0        0xc ./Drivers/STM32F4xx_HAL_Driver/stm32f4xx_hal.o
                0x0000000008012ab0                HAL_GetTick
 .text.HAL_Delay
                0x0000000008012abc       0x28 ./Drivers/STM32F4xx_HAL_Driver/stm32f4xx_hal.o
                0x0000000008012abc                HAL_Delay
 .text.HAL_NVIC_SetPriorityGrouping
                0x0000000008012ae4       0x24 ./Drivers/STM32F4xx_HAL_Driver/stm32f4xx_hal_cortex.o
                0x0000000008012ae4                HAL_NVIC_SetPriorityGrouping
 .text.HAL_NVIC_SetPriority
                0x0000000008012b08       0x64 ./Drivers/STM32F4xx_HAL_Driver/stm32f4xx_hal_cortex.o
                0x0000000008012b08                HAL_NVIC_SetPriority
 .text.HAL_NVIC_EnableIRQ
                0x0000000008012b6c       0x1c ./Drivers/STM32F4xx_HAL_Driver/stm32f4xx_hal_cortex.o
                0x0000000008012b6c                HAL_NVIC_EnableIRQ
 .text.HAL_NVIC_SystemReset
                0x0000000008012b88       0x24 ./Drivers/STM32F4xx_HAL_Driver/stm32f4xx_hal_cortex.o
                0x0000000008012b88                HAL_NVIC_SystemReset
 .text.HAL_SYSTICK_Config
                0x0000000008012bac       0x28 ./Drivers/STM32F4xx_HAL_Driver/stm32f4xx_hal_cortex.o
                0x0000000008012bac                HAL_SYSTICK_Config
 .text.HAL_MPU_Disable
                0x0000000008012bd4       0x1c ./Drivers/STM32F4xx_HAL_Driver/stm32f4xx_hal_cortex.o
                0x0000000008012bd4                HAL_MPU_Disable
 .text.FLASH_Program_DoubleWord
                0x0000000008012bf0       0x2c ./Drivers/STM32F4xx_HAL_Driver/stm32f4xx_hal_flash.o
 .text.FLASH_Program_Word
                0x0000000008012c1c       0x24 ./Drivers/STM32F4xx_HAL_Driver/stm32f4xx_hal_flash.o
 .text.FLASH_Program_HalfWord
                0x0000000008012c40       0x24 ./Drivers/STM32F4xx_HAL_Driver/stm32f4xx_hal_flash.o
 .text.FLASH_SetErrorCode
                0x0000000008012c64       0x8c ./Drivers/STM32F4xx_HAL_Driver/stm32f4xx_hal_flash.o
 .text.HAL_FLASH_EndOfOperationCallback
                0x0000000008012cf0        0x2 ./Drivers/STM32F4xx_HAL_Driver/stm32f4xx_hal_flash.o
                0x0000000008012cf0                HAL_FLASH_EndOfOperationCallback
 .text.HAL_FLASH_OperationErrorCallback
                0x0000000008012cf2        0x2 ./Drivers/STM32F4xx_HAL_Driver/stm32f4xx_hal_flash.o
                0x0000000008012cf2                HAL_FLASH_OperationErrorCallback
 .text.HAL_FLASH_IRQHandler
                0x0000000008012cf4       0xc4 ./Drivers/STM32F4xx_HAL_Driver/stm32f4xx_hal_flash.o
                0x0000000008012cf4                HAL_FLASH_IRQHandler
 .text.HAL_FLASH_Unlock
                0x0000000008012db8       0x24 ./Drivers/STM32F4xx_HAL_Driver/stm32f4xx_hal_flash.o
                0x0000000008012db8                HAL_FLASH_Unlock
 .text.HAL_FLASH_Lock
                0x0000000008012ddc       0x14 ./Drivers/STM32F4xx_HAL_Driver/stm32f4xx_hal_flash.o
                0x0000000008012ddc                HAL_FLASH_Lock
 .text.HAL_FLASH_GetError
                0x0000000008012df0        0xc ./Drivers/STM32F4xx_HAL_Driver/stm32f4xx_hal_flash.o
                0x0000000008012df0                HAL_FLASH_GetError
 .text.FLASH_WaitForLastOperation
                0x0000000008012dfc       0x50 ./Drivers/STM32F4xx_HAL_Driver/stm32f4xx_hal_flash.o
                0x0000000008012dfc                FLASH_WaitForLastOperation
 .text.HAL_FLASH_Program
                0x0000000008012e4c       0x8c ./Drivers/STM32F4xx_HAL_Driver/stm32f4xx_hal_flash.o
                0x0000000008012e4c                HAL_FLASH_Program
 .text.FLASH_MassErase.constprop.0
                0x0000000008012ed8       0x24 ./Drivers/STM32F4xx_HAL_Driver/stm32f4xx_hal_flash_ex.o
 .text.FLASH_Erase_Sector
                0x0000000008012efc       0x4c ./Drivers/STM32F4xx_HAL_Driver/stm32f4xx_hal_flash_ex.o
                0x0000000008012efc                FLASH_Erase_Sector
 .text.FLASH_FlushCaches
                0x0000000008012f48       0x58 ./Drivers/STM32F4xx_HAL_Driver/stm32f4xx_hal_flash_ex.o
                0x0000000008012f48                FLASH_FlushCaches
 .text.HAL_FLASHEx_Erase
                0x0000000008012fa0       0xa0 ./Drivers/STM32F4xx_HAL_Driver/stm32f4xx_hal_flash_ex.o
                0x0000000008012fa0                HAL_FLASHEx_Erase
 .text.HAL_GPIO_Init
                0x0000000008013040      0x1a8 ./Drivers/STM32F4xx_HAL_Driver/stm32f4xx_hal_gpio.o
                0x0000000008013040                HAL_GPIO_Init
 .text.HAL_GPIO_TogglePin
                0x00000000080131e8       0x12 ./Drivers/STM32F4xx_HAL_Driver/stm32f4xx_hal_gpio.o
                0x00000000080131e8                HAL_GPIO_TogglePin
 *fill*         0x00000000080131fa        0x2 
 .text.HAL_RCC_GetSysClockFreq
                0x00000000080131fc       0x5c ./Drivers/STM32F4xx_HAL_Driver/stm32f4xx_hal_rcc.o
                0x00000000080131fc                HAL_RCC_GetSysClockFreq
 .text.HAL_RCC_ClockConfig
                0x0000000008013258      0x138 ./Drivers/STM32F4xx_HAL_Driver/stm32f4xx_hal_rcc.o
                0x0000000008013258                HAL_RCC_ClockConfig
 .text.HAL_RCC_GetPCLK1Freq
                0x0000000008013390       0x20 ./Drivers/STM32F4xx_HAL_Driver/stm32f4xx_hal_rcc.o
                0x0000000008013390                HAL_RCC_GetPCLK1Freq
 .text.HAL_RCC_GetPCLK2Freq
                0x00000000080133b0       0x20 ./Drivers/STM32F4xx_HAL_Driver/stm32f4xx_hal_rcc.o
                0x00000000080133b0                HAL_RCC_GetPCLK2Freq
 .text.HAL_RCC_OscConfig
                0x00000000080133d0      0x374 ./Drivers/STM32F4xx_HAL_Driver/stm32f4xx_hal_rcc_ex.o
                0x00000000080133d0                HAL_RCC_OscConfig
 .text.HAL_RTCEx_TimeStampEventCallback
                0x0000000008013744        0x2 ./Drivers/STM32F4xx_HAL_Driver/stm32f4xx_hal_rtc_ex.o
                0x0000000008013744                HAL_RTCEx_TimeStampEventCallback
 .text.HAL_RTCEx_Tamper2EventCallback
                0x0000000008013746        0x2 ./Drivers/STM32F4xx_HAL_Driver/stm32f4xx_hal_rtc_ex.o
                0x0000000008013746                HAL_RTCEx_Tamper2EventCallback
 .text.HAL_RTCEx_TamperTimeStampIRQHandler
                0x0000000008013748       0x74 ./Drivers/STM32F4xx_HAL_Driver/stm32f4xx_hal_rtc_ex.o
                0x0000000008013748                HAL_RTCEx_TamperTimeStampIRQHandler
 .text.UART_SetConfig
                0x00000000080137bc       0xcc ./Drivers/STM32F4xx_HAL_Driver/stm32f4xx_hal_uart.o
 .text.UART_WaitOnFlagUntilTimeout.constprop.0
                0x0000000008013888       0x50 ./Drivers/STM32F4xx_HAL_Driver/stm32f4xx_hal_uart.o
 .text.HAL_UART_Init
                0x00000000080138d8       0x5c ./Drivers/STM32F4xx_HAL_Driver/stm32f4xx_hal_uart.o
                0x00000000080138d8                HAL_UART_Init
 .text.HAL_UART_Transmit
                0x0000000008013934       0xaa ./Drivers/STM32F4xx_HAL_Driver/stm32f4xx_hal_uart.o
                0x0000000008013934                HAL_UART_Transmit
 .text.HAL_UART_Receive
                0x00000000080139de       0xb8 ./Drivers/STM32F4xx_HAL_Driver/stm32f4xx_hal_uart.o
                0x00000000080139de                HAL_UART_Receive
 *fill*         0x0000000008013a96        0x2 
 .text.__errno  0x0000000008013a98        0xc /Applications/STM32CubeIDE.app/Contents/Eclipse/plugins/com.st.stm32cube.ide.mcu.externaltools.gnu-tools-for-stm32.10.3-2021.10.macos64_1.0.200.202301161003/tools/bin/../lib/gcc/arm-none-eabi/10.3.1/../../../../arm-none-eabi/lib/thumb/v7e-m+fp/hard/libc_nano.a(lib_a-errno.o)
                0x0000000008013a98                __errno
 .text.__libc_init_array
                0x0000000008013aa4       0x48 /Applications/STM32CubeIDE.app/Contents/Eclipse/plugins/com.st.stm32cube.ide.mcu.externaltools.gnu-tools-for-stm32.10.3-2021.10.macos64_1.0.200.202301161003/tools/bin/../lib/gcc/arm-none-eabi/10.3.1/../../../../arm-none-eabi/lib/thumb/v7e-m+fp/hard/libc_nano.a(lib_a-init.o)
                0x0000000008013aa4                __libc_init_array
 .text.memcpy   0x0000000008013aec       0x1c /Applications/STM32CubeIDE.app/Contents/Eclipse/plugins/com.st.stm32cube.ide.mcu.externaltools.gnu-tools-for-stm32.10.3-2021.10.macos64_1.0.200.202301161003/tools/bin/../lib/gcc/arm-none-eabi/10.3.1/../../../../arm-none-eabi/lib/thumb/v7e-m+fp/hard/libc_nano.a(lib_a-memcpy-stub.o)
                0x0000000008013aec                memcpy
 .text.memset   0x0000000008013b08       0x10 /Applications/STM32CubeIDE.app/Contents/Eclipse/plugins/com.st.stm32cube.ide.mcu.externaltools.gnu-tools-for-stm32.10.3-2021.10.macos64_1.0.200.202301161003/tools/bin/../lib/gcc/arm-none-eabi/10.3.1/../../../../arm-none-eabi/lib/thumb/v7e-m+fp/hard/libc_nano.a(lib_a-memset.o)
                0x0000000008013b08                memset
 .text.printf   0x0000000008013b18       0x30 /Applications/STM32CubeIDE.app/Contents/Eclipse/plugins/com.st.stm32cube.ide.mcu.externaltools.gnu-tools-for-stm32.10.3-2021.10.macos64_1.0.200.202301161003/tools/bin/../lib/gcc/arm-none-eabi/10.3.1/../../../../arm-none-eabi/lib/thumb/v7e-m+fp/hard/libc_nano.a(lib_a-printf.o)
                0x0000000008013b18                printf
                0x0000000008013b18                iprintf
 .text._puts_r  0x0000000008013b48       0xdc /Applications/STM32CubeIDE.app/Contents/Eclipse/plugins/com.st.stm32cube.ide.mcu.externaltools.gnu-tools-for-stm32.10.3-2021.10.macos64_1.0.200.202301161003/tools/bin/../lib/gcc/arm-none-eabi/10.3.1/../../../../arm-none-eabi/lib/thumb/v7e-m+fp/hard/libc_nano.a(lib_a-puts.o)
                0x0000000008013b48                _puts_r
 .text.puts     0x0000000008013c24       0x10 /Applications/STM32CubeIDE.app/Contents/Eclipse/plugins/com.st.stm32cube.ide.mcu.externaltools.gnu-tools-for-stm32.10.3-2021.10.macos64_1.0.200.202301161003/tools/bin/../lib/gcc/arm-none-eabi/10.3.1/../../../../arm-none-eabi/lib/thumb/v7e-m+fp/hard/libc_nano.a(lib_a-puts.o)
                0x0000000008013c24                puts
 .text.setvbuf  0x0000000008013c34      0x18c /Applications/STM32CubeIDE.app/Contents/Eclipse/plugins/com.st.stm32cube.ide.mcu.externaltools.gnu-tools-for-stm32.10.3-2021.10.macos64_1.0.200.202301161003/tools/bin/../lib/gcc/arm-none-eabi/10.3.1/../../../../arm-none-eabi/lib/thumb/v7e-m+fp/hard/libc_nano.a(lib_a-setvbuf.o)
                0x0000000008013c34                setvbuf
 .text.__swbuf_r
                0x0000000008013dc0       0xa4 /Applications/STM32CubeIDE.app/Contents/Eclipse/plugins/com.st.stm32cube.ide.mcu.externaltools.gnu-tools-for-stm32.10.3-2021.10.macos64_1.0.200.202301161003/tools/bin/../lib/gcc/arm-none-eabi/10.3.1/../../../../arm-none-eabi/lib/thumb/v7e-m+fp/hard/libc_nano.a(lib_a-wbuf.o)
                0x0000000008013dc0                __swbuf_r
 .text.__swsetup_r
                0x0000000008013e64       0xdc /Applications/STM32CubeIDE.app/Contents/Eclipse/plugins/com.st.stm32cube.ide.mcu.externaltools.gnu-tools-for-stm32.10.3-2021.10.macos64_1.0.200.202301161003/tools/bin/../lib/gcc/arm-none-eabi/10.3.1/../../../../arm-none-eabi/lib/thumb/v7e-m+fp/hard/libc_nano.a(lib_a-wsetup.o)
                0x0000000008013e64                __swsetup_r
 .text.__sflush_r
                0x0000000008013f40      0x10c /Applications/STM32CubeIDE.app/Contents/Eclipse/plugins/com.st.stm32cube.ide.mcu.externaltools.gnu-tools-for-stm32.10.3-2021.10.macos64_1.0.200.202301161003/tools/bin/../lib/gcc/arm-none-eabi/10.3.1/../../../../arm-none-eabi/lib/thumb/v7e-m+fp/hard/libc_nano.a(lib_a-fflush.o)
                0x0000000008013f40                __sflush_r
 .text._fflush_r
                0x000000000801404c       0x78 /Applications/STM32CubeIDE.app/Contents/Eclipse/plugins/com.st.stm32cube.ide.mcu.externaltools.gnu-tools-for-stm32.10.3-2021.10.macos64_1.0.200.202301161003/tools/bin/../lib/gcc/arm-none-eabi/10.3.1/../../../../arm-none-eabi/lib/thumb/v7e-m+fp/hard/libc_nano.a(lib_a-fflush.o)
                0x000000000801404c                _fflush_r
 .text.std      0x00000000080140c4       0x48 /Applications/STM32CubeIDE.app/Contents/Eclipse/plugins/com.st.stm32cube.ide.mcu.externaltools.gnu-tools-for-stm32.10.3-2021.10.macos64_1.0.200.202301161003/tools/bin/../lib/gcc/arm-none-eabi/10.3.1/../../../../arm-none-eabi/lib/thumb/v7e-m+fp/hard/libc_nano.a(lib_a-findfp.o)
 .text._cleanup_r
                0x000000000801410c        0xc /Applications/STM32CubeIDE.app/Contents/Eclipse/plugins/com.st.stm32cube.ide.mcu.externaltools.gnu-tools-for-stm32.10.3-2021.10.macos64_1.0.200.202301161003/tools/bin/../lib/gcc/arm-none-eabi/10.3.1/../../../../arm-none-eabi/lib/thumb/v7e-m+fp/hard/libc_nano.a(lib_a-findfp.o)
                0x000000000801410c                _cleanup_r
 .text.__sfmoreglue
                0x0000000008014118       0x2c /Applications/STM32CubeIDE.app/Contents/Eclipse/plugins/com.st.stm32cube.ide.mcu.externaltools.gnu-tools-for-stm32.10.3-2021.10.macos64_1.0.200.202301161003/tools/bin/../lib/gcc/arm-none-eabi/10.3.1/../../../../arm-none-eabi/lib/thumb/v7e-m+fp/hard/libc_nano.a(lib_a-findfp.o)
                0x0000000008014118                __sfmoreglue
 .text.__sfp_lock_acquire
                0x0000000008014144        0xc /Applications/STM32CubeIDE.app/Contents/Eclipse/plugins/com.st.stm32cube.ide.mcu.externaltools.gnu-tools-for-stm32.10.3-2021.10.macos64_1.0.200.202301161003/tools/bin/../lib/gcc/arm-none-eabi/10.3.1/../../../../arm-none-eabi/lib/thumb/v7e-m+fp/hard/libc_nano.a(lib_a-findfp.o)
                0x0000000008014144                __sfp_lock_acquire
 .text.__sfp_lock_release
                0x0000000008014150        0xc /Applications/STM32CubeIDE.app/Contents/Eclipse/plugins/com.st.stm32cube.ide.mcu.externaltools.gnu-tools-for-stm32.10.3-2021.10.macos64_1.0.200.202301161003/tools/bin/../lib/gcc/arm-none-eabi/10.3.1/../../../../arm-none-eabi/lib/thumb/v7e-m+fp/hard/libc_nano.a(lib_a-findfp.o)
                0x0000000008014150                __sfp_lock_release
 .text.__sinit_lock_acquire
                0x000000000801415c        0xc /Applications/STM32CubeIDE.app/Contents/Eclipse/plugins/com.st.stm32cube.ide.mcu.externaltools.gnu-tools-for-stm32.10.3-2021.10.macos64_1.0.200.202301161003/tools/bin/../lib/gcc/arm-none-eabi/10.3.1/../../../../arm-none-eabi/lib/thumb/v7e-m+fp/hard/libc_nano.a(lib_a-findfp.o)
                0x000000000801415c                __sinit_lock_acquire
 .text.__sinit_lock_release
                0x0000000008014168        0xc /Applications/STM32CubeIDE.app/Contents/Eclipse/plugins/com.st.stm32cube.ide.mcu.externaltools.gnu-tools-for-stm32.10.3-2021.10.macos64_1.0.200.202301161003/tools/bin/../lib/gcc/arm-none-eabi/10.3.1/../../../../arm-none-eabi/lib/thumb/v7e-m+fp/hard/libc_nano.a(lib_a-findfp.o)
                0x0000000008014168                __sinit_lock_release
 .text.__sinit  0x0000000008014174       0x70 /Applications/STM32CubeIDE.app/Contents/Eclipse/plugins/com.st.stm32cube.ide.mcu.externaltools.gnu-tools-for-stm32.10.3-2021.10.macos64_1.0.200.202301161003/tools/bin/../lib/gcc/arm-none-eabi/10.3.1/../../../../arm-none-eabi/lib/thumb/v7e-m+fp/hard/libc_nano.a(lib_a-findfp.o)
                0x0000000008014174                __sinit
 .text.__sfp    0x00000000080141e4       0x8c /Applications/STM32CubeIDE.app/Contents/Eclipse/plugins/com.st.stm32cube.ide.mcu.externaltools.gnu-tools-for-stm32.10.3-2021.10.macos64_1.0.200.202301161003/tools/bin/../lib/gcc/arm-none-eabi/10.3.1/../../../../arm-none-eabi/lib/thumb/v7e-m+fp/hard/libc_nano.a(lib_a-findfp.o)
                0x00000000080141e4                __sfp
 .text._fwalk_reent
                0x0000000008014270       0x3e /Applications/STM32CubeIDE.app/Contents/Eclipse/plugins/com.st.stm32cube.ide.mcu.externaltools.gnu-tools-for-stm32.10.3-2021.10.macos64_1.0.200.202301161003/tools/bin/../lib/gcc/arm-none-eabi/10.3.1/../../../../arm-none-eabi/lib/thumb/v7e-m+fp/hard/libc_nano.a(lib_a-fwalk.o)
                0x0000000008014270                _fwalk_reent
 .text.__retarget_lock_init_recursive
                0x00000000080142ae        0x2 /Applications/STM32CubeIDE.app/Contents/Eclipse/plugins/com.st.stm32cube.ide.mcu.externaltools.gnu-tools-for-stm32.10.3-2021.10.macos64_1.0.200.202301161003/tools/bin/../lib/gcc/arm-none-eabi/10.3.1/../../../../arm-none-eabi/lib/thumb/v7e-m+fp/hard/libc_nano.a(lib_a-lock.o)
                0x00000000080142ae                __retarget_lock_init_recursive
 .text.__retarget_lock_acquire_recursive
                0x00000000080142b0        0x2 /Applications/STM32CubeIDE.app/Contents/Eclipse/plugins/com.st.stm32cube.ide.mcu.externaltools.gnu-tools-for-stm32.10.3-2021.10.macos64_1.0.200.202301161003/tools/bin/../lib/gcc/arm-none-eabi/10.3.1/../../../../arm-none-eabi/lib/thumb/v7e-m+fp/hard/libc_nano.a(lib_a-lock.o)
                0x00000000080142b0                __retarget_lock_acquire_recursive
 .text.__retarget_lock_release_recursive
                0x00000000080142b2        0x2 /Applications/STM32CubeIDE.app/Contents/Eclipse/plugins/com.st.stm32cube.ide.mcu.externaltools.gnu-tools-for-stm32.10.3-2021.10.macos64_1.0.200.202301161003/tools/bin/../lib/gcc/arm-none-eabi/10.3.1/../../../../arm-none-eabi/lib/thumb/v7e-m+fp/hard/libc_nano.a(lib_a-lock.o)
                0x00000000080142b2                __retarget_lock_release_recursive
 .text.__swhatbuf_r
                0x00000000080142b4       0x4a /Applications/STM32CubeIDE.app/Contents/Eclipse/plugins/com.st.stm32cube.ide.mcu.externaltools.gnu-tools-for-stm32.10.3-2021.10.macos64_1.0.200.202301161003/tools/bin/../lib/gcc/arm-none-eabi/10.3.1/../../../../arm-none-eabi/lib/thumb/v7e-m+fp/hard/libc_nano.a(lib_a-makebuf.o)
                0x00000000080142b4                __swhatbuf_r
 *fill*         0x00000000080142fe        0x2 
 .text.__smakebuf_r
                0x0000000008014300       0x80 /Applications/STM32CubeIDE.app/Contents/Eclipse/plugins/com.st.stm32cube.ide.mcu.externaltools.gnu-tools-for-stm32.10.3-2021.10.macos64_1.0.200.202301161003/tools/bin/../lib/gcc/arm-none-eabi/10.3.1/../../../../arm-none-eabi/lib/thumb/v7e-m+fp/hard/libc_nano.a(lib_a-makebuf.o)
                0x0000000008014300                __smakebuf_r
 .text.malloc   0x0000000008014380       0x10 /Applications/STM32CubeIDE.app/Contents/Eclipse/plugins/com.st.stm32cube.ide.mcu.externaltools.gnu-tools-for-stm32.10.3-2021.10.macos64_1.0.200.202301161003/tools/bin/../lib/gcc/arm-none-eabi/10.3.1/../../../../arm-none-eabi/lib/thumb/v7e-m+fp/hard/libc_nano.a(lib_a-malloc.o)
                0x0000000008014380                malloc
 .text._free_r  0x0000000008014390       0x98 /Applications/STM32CubeIDE.app/Contents/Eclipse/plugins/com.st.stm32cube.ide.mcu.externaltools.gnu-tools-for-stm32.10.3-2021.10.macos64_1.0.200.202301161003/tools/bin/../lib/gcc/arm-none-eabi/10.3.1/../../../../arm-none-eabi/lib/thumb/v7e-m+fp/hard/libc_nano.a(lib_a-nano-freer.o)
                0x0000000008014390                _free_r
 .text.sbrk_aligned
                0x0000000008014428       0x40 /Applications/STM32CubeIDE.app/Contents/Eclipse/plugins/com.st.stm32cube.ide.mcu.externaltools.gnu-tools-for-stm32.10.3-2021.10.macos64_1.0.200.202301161003/tools/bin/../lib/gcc/arm-none-eabi/10.3.1/../../../../arm-none-eabi/lib/thumb/v7e-m+fp/hard/libc_nano.a(lib_a-nano-mallocr.o)
 .text._malloc_r
                0x0000000008014468       0xe8 /Applications/STM32CubeIDE.app/Contents/Eclipse/plugins/com.st.stm32cube.ide.mcu.externaltools.gnu-tools-for-stm32.10.3-2021.10.macos64_1.0.200.202301161003/tools/bin/../lib/gcc/arm-none-eabi/10.3.1/../../../../arm-none-eabi/lib/thumb/v7e-m+fp/hard/libc_nano.a(lib_a-nano-mallocr.o)
                0x0000000008014468                _malloc_r
 .text.__sfputc_r
                0x0000000008014550       0x2e /Applications/STM32CubeIDE.app/Contents/Eclipse/plugins/com.st.stm32cube.ide.mcu.externaltools.gnu-tools-for-stm32.10.3-2021.10.macos64_1.0.200.202301161003/tools/bin/../lib/gcc/arm-none-eabi/10.3.1/../../../../arm-none-eabi/lib/thumb/v7e-m+fp/hard/libc_nano.a(lib_a-nano-vfprintf.o)
 .text.__sfputs_r
                0x000000000801457e       0x24 /Applications/STM32CubeIDE.app/Contents/Eclipse/plugins/com.st.stm32cube.ide.mcu.externaltools.gnu-tools-for-stm32.10.3-2021.10.macos64_1.0.200.202301161003/tools/bin/../lib/gcc/arm-none-eabi/10.3.1/../../../../arm-none-eabi/lib/thumb/v7e-m+fp/hard/libc_nano.a(lib_a-nano-vfprintf.o)
                0x000000000801457e                __sfputs_r
 *fill*         0x00000000080145a2        0x2 
 .text._vfprintf_r
                0x00000000080145a4      0x260 /Applications/STM32CubeIDE.app/Contents/Eclipse/plugins/com.st.stm32cube.ide.mcu.externaltools.gnu-tools-for-stm32.10.3-2021.10.macos64_1.0.200.202301161003/tools/bin/../lib/gcc/arm-none-eabi/10.3.1/../../../../arm-none-eabi/lib/thumb/v7e-m+fp/hard/libc_nano.a(lib_a-nano-vfprintf.o)
                0x00000000080145a4                _vfiprintf_r
                0x00000000080145a4                _vfprintf_r
 .text._printf_common
                0x0000000008014804       0xda /Applications/STM32CubeIDE.app/Contents/Eclipse/plugins/com.st.stm32cube.ide.mcu.externaltools.gnu-tools-for-stm32.10.3-2021.10.macos64_1.0.200.202301161003/tools/bin/../lib/gcc/arm-none-eabi/10.3.1/../../../../arm-none-eabi/lib/thumb/v7e-m+fp/hard/libc_nano.a(lib_a-nano-vfprintf_i.o)
                0x0000000008014804                _printf_common
 *fill*         0x00000000080148de        0x2 
 .text._printf_i
                0x00000000080148e0      0x24c /Applications/STM32CubeIDE.app/Contents/Eclipse/plugins/com.st.stm32cube.ide.mcu.externaltools.gnu-tools-for-stm32.10.3-2021.10.macos64_1.0.200.202301161003/tools/bin/../lib/gcc/arm-none-eabi/10.3.1/../../../../arm-none-eabi/lib/thumb/v7e-m+fp/hard/libc_nano.a(lib_a-nano-vfprintf_i.o)
                0x00000000080148e0                _printf_i
 .text._sbrk_r  0x0000000008014b2c       0x20 /Applications/STM32CubeIDE.app/Contents/Eclipse/plugins/com.st.stm32cube.ide.mcu.externaltools.gnu-tools-for-stm32.10.3-2021.10.macos64_1.0.200.202301161003/tools/bin/../lib/gcc/arm-none-eabi/10.3.1/../../../../arm-none-eabi/lib/thumb/v7e-m+fp/hard/libc_nano.a(lib_a-sbrkr.o)
                0x0000000008014b2c                _sbrk_r
 .text.__sread  0x0000000008014b4c       0x22 /Applications/STM32CubeIDE.app/Contents/Eclipse/plugins/com.st.stm32cube.ide.mcu.externaltools.gnu-tools-for-stm32.10.3-2021.10.macos64_1.0.200.202301161003/tools/bin/../lib/gcc/arm-none-eabi/10.3.1/../../../../arm-none-eabi/lib/thumb/v7e-m+fp/hard/libc_nano.a(lib_a-stdio.o)
                0x0000000008014b4c                __sread
 .text.__swrite
                0x0000000008014b6e       0x38 /Applications/STM32CubeIDE.app/Contents/Eclipse/plugins/com.st.stm32cube.ide.mcu.externaltools.gnu-tools-for-stm32.10.3-2021.10.macos64_1.0.200.202301161003/tools/bin/../lib/gcc/arm-none-eabi/10.3.1/../../../../arm-none-eabi/lib/thumb/v7e-m+fp/hard/libc_nano.a(lib_a-stdio.o)
                0x0000000008014b6e                __swrite
 .text.__sseek  0x0000000008014ba6       0x24 /Applications/STM32CubeIDE.app/Contents/Eclipse/plugins/com.st.stm32cube.ide.mcu.externaltools.gnu-tools-for-stm32.10.3-2021.10.macos64_1.0.200.202301161003/tools/bin/../lib/gcc/arm-none-eabi/10.3.1/../../../../arm-none-eabi/lib/thumb/v7e-m+fp/hard/libc_nano.a(lib_a-stdio.o)
                0x0000000008014ba6                __sseek
 .text.__sclose
                0x0000000008014bca        0x8 /Applications/STM32CubeIDE.app/Contents/Eclipse/plugins/com.st.stm32cube.ide.mcu.externaltools.gnu-tools-for-stm32.10.3-2021.10.macos64_1.0.200.202301161003/tools/bin/../lib/gcc/arm-none-eabi/10.3.1/../../../../arm-none-eabi/lib/thumb/v7e-m+fp/hard/libc_nano.a(lib_a-stdio.o)
                0x0000000008014bca                __sclose
 *fill*         0x0000000008014bd2        0x2 
 .text._write_r
                0x0000000008014bd4       0x24 /Applications/STM32CubeIDE.app/Contents/Eclipse/plugins/com.st.stm32cube.ide.mcu.externaltools.gnu-tools-for-stm32.10.3-2021.10.macos64_1.0.200.202301161003/tools/bin/../lib/gcc/arm-none-eabi/10.3.1/../../../../arm-none-eabi/lib/thumb/v7e-m+fp/hard/libc_nano.a(lib_a-writer.o)
                0x0000000008014bd4                _write_r
 .text._close_r
                0x0000000008014bf8       0x20 /Applications/STM32CubeIDE.app/Contents/Eclipse/plugins/com.st.stm32cube.ide.mcu.externaltools.gnu-tools-for-stm32.10.3-2021.10.macos64_1.0.200.202301161003/tools/bin/../lib/gcc/arm-none-eabi/10.3.1/../../../../arm-none-eabi/lib/thumb/v7e-m+fp/hard/libc_nano.a(lib_a-closer.o)
                0x0000000008014bf8                _close_r
 .text._fstat_r
                0x0000000008014c18       0x24 /Applications/STM32CubeIDE.app/Contents/Eclipse/plugins/com.st.stm32cube.ide.mcu.externaltools.gnu-tools-for-stm32.10.3-2021.10.macos64_1.0.200.202301161003/tools/bin/../lib/gcc/arm-none-eabi/10.3.1/../../../../arm-none-eabi/lib/thumb/v7e-m+fp/hard/libc_nano.a(lib_a-fstatr.o)
                0x0000000008014c18                _fstat_r
 .text._isatty_r
                0x0000000008014c3c       0x20 /Applications/STM32CubeIDE.app/Contents/Eclipse/plugins/com.st.stm32cube.ide.mcu.externaltools.gnu-tools-for-stm32.10.3-2021.10.macos64_1.0.200.202301161003/tools/bin/../lib/gcc/arm-none-eabi/10.3.1/../../../../arm-none-eabi/lib/thumb/v7e-m+fp/hard/libc_nano.a(lib_a-isattyr.o)
                0x0000000008014c3c                _isatty_r
 .text._lseek_r
                0x0000000008014c5c       0x24 /Applications/STM32CubeIDE.app/Contents/Eclipse/plugins/com.st.stm32cube.ide.mcu.externaltools.gnu-tools-for-stm32.10.3-2021.10.macos64_1.0.200.202301161003/tools/bin/../lib/gcc/arm-none-eabi/10.3.1/../../../../arm-none-eabi/lib/thumb/v7e-m+fp/hard/libc_nano.a(lib_a-lseekr.o)
                0x0000000008014c5c                _lseek_r
 .text.__malloc_lock
                0x0000000008014c80        0xc /Applications/STM32CubeIDE.app/Contents/Eclipse/plugins/com.st.stm32cube.ide.mcu.externaltools.gnu-tools-for-stm32.10.3-2021.10.macos64_1.0.200.202301161003/tools/bin/../lib/gcc/arm-none-eabi/10.3.1/../../../../arm-none-eabi/lib/thumb/v7e-m+fp/hard/libc_nano.a(lib_a-mlock.o)
                0x0000000008014c80                __malloc_lock
 .text.__malloc_unlock
                0x0000000008014c8c        0xc /Applications/STM32CubeIDE.app/Contents/Eclipse/plugins/com.st.stm32cube.ide.mcu.externaltools.gnu-tools-for-stm32.10.3-2021.10.macos64_1.0.200.202301161003/tools/bin/../lib/gcc/arm-none-eabi/10.3.1/../../../../arm-none-eabi/lib/thumb/v7e-m+fp/hard/libc_nano.a(lib_a-mlock.o)
                0x0000000008014c8c                __malloc_unlock
 .text._read_r  0x0000000008014c98       0x24 /Applications/STM32CubeIDE.app/Contents/Eclipse/plugins/com.st.stm32cube.ide.mcu.externaltools.gnu-tools-for-stm32.10.3-2021.10.macos64_1.0.200.202301161003/tools/bin/../lib/gcc/arm-none-eabi/10.3.1/../../../../arm-none-eabi/lib/thumb/v7e-m+fp/hard/libc_nano.a(lib_a-readr.o)
                0x0000000008014c98                _read_r
 *(.glue_7)
 .glue_7        0x0000000008014cbc        0x0 linker stubs
 *(.glue_7t)
 .glue_7t       0x0000000008014cbc        0x0 linker stubs
 *(.eh_frame)
 .eh_frame      0x0000000008014cbc        0x0 /Applications/STM32CubeIDE.app/Contents/Eclipse/plugins/com.st.stm32cube.ide.mcu.externaltools.gnu-tools-for-stm32.10.3-2021.10.macos64_1.0.200.202301161003/tools/bin/../lib/gcc/arm-none-eabi/10.3.1/thumb/v7e-m+fp/hard/crtbegin.o
 *(.init)
 .init          0x0000000008014cbc        0x4 /Applications/STM32CubeIDE.app/Contents/Eclipse/plugins/com.st.stm32cube.ide.mcu.externaltools.gnu-tools-for-stm32.10.3-2021.10.macos64_1.0.200.202301161003/tools/bin/../lib/gcc/arm-none-eabi/10.3.1/thumb/v7e-m+fp/hard/crti.o
                0x0000000008014cbc                _init
 .init          0x0000000008014cc0        0x8 /Applications/STM32CubeIDE.app/Contents/Eclipse/plugins/com.st.stm32cube.ide.mcu.externaltools.gnu-tools-for-stm32.10.3-2021.10.macos64_1.0.200.202301161003/tools/bin/../lib/gcc/arm-none-eabi/10.3.1/thumb/v7e-m+fp/hard/crtn.o
 *(.fini)
 .fini          0x0000000008014cc8        0x4 /Applications/STM32CubeIDE.app/Contents/Eclipse/plugins/com.st.stm32cube.ide.mcu.externaltools.gnu-tools-for-stm32.10.3-2021.10.macos64_1.0.200.202301161003/tools/bin/../lib/gcc/arm-none-eabi/10.3.1/thumb/v7e-m+fp/hard/crti.o
                0x0000000008014cc8                _fini
 .fini          0x0000000008014ccc        0x8 /Applications/STM32CubeIDE.app/Contents/Eclipse/plugins/com.st.stm32cube.ide.mcu.externaltools.gnu-tools-for-stm32.10.3-2021.10.macos64_1.0.200.202301161003/tools/bin/../lib/gcc/arm-none-eabi/10.3.1/thumb/v7e-m+fp/hard/crtn.o
                0x0000000008014cd8                . = ALIGN (0x8)
 *fill*         0x0000000008014cd4        0x4 
                0x0000000008014cd8                _etext = .

.vfp11_veneer   0x0000000008014cd8        0x0
 .vfp11_veneer  0x0000000008014cd8        0x0 linker stubs

.v4_bx          0x0000000008014cd8        0x0
 .v4_bx         0x0000000008014cd8        0x0 linker stubs

.iplt           0x0000000008014cd8        0x0
 .iplt          0x0000000008014cd8        0x0 /Applications/STM32CubeIDE.app/Contents/Eclipse/plugins/com.st.stm32cube.ide.mcu.externaltools.gnu-tools-for-stm32.10.3-2021.10.macos64_1.0.200.202301161003/tools/bin/../lib/gcc/arm-none-eabi/10.3.1/thumb/v7e-m+fp/hard/crtbegin.o

.rodata         0x0000000008014cd8     0x11e8
                0x0000000008014cd8                . = ALIGN (0x8)
 *(.rodata)
 .rodata        0x0000000008014cd8        0x8 ./Application/User/fw_update_app.o
 .rodata        0x0000000008014ce0        0x1 ./Application/User/main.o
                0x0000000008014ce0                UserAppId
 *fill*         0x0000000008014ce1        0x3 
 .rodata        0x0000000008014ce4       0x60 ./Application/User/test_protections.o
                0x0000000008014ce4                SlotStartAdd
                0x0000000008014d04                SlotEndAdd
                0x0000000008014d24                SlotHeaderAdd
 .rodata        0x0000000008014d44       0x14 ./Drivers/BSP/STM32F413H-Discovery/stm32f413h_discovery.o
                0x0000000008014d44                GPIO_PIN
                0x0000000008014d4c                COM_RX_AF
                0x0000000008014d4e                COM_TX_AF
                0x0000000008014d50                COM_RX_PIN
                0x0000000008014d52                COM_TX_PIN
                0x0000000008014d54                BUTTON_IRQn
                0x0000000008014d56                BUTTON_PIN
 .rodata        0x0000000008014d58       0x18 ./Drivers/CMSIS/system_stm32f4xx.o
                0x0000000008014d58                AHBPrescTable
                0x0000000008014d68                APBPrescTable
 *(.rodata*)
 .rodata.str1.1
                0x0000000008014d70       0x34 ./Application/User/flash_if.o
 .rodata.str1.1
                0x0000000008014da4      0x351 ./Application/User/fw_update_app.o
                                        0x354 (size before relaxing)
 .rodata.str1.1
                0x00000000080150f5      0x2b0 ./Application/User/main.o
                                        0x2c0 (size before relaxing)
 .rodata.str1.1
                0x00000000080153a5      0x15b ./Application/User/se_user_code.o
                                        0x1d8 (size before relaxing)
 .rodata.str1.1
                0x0000000008015500      0x923 ./Application/User/test_protections.o
                                        0x9a7 (size before relaxing)
 .rodata.str1.1
                0x0000000008015e23        0x3 ./Application/User/ymodem.o
 *fill*         0x0000000008015e26        0x2 
 .rodata._global_impure_ptr
                0x0000000008015e28        0x4 /Applications/STM32CubeIDE.app/Contents/Eclipse/plugins/com.st.stm32cube.ide.mcu.externaltools.gnu-tools-for-stm32.10.3-2021.10.macos64_1.0.200.202301161003/tools/bin/../lib/gcc/arm-none-eabi/10.3.1/../../../../arm-none-eabi/lib/thumb/v7e-m+fp/hard/libc_nano.a(lib_a-impure.o)
                0x0000000008015e28                _global_impure_ptr
 .rodata.__sf_fake_stderr
                0x0000000008015e2c       0x20 /Applications/STM32CubeIDE.app/Contents/Eclipse/plugins/com.st.stm32cube.ide.mcu.externaltools.gnu-tools-for-stm32.10.3-2021.10.macos64_1.0.200.202301161003/tools/bin/../lib/gcc/arm-none-eabi/10.3.1/../../../../arm-none-eabi/lib/thumb/v7e-m+fp/hard/libc_nano.a(lib_a-findfp.o)
                0x0000000008015e2c                __sf_fake_stderr
 .rodata.__sf_fake_stdin
                0x0000000008015e4c       0x20 /Applications/STM32CubeIDE.app/Contents/Eclipse/plugins/com.st.stm32cube.ide.mcu.externaltools.gnu-tools-for-stm32.10.3-2021.10.macos64_1.0.200.202301161003/tools/bin/../lib/gcc/arm-none-eabi/10.3.1/../../../../arm-none-eabi/lib/thumb/v7e-m+fp/hard/libc_nano.a(lib_a-findfp.o)
                0x0000000008015e4c                __sf_fake_stdin
 .rodata.__sf_fake_stdout
                0x0000000008015e6c       0x20 /Applications/STM32CubeIDE.app/Contents/Eclipse/plugins/com.st.stm32cube.ide.mcu.externaltools.gnu-tools-for-stm32.10.3-2021.10.macos64_1.0.200.202301161003/tools/bin/../lib/gcc/arm-none-eabi/10.3.1/../../../../arm-none-eabi/lib/thumb/v7e-m+fp/hard/libc_nano.a(lib_a-findfp.o)
                0x0000000008015e6c                __sf_fake_stdout
 .rodata._vfprintf_r.str1.1
                0x0000000008015e8c       0x11 /Applications/STM32CubeIDE.app/Contents/Eclipse/plugins/com.st.stm32cube.ide.mcu.externaltools.gnu-tools-for-stm32.10.3-2021.10.macos64_1.0.200.202301161003/tools/bin/../lib/gcc/arm-none-eabi/10.3.1/../../../../arm-none-eabi/lib/thumb/v7e-m+fp/hard/libc_nano.a(lib_a-nano-vfprintf.o)
 .rodata._printf_i.str1.1
                0x0000000008015e9d       0x22 /Applications/STM32CubeIDE.app/Contents/Eclipse/plugins/com.st.stm32cube.ide.mcu.externaltools.gnu-tools-for-stm32.10.3-2021.10.macos64_1.0.200.202301161003/tools/bin/../lib/gcc/arm-none-eabi/10.3.1/../../../../arm-none-eabi/lib/thumb/v7e-m+fp/hard/libc_nano.a(lib_a-nano-vfprintf_i.o)
                0x0000000008015ec0                . = ALIGN (0x8)
 *fill*         0x0000000008015ebf        0x1 

.ARM.extab      0x0000000008015ec0        0x0
                0x0000000008015ec0                . = ALIGN (0x8)
 *(.ARM.extab* .gnu.linkonce.armextab.*)
                0x0000000008015ec0                . = ALIGN (0x8)

.ARM            0x0000000008015ec0        0x8
                0x0000000008015ec0                . = ALIGN (0x8)
                0x0000000008015ec0                __exidx_start = .
 *(.ARM.exidx*)
 .ARM.exidx     0x0000000008015ec0        0x8 /Applications/STM32CubeIDE.app/Contents/Eclipse/plugins/com.st.stm32cube.ide.mcu.externaltools.gnu-tools-for-stm32.10.3-2021.10.macos64_1.0.200.202301161003/tools/bin/../lib/gcc/arm-none-eabi/10.3.1/thumb/v7e-m+fp/hard/libgcc.a(_udivmoddi4.o)
                0x0000000008015ec8                __exidx_end = .
                0x0000000008015ec8                . = ALIGN (0x8)

.rel.dyn        0x0000000008015ec8        0x0
 .rel.iplt      0x0000000008015ec8        0x0 /Applications/STM32CubeIDE.app/Contents/Eclipse/plugins/com.st.stm32cube.ide.mcu.externaltools.gnu-tools-for-stm32.10.3-2021.10.macos64_1.0.200.202301161003/tools/bin/../lib/gcc/arm-none-eabi/10.3.1/thumb/v7e-m+fp/hard/crtbegin.o

.preinit_array  0x0000000008015ec8        0x0
                0x0000000008015ec8                . = ALIGN (0x8)
                0x0000000008015ec8                PROVIDE (__preinit_array_start = .)
 *(.preinit_array*)
                0x0000000008015ec8                PROVIDE (__preinit_array_end = .)
                0x0000000008015ec8                . = ALIGN (0x8)

.init_array     0x0000000008015ec8        0x8
                0x0000000008015ec8                . = ALIGN (0x8)
                0x0000000008015ec8                PROVIDE (__init_array_start = .)
 *(SORT_BY_NAME(.init_array.*))
 *(.init_array*)
 .init_array    0x0000000008015ec8        0x4 /Applications/STM32CubeIDE.app/Contents/Eclipse/plugins/com.st.stm32cube.ide.mcu.externaltools.gnu-tools-for-stm32.10.3-2021.10.macos64_1.0.200.202301161003/tools/bin/../lib/gcc/arm-none-eabi/10.3.1/thumb/v7e-m+fp/hard/crtbegin.o
                0x0000000008015ecc                PROVIDE (__init_array_end = .)
                0x0000000008015ed0                . = ALIGN (0x8)
 *fill*         0x0000000008015ecc        0x4 

.fini_array     0x0000000008015ed0        0x8
                0x0000000008015ed0                . = ALIGN (0x8)
                [!provide]                        PROVIDE (__fini_array_start = .)
 *(SORT_BY_NAME(.fini_array.*))
 *(.fini_array*)
 .fini_array    0x0000000008015ed0        0x4 /Applications/STM32CubeIDE.app/Contents/Eclipse/plugins/com.st.stm32cube.ide.mcu.externaltools.gnu-tools-for-stm32.10.3-2021.10.macos64_1.0.200.202301161003/tools/bin/../lib/gcc/arm-none-eabi/10.3.1/thumb/v7e-m+fp/hard/crtbegin.o
                [!provide]                        PROVIDE (__fini_array_end = .)
                0x0000000008015ed8                . = ALIGN (0x8)
 *fill*         0x0000000008015ed4        0x4 
                0x0000000008015ed8                _sidata = LOADADDR (.data)

.data           0x0000000020001000       0xd0 load address 0x0000000008015ed8
                0x0000000020001000                . = ALIGN (0x8)
                0x0000000020001000                _sdata = .
 *(.data)
 .data          0x0000000020001000       0x44 ./Application/User/flash_if.o
                0x0000000020001000                FlashSectorsAddress
 .data          0x0000000020001044       0x18 ./Drivers/BSP/STM32F413H-Discovery/stm32f413h_discovery.o
                0x0000000020001044                GPIO_PORT
                0x000000002000104c                BUTTON_PORT
                0x0000000020001050                COM_TX_PORT
                0x0000000020001054                COM_RX_PORT
                0x0000000020001058                COM_USART
 .data          0x000000002000105c        0x4 ./Drivers/CMSIS/system_stm32f4xx.o
                0x000000002000105c                SystemCoreClock
 .data          0x0000000020001060        0x8 ./Drivers/STM32F4xx_HAL_Driver/stm32f4xx_hal.o
                0x0000000020001060                uwTickFreq
                0x0000000020001064                uwTickPrio
 *(.data*)
 .data._impure_ptr
                0x0000000020001068        0x4 /Applications/STM32CubeIDE.app/Contents/Eclipse/plugins/com.st.stm32cube.ide.mcu.externaltools.gnu-tools-for-stm32.10.3-2021.10.macos64_1.0.200.202301161003/tools/bin/../lib/gcc/arm-none-eabi/10.3.1/../../../../arm-none-eabi/lib/thumb/v7e-m+fp/hard/libc_nano.a(lib_a-impure.o)
                0x0000000020001068                _impure_ptr
 .data.impure_data
                0x000000002000106c       0x60 /Applications/STM32CubeIDE.app/Contents/Eclipse/plugins/com.st.stm32cube.ide.mcu.externaltools.gnu-tools-for-stm32.10.3-2021.10.macos64_1.0.200.202301161003/tools/bin/../lib/gcc/arm-none-eabi/10.3.1/../../../../arm-none-eabi/lib/thumb/v7e-m+fp/hard/libc_nano.a(lib_a-impure.o)
                0x00000000200010d0                . = ALIGN (0x8)
 *fill*         0x00000000200010cc        0x4 
                0x00000000200010d0                _edata = .

.igot.plt       0x00000000200010d0        0x0 load address 0x0000000008015fa8
 .igot.plt      0x00000000200010d0        0x0 /Applications/STM32CubeIDE.app/Contents/Eclipse/plugins/com.st.stm32cube.ide.mcu.externaltools.gnu-tools-for-stm32.10.3-2021.10.macos64_1.0.200.202301161003/tools/bin/../lib/gcc/arm-none-eabi/10.3.1/thumb/v7e-m+fp/hard/crtbegin.o

.align16        0x0000000008015fa8        0x8
                0x0000000008015fa9                . = (. + 0x1)
 *fill*         0x0000000008015fa8        0x1 
                0x0000000008015faf                . = (ALIGN (0x10) - 0x1)
 *fill*         0x0000000008015fa9        0x6 
                0x0000000008015faf        0x1 BYTE 0x0
                0x0000000008015fb0                . = ALIGN (0x4)

.bss            0x00000000200010d0      0xd28
                0x00000000200010d0                _sbss = .
                0x00000000200010d0                __bss_start__ = _sbss
 *(.bss)
 .bss           0x00000000200010d0       0x1c /Applications/STM32CubeIDE.app/Contents/Eclipse/plugins/com.st.stm32cube.ide.mcu.externaltools.gnu-tools-for-stm32.10.3-2021.10.macos64_1.0.200.202301161003/tools/bin/../lib/gcc/arm-none-eabi/10.3.1/thumb/v7e-m+fp/hard/crtbegin.o
 .bss           0x00000000200010ec       0x44 ./Application/User/com.o
 .bss           0x0000000020001130       0x18 ./Application/User/fw_update_app.o
 .bss           0x0000000020001148        0x8 ./Application/User/main.o
                0x0000000020001148                pUserAppId
                0x000000002000114c                eStatus
 .bss           0x0000000020001150       0x20 ./Application/User/stm32f4xx_it.o
                0x0000000020001150                RtcHandle
 .bss           0x0000000020001170        0x8 ./Application/User/syscalls.o
                0x0000000020001174                __env
 .bss           0x0000000020001178      0x804 ./Application/User/test_protections.o
 .bss           0x000000002000197c      0x447 ./Application/User/ymodem.o
                0x0000000020001d82                m_aFileName
 *fill*         0x0000000020001dc3        0x1 
 .bss           0x0000000020001dc4        0x4 ./Drivers/STM32F4xx_HAL_Driver/stm32f4xx_hal.o
                0x0000000020001dc4                uwTick
 .bss           0x0000000020001dc8       0x20 ./Drivers/STM32F4xx_HAL_Driver/stm32f4xx_hal_flash.o
                0x0000000020001dc8                pFlash
 *(.bss*)
 .bss.__lock___malloc_recursive_mutex
                0x0000000020001de8        0x1 /Applications/STM32CubeIDE.app/Contents/Eclipse/plugins/com.st.stm32cube.ide.mcu.externaltools.gnu-tools-for-stm32.10.3-2021.10.macos64_1.0.200.202301161003/tools/bin/../lib/gcc/arm-none-eabi/10.3.1/../../../../arm-none-eabi/lib/thumb/v7e-m+fp/hard/libc_nano.a(lib_a-lock.o)
                0x0000000020001de8                __lock___malloc_recursive_mutex
 .bss.__lock___sfp_recursive_mutex
                0x0000000020001de9        0x1 /Applications/STM32CubeIDE.app/Contents/Eclipse/plugins/com.st.stm32cube.ide.mcu.externaltools.gnu-tools-for-stm32.10.3-2021.10.macos64_1.0.200.202301161003/tools/bin/../lib/gcc/arm-none-eabi/10.3.1/../../../../arm-none-eabi/lib/thumb/v7e-m+fp/hard/libc_nano.a(lib_a-lock.o)
                0x0000000020001de9                __lock___sfp_recursive_mutex
 .bss.__lock___sinit_recursive_mutex
                0x0000000020001dea        0x1 /Applications/STM32CubeIDE.app/Contents/Eclipse/plugins/com.st.stm32cube.ide.mcu.externaltools.gnu-tools-for-stm32.10.3-2021.10.macos64_1.0.200.202301161003/tools/bin/../lib/gcc/arm-none-eabi/10.3.1/../../../../arm-none-eabi/lib/thumb/v7e-m+fp/hard/libc_nano.a(lib_a-lock.o)
                0x0000000020001dea                __lock___sinit_recursive_mutex
 *fill*         0x0000000020001deb        0x1 
 .bss.__malloc_free_list
                0x0000000020001dec        0x4 /Applications/STM32CubeIDE.app/Contents/Eclipse/plugins/com.st.stm32cube.ide.mcu.externaltools.gnu-tools-for-stm32.10.3-2021.10.macos64_1.0.200.202301161003/tools/bin/../lib/gcc/arm-none-eabi/10.3.1/../../../../arm-none-eabi/lib/thumb/v7e-m+fp/hard/libc_nano.a(lib_a-nano-mallocr.o)
                0x0000000020001dec                __malloc_free_list
 .bss.__malloc_sbrk_start
                0x0000000020001df0        0x4 /Applications/STM32CubeIDE.app/Contents/Eclipse/plugins/com.st.stm32cube.ide.mcu.externaltools.gnu-tools-for-stm32.10.3-2021.10.macos64_1.0.200.202301161003/tools/bin/../lib/gcc/arm-none-eabi/10.3.1/../../../../arm-none-eabi/lib/thumb/v7e-m+fp/hard/libc_nano.a(lib_a-nano-mallocr.o)
                0x0000000020001df0                __malloc_sbrk_start
 .bss.errno     0x0000000020001df4        0x4 /Applications/STM32CubeIDE.app/Contents/Eclipse/plugins/com.st.stm32cube.ide.mcu.externaltools.gnu-tools-for-stm32.10.3-2021.10.macos64_1.0.200.202301161003/tools/bin/../lib/gcc/arm-none-eabi/10.3.1/../../../../arm-none-eabi/lib/thumb/v7e-m+fp/hard/libc_nano.a(lib_a-reent.o)
                0x0000000020001df4                errno
 *(COMMON)
                0x0000000020001df8                . = ALIGN (0x4)
                0x0000000020001df8                _ebss = .
                0x0000000020001df8                __bss_end__ = _ebss

._user_heap_stack
                0x0000000020001df8      0xa00
                0x0000000020001df8                . = ALIGN (0x8)
                0x0000000020001df8                PROVIDE (end = .)
                [!provide]                        PROVIDE (_end = .)
                0x0000000020001ff8                . = (. + _Min_Heap_Size)
 *fill*         0x0000000020001df8      0x200 
                0x00000000200027f8                . = (. + _Min_Stack_Size)
 *fill*         0x0000000020001ff8      0x800 
                0x00000000200027f8                . = ALIGN (0x8)

/DISCARD/
 libc.a(*)
 libm.a(*)
 libgcc.a(*)

.ARM.attributes
                0x0000000000000000       0x30
 *(.ARM.attributes)
 .ARM.attributes
                0x0000000000000000       0x1e /Applications/STM32CubeIDE.app/Contents/Eclipse/plugins/com.st.stm32cube.ide.mcu.externaltools.gnu-tools-for-stm32.10.3-2021.10.macos64_1.0.200.202301161003/tools/bin/../lib/gcc/arm-none-eabi/10.3.1/thumb/v7e-m+fp/hard/crti.o
 .ARM.attributes
                0x000000000000001e       0x34 /Applications/STM32CubeIDE.app/Contents/Eclipse/plugins/com.st.stm32cube.ide.mcu.externaltools.gnu-tools-for-stm32.10.3-2021.10.macos64_1.0.200.202301161003/tools/bin/../lib/gcc/arm-none-eabi/10.3.1/thumb/v7e-m+fp/hard/crtbegin.o
 .ARM.attributes
                0x0000000000000052       0x34 ./Application/SFU_Services/sfu_app_new_image.o
 .ARM.attributes
                0x0000000000000086       0x21 ./Application/Startup/startup_stm32f413xx.o
 .ARM.attributes
                0x00000000000000a7       0x20 ./Application/Startup/svc_handler.o
 .ARM.attributes
                0x00000000000000c7       0x34 ./Application/User/com.o
 .ARM.attributes
                0x00000000000000fb       0x34 ./Application/User/common.o
 .ARM.attributes
                0x000000000000012f       0x34 ./Application/User/flash_if.o
 .ARM.attributes
                0x0000000000000163       0x34 ./Application/User/fw_update_app.o
 .ARM.attributes
                0x0000000000000197       0x34 ./Application/User/main.o
 .ARM.attributes
                0x00000000000001cb       0x34 ./Application/User/mpu.o
 .ARM.attributes
                0x00000000000001ff       0x34 ./Application/User/se_user_code.o
 .ARM.attributes
                0x0000000000000233       0x34 ./Application/User/stm32f4xx_it.o
 .ARM.attributes
                0x0000000000000267       0x34 ./Application/User/syscalls.o
 .ARM.attributes
                0x000000000000029b       0x34 ./Application/User/test_protections.o
 .ARM.attributes
                0x00000000000002cf       0x34 ./Application/User/ymodem.o
 .ARM.attributes
                0x0000000000000303       0x34 ./Drivers/BSP/STM32F413H-Discovery/stm32f413h_discovery.o
 .ARM.attributes
                0x0000000000000337       0x34 ./Drivers/CMSIS/system_stm32f4xx.o
 .ARM.attributes
                0x000000000000036b       0x34 ./Drivers/STM32F4xx_HAL_Driver/stm32f4xx_hal.o
 .ARM.attributes
                0x000000000000039f       0x34 ./Drivers/STM32F4xx_HAL_Driver/stm32f4xx_hal_cortex.o
 .ARM.attributes
                0x00000000000003d3       0x34 ./Drivers/STM32F4xx_HAL_Driver/stm32f4xx_hal_flash.o
 .ARM.attributes
                0x0000000000000407       0x34 ./Drivers/STM32F4xx_HAL_Driver/stm32f4xx_hal_flash_ex.o
 .ARM.attributes
                0x000000000000043b       0x34 ./Drivers/STM32F4xx_HAL_Driver/stm32f4xx_hal_gpio.o
 .ARM.attributes
                0x000000000000046f       0x34 ./Drivers/STM32F4xx_HAL_Driver/stm32f4xx_hal_rcc.o
 .ARM.attributes
                0x00000000000004a3       0x34 ./Drivers/STM32F4xx_HAL_Driver/stm32f4xx_hal_rcc_ex.o
 .ARM.attributes
                0x00000000000004d7       0x34 ./Drivers/STM32F4xx_HAL_Driver/stm32f4xx_hal_rtc_ex.o
 .ARM.attributes
                0x000000000000050b       0x34 ./Drivers/STM32F4xx_HAL_Driver/stm32f4xx_hal_uart.o
 .ARM.attributes
                0x000000000000053f       0x34 /Applications/STM32CubeIDE.app/Contents/Eclipse/plugins/com.st.stm32cube.ide.mcu.externaltools.gnu-tools-for-stm32.10.3-2021.10.macos64_1.0.200.202301161003/tools/bin/../lib/gcc/arm-none-eabi/10.3.1/../../../../arm-none-eabi/lib/thumb/v7e-m+fp/hard/libc_nano.a(lib_a-errno.o)
 .ARM.attributes
                0x0000000000000573       0x34 /Applications/STM32CubeIDE.app/Contents/Eclipse/plugins/com.st.stm32cube.ide.mcu.externaltools.gnu-tools-for-stm32.10.3-2021.10.macos64_1.0.200.202301161003/tools/bin/../lib/gcc/arm-none-eabi/10.3.1/../../../../arm-none-eabi/lib/thumb/v7e-m+fp/hard/libc_nano.a(lib_a-impure.o)
 .ARM.attributes
                0x00000000000005a7       0x34 /Applications/STM32CubeIDE.app/Contents/Eclipse/plugins/com.st.stm32cube.ide.mcu.externaltools.gnu-tools-for-stm32.10.3-2021.10.macos64_1.0.200.202301161003/tools/bin/../lib/gcc/arm-none-eabi/10.3.1/../../../../arm-none-eabi/lib/thumb/v7e-m+fp/hard/libc_nano.a(lib_a-init.o)
 .ARM.attributes
                0x00000000000005db       0x34 /Applications/STM32CubeIDE.app/Contents/Eclipse/plugins/com.st.stm32cube.ide.mcu.externaltools.gnu-tools-for-stm32.10.3-2021.10.macos64_1.0.200.202301161003/tools/bin/../lib/gcc/arm-none-eabi/10.3.1/../../../../arm-none-eabi/lib/thumb/v7e-m+fp/hard/libc_nano.a(lib_a-memcpy-stub.o)
 .ARM.attributes
                0x000000000000060f       0x34 /Applications/STM32CubeIDE.app/Contents/Eclipse/plugins/com.st.stm32cube.ide.mcu.externaltools.gnu-tools-for-stm32.10.3-2021.10.macos64_1.0.200.202301161003/tools/bin/../lib/gcc/arm-none-eabi/10.3.1/../../../../arm-none-eabi/lib/thumb/v7e-m+fp/hard/libc_nano.a(lib_a-memset.o)
 .ARM.attributes
                0x0000000000000643       0x34 /Applications/STM32CubeIDE.app/Contents/Eclipse/plugins/com.st.stm32cube.ide.mcu.externaltools.gnu-tools-for-stm32.10.3-2021.10.macos64_1.0.200.202301161003/tools/bin/../lib/gcc/arm-none-eabi/10.3.1/../../../../arm-none-eabi/lib/thumb/v7e-m+fp/hard/libc_nano.a(lib_a-printf.o)
 .ARM.attributes
                0x0000000000000677       0x34 /Applications/STM32CubeIDE.app/Contents/Eclipse/plugins/com.st.stm32cube.ide.mcu.externaltools.gnu-tools-for-stm32.10.3-2021.10.macos64_1.0.200.202301161003/tools/bin/../lib/gcc/arm-none-eabi/10.3.1/../../../../arm-none-eabi/lib/thumb/v7e-m+fp/hard/libc_nano.a(lib_a-puts.o)
 .ARM.attributes
                0x00000000000006ab       0x34 /Applications/STM32CubeIDE.app/Contents/Eclipse/plugins/com.st.stm32cube.ide.mcu.externaltools.gnu-tools-for-stm32.10.3-2021.10.macos64_1.0.200.202301161003/tools/bin/../lib/gcc/arm-none-eabi/10.3.1/../../../../arm-none-eabi/lib/thumb/v7e-m+fp/hard/libc_nano.a(lib_a-setvbuf.o)
 .ARM.attributes
                0x00000000000006df       0x34 /Applications/STM32CubeIDE.app/Contents/Eclipse/plugins/com.st.stm32cube.ide.mcu.externaltools.gnu-tools-for-stm32.10.3-2021.10.macos64_1.0.200.202301161003/tools/bin/../lib/gcc/arm-none-eabi/10.3.1/../../../../arm-none-eabi/lib/thumb/v7e-m+fp/hard/libc_nano.a(lib_a-wbuf.o)
 .ARM.attributes
                0x0000000000000713       0x34 /Applications/STM32CubeIDE.app/Contents/Eclipse/plugins/com.st.stm32cube.ide.mcu.externaltools.gnu-tools-for-stm32.10.3-2021.10.macos64_1.0.200.202301161003/tools/bin/../lib/gcc/arm-none-eabi/10.3.1/../../../../arm-none-eabi/lib/thumb/v7e-m+fp/hard/libc_nano.a(lib_a-wsetup.o)
 .ARM.attributes
                0x0000000000000747       0x34 /Applications/STM32CubeIDE.app/Contents/Eclipse/plugins/com.st.stm32cube.ide.mcu.externaltools.gnu-tools-for-stm32.10.3-2021.10.macos64_1.0.200.202301161003/tools/bin/../lib/gcc/arm-none-eabi/10.3.1/../../../../arm-none-eabi/lib/thumb/v7e-m+fp/hard/libc_nano.a(lib_a-fflush.o)
 .ARM.attributes
                0x000000000000077b       0x34 /Applications/STM32CubeIDE.app/Contents/Eclipse/plugins/com.st.stm32cube.ide.mcu.externaltools.gnu-tools-for-stm32.10.3-2021.10.macos64_1.0.200.202301161003/tools/bin/../lib/gcc/arm-none-eabi/10.3.1/../../../../arm-none-eabi/lib/thumb/v7e-m+fp/hard/libc_nano.a(lib_a-findfp.o)
 .ARM.attributes
                0x00000000000007af       0x34 /Applications/STM32CubeIDE.app/Contents/Eclipse/plugins/com.st.stm32cube.ide.mcu.externaltools.gnu-tools-for-stm32.10.3-2021.10.macos64_1.0.200.202301161003/tools/bin/../lib/gcc/arm-none-eabi/10.3.1/../../../../arm-none-eabi/lib/thumb/v7e-m+fp/hard/libc_nano.a(lib_a-fwalk.o)
 .ARM.attributes
                0x00000000000007e3       0x34 /Applications/STM32CubeIDE.app/Contents/Eclipse/plugins/com.st.stm32cube.ide.mcu.externaltools.gnu-tools-for-stm32.10.3-2021.10.macos64_1.0.200.202301161003/tools/bin/../lib/gcc/arm-none-eabi/10.3.1/../../../../arm-none-eabi/lib/thumb/v7e-m+fp/hard/libc_nano.a(lib_a-lock.o)
 .ARM.attributes
                0x0000000000000817       0x34 /Applications/STM32CubeIDE.app/Contents/Eclipse/plugins/com.st.stm32cube.ide.mcu.externaltools.gnu-tools-for-stm32.10.3-2021.10.macos64_1.0.200.202301161003/tools/bin/../lib/gcc/arm-none-eabi/10.3.1/../../../../arm-none-eabi/lib/thumb/v7e-m+fp/hard/libc_nano.a(lib_a-makebuf.o)
 .ARM.attributes
                0x000000000000084b       0x34 /Applications/STM32CubeIDE.app/Contents/Eclipse/plugins/com.st.stm32cube.ide.mcu.externaltools.gnu-tools-for-stm32.10.3-2021.10.macos64_1.0.200.202301161003/tools/bin/../lib/gcc/arm-none-eabi/10.3.1/../../../../arm-none-eabi/lib/thumb/v7e-m+fp/hard/libc_nano.a(lib_a-malloc.o)
 .ARM.attributes
                0x000000000000087f       0x34 /Applications/STM32CubeIDE.app/Contents/Eclipse/plugins/com.st.stm32cube.ide.mcu.externaltools.gnu-tools-for-stm32.10.3-2021.10.macos64_1.0.200.202301161003/tools/bin/../lib/gcc/arm-none-eabi/10.3.1/../../../../arm-none-eabi/lib/thumb/v7e-m+fp/hard/libc_nano.a(lib_a-nano-freer.o)
 .ARM.attributes
                0x00000000000008b3       0x34 /Applications/STM32CubeIDE.app/Contents/Eclipse/plugins/com.st.stm32cube.ide.mcu.externaltools.gnu-tools-for-stm32.10.3-2021.10.macos64_1.0.200.202301161003/tools/bin/../lib/gcc/arm-none-eabi/10.3.1/../../../../arm-none-eabi/lib/thumb/v7e-m+fp/hard/libc_nano.a(lib_a-nano-mallocr.o)
 .ARM.attributes
                0x00000000000008e7       0x34 /Applications/STM32CubeIDE.app/Contents/Eclipse/plugins/com.st.stm32cube.ide.mcu.externaltools.gnu-tools-for-stm32.10.3-2021.10.macos64_1.0.200.202301161003/tools/bin/../lib/gcc/arm-none-eabi/10.3.1/../../../../arm-none-eabi/lib/thumb/v7e-m+fp/hard/libc_nano.a(lib_a-nano-vfprintf.o)
 .ARM.attributes
                0x000000000000091b       0x34 /Applications/STM32CubeIDE.app/Contents/Eclipse/plugins/com.st.stm32cube.ide.mcu.externaltools.gnu-tools-for-stm32.10.3-2021.10.macos64_1.0.200.202301161003/tools/bin/../lib/gcc/arm-none-eabi/10.3.1/../../../../arm-none-eabi/lib/thumb/v7e-m+fp/hard/libc_nano.a(lib_a-nano-vfprintf_i.o)
 .ARM.attributes
                0x000000000000094f       0x34 /Applications/STM32CubeIDE.app/Contents/Eclipse/plugins/com.st.stm32cube.ide.mcu.externaltools.gnu-tools-for-stm32.10.3-2021.10.macos64_1.0.200.202301161003/tools/bin/../lib/gcc/arm-none-eabi/10.3.1/../../../../arm-none-eabi/lib/thumb/v7e-m+fp/hard/libc_nano.a(lib_a-sbrkr.o)
 .ARM.attributes
                0x0000000000000983       0x34 /Applications/STM32CubeIDE.app/Contents/Eclipse/plugins/com.st.stm32cube.ide.mcu.externaltools.gnu-tools-for-stm32.10.3-2021.10.macos64_1.0.200.202301161003/tools/bin/../lib/gcc/arm-none-eabi/10.3.1/../../../../arm-none-eabi/lib/thumb/v7e-m+fp/hard/libc_nano.a(lib_a-stdio.o)
 .ARM.attributes
                0x00000000000009b7       0x34 /Applications/STM32CubeIDE.app/Contents/Eclipse/plugins/com.st.stm32cube.ide.mcu.externaltools.gnu-tools-for-stm32.10.3-2021.10.macos64_1.0.200.202301161003/tools/bin/../lib/gcc/arm-none-eabi/10.3.1/../../../../arm-none-eabi/lib/thumb/v7e-m+fp/hard/libc_nano.a(lib_a-writer.o)
 .ARM.attributes
                0x00000000000009eb       0x34 /Applications/STM32CubeIDE.app/Contents/Eclipse/plugins/com.st.stm32cube.ide.mcu.externaltools.gnu-tools-for-stm32.10.3-2021.10.macos64_1.0.200.202301161003/tools/bin/../lib/gcc/arm-none-eabi/10.3.1/../../../../arm-none-eabi/lib/thumb/v7e-m+fp/hard/libc_nano.a(lib_a-closer.o)
 .ARM.attributes
                0x0000000000000a1f       0x34 /Applications/STM32CubeIDE.app/Contents/Eclipse/plugins/com.st.stm32cube.ide.mcu.externaltools.gnu-tools-for-stm32.10.3-2021.10.macos64_1.0.200.202301161003/tools/bin/../lib/gcc/arm-none-eabi/10.3.1/../../../../arm-none-eabi/lib/thumb/v7e-m+fp/hard/libc_nano.a(lib_a-fstatr.o)
 .ARM.attributes
                0x0000000000000a53       0x34 /Applications/STM32CubeIDE.app/Contents/Eclipse/plugins/com.st.stm32cube.ide.mcu.externaltools.gnu-tools-for-stm32.10.3-2021.10.macos64_1.0.200.202301161003/tools/bin/../lib/gcc/arm-none-eabi/10.3.1/../../../../arm-none-eabi/lib/thumb/v7e-m+fp/hard/libc_nano.a(lib_a-isattyr.o)
 .ARM.attributes
                0x0000000000000a87       0x34 /Applications/STM32CubeIDE.app/Contents/Eclipse/plugins/com.st.stm32cube.ide.mcu.externaltools.gnu-tools-for-stm32.10.3-2021.10.macos64_1.0.200.202301161003/tools/bin/../lib/gcc/arm-none-eabi/10.3.1/../../../../arm-none-eabi/lib/thumb/v7e-m+fp/hard/libc_nano.a(lib_a-lseekr.o)
 .ARM.attributes
                0x0000000000000abb       0x1c /Applications/STM32CubeIDE.app/Contents/Eclipse/plugins/com.st.stm32cube.ide.mcu.externaltools.gnu-tools-for-stm32.10.3-2021.10.macos64_1.0.200.202301161003/tools/bin/../lib/gcc/arm-none-eabi/10.3.1/../../../../arm-none-eabi/lib/thumb/v7e-m+fp/hard/libc_nano.a(lib_a-memchr.o)
 .ARM.attributes
                0x0000000000000ad7       0x34 /Applications/STM32CubeIDE.app/Contents/Eclipse/plugins/com.st.stm32cube.ide.mcu.externaltools.gnu-tools-for-stm32.10.3-2021.10.macos64_1.0.200.202301161003/tools/bin/../lib/gcc/arm-none-eabi/10.3.1/../../../../arm-none-eabi/lib/thumb/v7e-m+fp/hard/libc_nano.a(lib_a-mlock.o)
 .ARM.attributes
                0x0000000000000b0b       0x34 /Applications/STM32CubeIDE.app/Contents/Eclipse/plugins/com.st.stm32cube.ide.mcu.externaltools.gnu-tools-for-stm32.10.3-2021.10.macos64_1.0.200.202301161003/tools/bin/../lib/gcc/arm-none-eabi/10.3.1/../../../../arm-none-eabi/lib/thumb/v7e-m+fp/hard/libc_nano.a(lib_a-readr.o)
 .ARM.attributes
                0x0000000000000b3f       0x34 /Applications/STM32CubeIDE.app/Contents/Eclipse/plugins/com.st.stm32cube.ide.mcu.externaltools.gnu-tools-for-stm32.10.3-2021.10.macos64_1.0.200.202301161003/tools/bin/../lib/gcc/arm-none-eabi/10.3.1/../../../../arm-none-eabi/lib/thumb/v7e-m+fp/hard/libc_nano.a(lib_a-reent.o)
 .ARM.attributes
                0x0000000000000b73       0x1e /Applications/STM32CubeIDE.app/Contents/Eclipse/plugins/com.st.stm32cube.ide.mcu.externaltools.gnu-tools-for-stm32.10.3-2021.10.macos64_1.0.200.202301161003/tools/bin/../lib/gcc/arm-none-eabi/10.3.1/thumb/v7e-m+fp/hard/libgcc.a(_aeabi_uldivmod.o)
 .ARM.attributes
                0x0000000000000b91       0x34 /Applications/STM32CubeIDE.app/Contents/Eclipse/plugins/com.st.stm32cube.ide.mcu.externaltools.gnu-tools-for-stm32.10.3-2021.10.macos64_1.0.200.202301161003/tools/bin/../lib/gcc/arm-none-eabi/10.3.1/thumb/v7e-m+fp/hard/libgcc.a(_udivmoddi4.o)
 .ARM.attributes
                0x0000000000000bc5       0x1e /Applications/STM32CubeIDE.app/Contents/Eclipse/plugins/com.st.stm32cube.ide.mcu.externaltools.gnu-tools-for-stm32.10.3-2021.10.macos64_1.0.200.202301161003/tools/bin/../lib/gcc/arm-none-eabi/10.3.1/thumb/v7e-m+fp/hard/libgcc.a(_dvmd_tls.o)
 .ARM.attributes
                0x0000000000000be3       0x1e /Applications/STM32CubeIDE.app/Contents/Eclipse/plugins/com.st.stm32cube.ide.mcu.externaltools.gnu-tools-for-stm32.10.3-2021.10.macos64_1.0.200.202301161003/tools/bin/../lib/gcc/arm-none-eabi/10.3.1/thumb/v7e-m+fp/hard/crtn.o
OUTPUT(UserApp.elf elf32-littlearm)
LOAD linker stubs
LOAD /Applications/STM32CubeIDE.app/Contents/Eclipse/plugins/com.st.stm32cube.ide.mcu.externaltools.gnu-tools-for-stm32.10.3-2021.10.macos64_1.0.200.202301161003/tools/bin/../lib/gcc/arm-none-eabi/10.3.1/../../../../arm-none-eabi/lib/thumb/v7e-m+fp/hard/libc.a
LOAD /Applications/STM32CubeIDE.app/Contents/Eclipse/plugins/com.st.stm32cube.ide.mcu.externaltools.gnu-tools-for-stm32.10.3-2021.10.macos64_1.0.200.202301161003/tools/bin/../lib/gcc/arm-none-eabi/10.3.1/../../../../arm-none-eabi/lib/thumb/v7e-m+fp/hard/libm.a
LOAD /Applications/STM32CubeIDE.app/Contents/Eclipse/plugins/com.st.stm32cube.ide.mcu.externaltools.gnu-tools-for-stm32.10.3-2021.10.macos64_1.0.200.202301161003/tools/bin/../lib/gcc/arm-none-eabi/10.3.1/thumb/v7e-m+fp/hard/libgcc.a

.debug_info     0x0000000000000000    0x10dbd
 .debug_info    0x0000000000000000      0x29d ./Application/SFU_Services/sfu_app_new_image.o
 .debug_info    0x000000000000029d       0x22 ./Application/Startup/startup_stm32f413xx.o
 .debug_info    0x00000000000002bf       0x26 ./Application/Startup/svc_handler.o
 .debug_info    0x00000000000002e5     0x1435 ./Application/User/com.o
 .debug_info    0x000000000000171a      0x1e6 ./Application/User/common.o
 .debug_info    0x0000000000001900      0x92c ./Application/User/flash_if.o
 .debug_info    0x000000000000222c      0xaaa ./Application/User/fw_update_app.o
 .debug_info    0x0000000000002cd6      0xb00 ./Application/User/main.o
 .debug_info    0x00000000000037d6      0x37a ./Application/User/mpu.o
 .debug_info    0x0000000000003b50      0x4b8 ./Application/User/se_user_code.o
 .debug_info    0x0000000000004008      0x530 ./Application/User/stm32f4xx_it.o
 .debug_info    0x0000000000004538      0x874 ./Application/User/syscalls.o
 .debug_info    0x0000000000004dac      0xf67 ./Application/User/test_protections.o
 .debug_info    0x0000000000005d13      0x8a8 ./Application/User/ymodem.o
 .debug_info    0x00000000000065bb     0x264f ./Drivers/BSP/STM32F413H-Discovery/stm32f413h_discovery.o
 .debug_info    0x0000000000008c0a      0x582 ./Drivers/CMSIS/system_stm32f4xx.o
 .debug_info    0x000000000000918c      0xad6 ./Drivers/STM32F4xx_HAL_Driver/stm32f4xx_hal.o
 .debug_info    0x0000000000009c62     0x10da ./Drivers/STM32F4xx_HAL_Driver/stm32f4xx_hal_cortex.o
 .debug_info    0x000000000000ad3c      0x77d ./Drivers/STM32F4xx_HAL_Driver/stm32f4xx_hal_flash.o
 .debug_info    0x000000000000b4b9      0xafd ./Drivers/STM32F4xx_HAL_Driver/stm32f4xx_hal_flash_ex.o