/Users/mac/Downloads/STM32CubeExpansion_SBSFU_V2.6.2/Projects/STM32F413H-Discovery/Applications/1_Image/1_Image_SBSFU/SBSFU/App/sfu_loader.c:697:24:SFU_LOADER_VerifyFwHeader	56	static
/Users/mac/Downloads/STM32CubeExpansion_SBSFU_V2.6.2/Projects/STM32F413H-Discovery/Applications/1_Image/1_Image_SBSFU/SBSFU/App/sfu_loader.c:58:17:SFU_LOADER_Init	0	static
/Users/mac/Downloads/STM32CubeExpansion_SBSFU_V2.6.2/Projects/STM32F413H-Discovery/Applications/1_Image/1_Image_SBSFU/SBSFU/App/sfu_loader.c:83:17:SFU_LOADER_DeInit	0	static
/Users/mac/Downloads/STM32CubeExpansion_SBSFU_V2.6.2/Projects/STM32F413H-Discovery/Applications/1_Image/1_Image_SBSFU/SBSFU/App/sfu_loader.c:100:17:SFU_LOADER_DownloadNewUserFw	80	static
/Users/mac/Downloads/STM32CubeExpansion_SBSFU_V2.6.2/Projects/STM32F413H-Discovery/Applications/1_Image/1_Image_SBSFU/SBSFU/App/sfu_loader.c:182:17:SFU_COM_YMODEM_HeaderPktRxCpltCallback	8	static
/Users/mac/Downloads/STM32CubeExpansion_SBSFU_V2.6.2/Projects/STM32F413H-Discovery/Applications/1_Image/1_Image_SBSFU/SBSFU/App/sfu_loader.c:215:17:SFU_COM_YMODEM_DataPktRxCpltCallback	48	static
