Archive member included to satisfy reference by file (symbol)

/Applications/STM32CubeIDE.app/Contents/Eclipse/plugins/com.st.stm32cube.ide.mcu.externaltools.gnu-tools-for-stm32.10.3-2021.10.macos64_1.0.200.202301161003/tools/bin/../lib/gcc/arm-none-eabi/10.3.1/../../../../arm-none-eabi/lib/thumb/v7e-m+fp/hard/libc_nano.a(lib_a-errno.o)
                              ./Application/Core/syscalls.o (__errno)
/Applications/STM32CubeIDE.app/Contents/Eclipse/plugins/com.st.stm32cube.ide.mcu.externaltools.gnu-tools-for-stm32.10.3-2021.10.macos64_1.0.200.202301161003/tools/bin/../lib/gcc/arm-none-eabi/10.3.1/../../../../arm-none-eabi/lib/thumb/v7e-m+fp/hard/libc_nano.a(lib_a-exit.o)
                              /Applications/STM32CubeIDE.app/Contents/Eclipse/plugins/com.st.stm32cube.ide.mcu.externaltools.gnu-tools-for-stm32.10.3-2021.10.macos64_1.0.200.202301161003/tools/bin/../lib/gcc/arm-none-eabi/10.3.1/../../../../arm-none-eabi/lib/thumb/v7e-m+fp/hard/crt0.o (exit)
/Applications/STM32CubeIDE.app/Contents/Eclipse/plugins/com.st.stm32cube.ide.mcu.externaltools.gnu-tools-for-stm32.10.3-2021.10.macos64_1.0.200.202301161003/tools/bin/../lib/gcc/arm-none-eabi/10.3.1/../../../../arm-none-eabi/lib/thumb/v7e-m+fp/hard/libc_nano.a(lib_a-impure.o)
                              /Applications/STM32CubeIDE.app/Contents/Eclipse/plugins/com.st.stm32cube.ide.mcu.externaltools.gnu-tools-for-stm32.10.3-2021.10.macos64_1.0.200.202301161003/tools/bin/../lib/gcc/arm-none-eabi/10.3.1/../../../../arm-none-eabi/lib/thumb/v7e-m+fp/hard/libc_nano.a(lib_a-exit.o) (_global_impure_ptr)
/Applications/STM32CubeIDE.app/Contents/Eclipse/plugins/com.st.stm32cube.ide.mcu.externaltools.gnu-tools-for-stm32.10.3-2021.10.macos64_1.0.200.202301161003/tools/bin/../lib/gcc/arm-none-eabi/10.3.1/../../../../arm-none-eabi/lib/thumb/v7e-m+fp/hard/libc_nano.a(lib_a-init.o)
                              /Applications/STM32CubeIDE.app/Contents/Eclipse/plugins/com.st.stm32cube.ide.mcu.externaltools.gnu-tools-for-stm32.10.3-2021.10.macos64_1.0.200.202301161003/tools/bin/../lib/gcc/arm-none-eabi/10.3.1/../../../../arm-none-eabi/lib/thumb/v7e-m+fp/hard/crt0.o (__libc_init_array)
/Applications/STM32CubeIDE.app/Contents/Eclipse/plugins/com.st.stm32cube.ide.mcu.externaltools.gnu-tools-for-stm32.10.3-2021.10.macos64_1.0.200.202301161003/tools/bin/../lib/gcc/arm-none-eabi/10.3.1/../../../../arm-none-eabi/lib/thumb/v7e-m+fp/hard/libc_nano.a(lib_a-memcmp.o)
                              ./Application/SBSFU/App/sfu_fwimg_common.o (memcmp)
/Applications/STM32CubeIDE.app/Contents/Eclipse/plugins/com.st.stm32cube.ide.mcu.externaltools.gnu-tools-for-stm32.10.3-2021.10.macos64_1.0.200.202301161003/tools/bin/../lib/gcc/arm-none-eabi/10.3.1/../../../../arm-none-eabi/lib/thumb/v7e-m+fp/hard/libc_nano.a(lib_a-memcpy-stub.o)
                              ./Application/SBSFU/App/sfu_fwimg_common.o (memcpy)
/Applications/STM32CubeIDE.app/Contents/Eclipse/plugins/com.st.stm32cube.ide.mcu.externaltools.gnu-tools-for-stm32.10.3-2021.10.macos64_1.0.200.202301161003/tools/bin/../lib/gcc/arm-none-eabi/10.3.1/../../../../arm-none-eabi/lib/thumb/v7e-m+fp/hard/libc_nano.a(lib_a-memset.o)
                              /Applications/STM32CubeIDE.app/Contents/Eclipse/plugins/com.st.stm32cube.ide.mcu.externaltools.gnu-tools-for-stm32.10.3-2021.10.macos64_1.0.200.202301161003/tools/bin/../lib/gcc/arm-none-eabi/10.3.1/../../../../arm-none-eabi/lib/thumb/v7e-m+fp/hard/crt0.o (memset)
/Applications/STM32CubeIDE.app/Contents/Eclipse/plugins/com.st.stm32cube.ide.mcu.externaltools.gnu-tools-for-stm32.10.3-2021.10.macos64_1.0.200.202301161003/tools/bin/../lib/gcc/arm-none-eabi/10.3.1/../../../../arm-none-eabi/lib/thumb/v7e-m+fp/hard/libc_nano.a(lib_a-printf.o)
                              ./Application/SBSFU/App/sfu_boot.o (printf)
/Applications/STM32CubeIDE.app/Contents/Eclipse/plugins/com.st.stm32cube.ide.mcu.externaltools.gnu-tools-for-stm32.10.3-2021.10.macos64_1.0.200.202301161003/tools/bin/../lib/gcc/arm-none-eabi/10.3.1/../../../../arm-none-eabi/lib/thumb/v7e-m+fp/hard/libc_nano.a(lib_a-puts.o)
                              ./Application/SBSFU/App/sfu_boot.o (puts)
/Applications/STM32CubeIDE.app/Contents/Eclipse/plugins/com.st.stm32cube.ide.mcu.externaltools.gnu-tools-for-stm32.10.3-2021.10.macos64_1.0.200.202301161003/tools/bin/../lib/gcc/arm-none-eabi/10.3.1/../../../../arm-none-eabi/lib/thumb/v7e-m+fp/hard/libc_nano.a(lib_a-setvbuf.o)
                              ./Application/SBSFU/App/sfu_com_trace.o (setvbuf)
/Applications/STM32CubeIDE.app/Contents/Eclipse/plugins/com.st.stm32cube.ide.mcu.externaltools.gnu-tools-for-stm32.10.3-2021.10.macos64_1.0.200.202301161003/tools/bin/../lib/gcc/arm-none-eabi/10.3.1/../../../../arm-none-eabi/lib/thumb/v7e-m+fp/hard/libc_nano.a(lib_a-wbuf.o)
[...]
Memory Configuration

Name             Origin             Length             Attributes
SE_Entry_Secure_ROM_Region 0x0000000008000200 0x0000000000000200 xr
SE_Key_region_ROM 0x0000000008000400 0x0000000000000100 xr
SE_Startup_region_ROM 0x0000000008000500 0x0000000000000100 xr
SE_ROM_region    0x0000000008000600 0x0000000000005400 xr
SE_IF_region_ROM 0x0000000008005a00 0x0000000000000800 xr
SB_ROM_region    0x0000000008006200 0x0000000000008e00 xr
SE_RAM_region    0x0000000020000400 0x0000000000000c00 xrw
SB_RAM_region    0x0000000020001000 0x000000000000b000 xrw
ISR_VECTOR       0x0000000008000000 0x0000000000000200 xr
SE_Binary_region_ROM 0x0000000008000200 0x0000000000005800 xr
*default*        0x0000000000000000 0xffffffffffffffff

Linker script and memory map

LOAD /Applications/STM32CubeIDE.app/Contents/Eclipse/plugins/com.st.stm32cube.ide.mcu.externaltools.gnu-tools-for-stm32.10.3-2021.10.macos64_1.0.200.202301161003/tools/bin/../lib/gcc/arm-none-eabi/10.3.1/thumb/v7e-m+fp/hard/crti.o
LOAD /Applications/STM32CubeIDE.app/Contents/Eclipse/plugins/com.st.stm32cube.ide.mcu.externaltools.gnu-tools-for-stm32.10.3-2021.10.macos64_1.0.200.202301161003/tools/bin/../lib/gcc/arm-none-eabi/10.3.1/thumb/v7e-m+fp/hard/crtbegin.o
LOAD /Applications/STM32CubeIDE.app/Contents/Eclipse/plugins/com.st.stm32cube.ide.mcu.externaltools.gnu-tools-for-stm32.10.3-2021.10.macos64_1.0.200.202301161003/tools/bin/../lib/gcc/arm-none-eabi/10.3.1/../../../../arm-none-eabi/lib/thumb/v7e-m+fp/hard/crt0.o
LOAD ./Application/Core/main.o
LOAD ./Application/Core/sfu_secorebin_Inc.o
LOAD ./Application/Core/stm32f4xx_hal_msp.o
LOAD ./Application/Core/stm32f4xx_it.o
LOAD ./Application/Core/syscalls.o
LOAD ./Application/SBSFU/App/sfu_boot.o
LOAD ./Application/SBSFU/App/sfu_com_loader.o
LOAD ./Application/SBSFU/App/sfu_com_trace.o
LOAD ./Application/SBSFU/App/sfu_error.o
LOAD ./Application/SBSFU/App/sfu_fwimg_common.o
LOAD ./Application/SBSFU/App/sfu_fwimg_no_swap.o
LOAD ./Application/SBSFU/App/sfu_fwimg_swap.o
LOAD ./Application/SBSFU/App/sfu_loader.o
LOAD ./Application/SBSFU/App/sfu_mpu_isolation.o
LOAD ./Application/SBSFU/App/sfu_new_image.o
LOAD ./Application/SBSFU/App/sfu_test.o
LOAD ./Application/SBSFU/Target/sfu_low_level.o
LOAD ./Application/SBSFU/Target/sfu_low_level_flash.o
LOAD ./Application/SBSFU/Target/sfu_low_level_flash_ext.o
LOAD ./Application/SBSFU/Target/sfu_low_level_flash_int.o
LOAD ./Application/SBSFU/Target/sfu_low_level_security.o
LOAD ./Application/Startup/sfu_se_mpu.o
LOAD ./Application/Startup/startup_stm32f413xx.o
LOAD ./Drivers/BSP/STM32F413H-Discovery/stm32f413h_discovery.o
LOAD ./Drivers/CMSIS/system_stm32f4xx.o
LOAD ./Drivers/STM32F4xx_HAL_Driver/stm32f4xx_hal.o
LOAD ./Drivers/STM32F4xx_HAL_Driver/stm32f4xx_hal_adc.o
LOAD ./Drivers/STM32F4xx_HAL_Driver/stm32f4xx_hal_adc_ex.o
LOAD ./Drivers/STM32F4xx_HAL_Driver/stm32f4xx_hal_cortex.o
LOAD ./Drivers/STM32F4xx_HAL_Driver/stm32f4xx_hal_crc.o
LOAD ./Drivers/STM32F4xx_HAL_Driver/stm32f4xx_hal_dma.o
LOAD ./Drivers/STM32F4xx_HAL_Driver/stm32f4xx_hal_dma_ex.o
LOAD ./Drivers/STM32F4xx_HAL_Driver/stm32f4xx_hal_flash.o
LOAD ./Drivers/STM32F4xx_HAL_Driver/stm32f4xx_hal_flash_ex.o
LOAD ./Drivers/STM32F4xx_HAL_Driver/stm32f4xx_hal_gpio.o
LOAD ./Drivers/STM32F4xx_HAL_Driver/stm32f4xx_hal_i2c.o
LOAD ./Drivers/STM32F4xx_HAL_Driver/stm32f4xx_hal_i2c_ex.o
LOAD ./Drivers/STM32F4xx_HAL_Driver/stm32f4xx_hal_iwdg.o
LOAD ./Drivers/STM32F4xx_HAL_Driver/stm32f4xx_hal_pwr.o
LOAD ./Drivers/STM32F4xx_HAL_Driver/stm32f4xx_hal_pwr_ex.o
LOAD ./Drivers/STM32F4xx_HAL_Driver/stm32f4xx_hal_rcc.o
LOAD ./Drivers/STM32F4xx_HAL_Driver/stm32f4xx_hal_rcc_ex.o
LOAD ./Drivers/STM32F4xx_HAL_Driver/stm32f4xx_hal_rtc.o
LOAD ./Drivers/STM32F4xx_HAL_Driver/stm32f4xx_hal_rtc_ex.o
LOAD ./Drivers/STM32F4xx_HAL_Driver/stm32f4xx_hal_spi.o
LOAD ./Drivers/STM32F4xx_HAL_Driver/stm32f4xx_hal_tim.o
LOAD ./Drivers/STM32F4xx_HAL_Driver/stm32f4xx_hal_tim_ex.o
LOAD ./Drivers/STM32F4xx_HAL_Driver/stm32f4xx_hal_uart.o
LOAD ./Middlewares/STM32_Secure_Engine/se_interface_application.o
LOAD ./Middlewares/STM32_Secure_Engine/se_interface_bootloader.o
LOAD ./Middlewares/STM32_Secure_Engine/se_interface_common.o
START GROUP
LOAD /Applications/STM32CubeIDE.app/Contents/Eclipse/plugins/com.st.stm32cube.ide.mcu.externaltools.gnu-tools-for-stm32.10.3-2021.10.macos64_1.0.200.202301161003/tools/bin/../lib/gcc/arm-none-eabi/10.3.1/../../../../arm-none-eabi/lib/thumb/v7e-m+fp/hard/libc_nano.a
LOAD /Applications/STM32CubeIDE.app/Contents/Eclipse/plugins/com.st.stm32cube.ide.mcu.externaltools.gnu-tools-for-stm32.10.3-2021.10.macos64_1.0.200.202301161003/tools/bin/../lib/gcc/arm-none-eabi/10.3.1/../../../../arm-none-eabi/lib/thumb/v7e-m+fp/hard/libm.a
END GROUP
START GROUP
LOAD /Applications/STM32CubeIDE.app/Contents/Eclipse/plugins/com.st.stm32cube.ide.mcu.externaltools.gnu-tools-for-stm32.10.3-2021.10.macos64_1.0.200.202301161003/tools/bin/../lib/gcc/arm-none-eabi/10.3.1/thumb/v7e-m+fp/hard/libgcc.a
LOAD /Applications/STM32CubeIDE.app/Contents/Eclipse/plugins/com.st.stm32cube.ide.mcu.externaltools.gnu-tools-for-stm32.10.3-2021.10.macos64_1.0.200.202301161003/tools/bin/../lib/gcc/arm-none-eabi/10.3.1/../../../../arm-none-eabi/lib/thumb/v7e-m+fp/hard/libc_nano.a
END GROUP
START GROUP
LOAD /Applications/STM32CubeIDE.app/Contents/Eclipse/plugins/com.st.stm32cube.ide.mcu.externaltools.gnu-tools-for-stm32.10.3-2021.10.macos64_1.0.200.202301161003/tools/bin/../lib/gcc/arm-none-eabi/10.3.1/thumb/v7e-m+fp/hard/libgcc.a
LOAD /Applications/STM32CubeIDE.app/Contents/Eclipse/plugins/com.st.stm32cube.ide.mcu.externaltools.gnu-tools-for-stm32.10.3-2021.10.macos64_1.0.200.202301161003/tools/bin/../lib/gcc/arm-none-eabi/10.3.1/../../../../arm-none-eabi/lib/thumb/v7e-m+fp/hard/libc_nano.a
LOAD /Applications/STM32CubeIDE.app/Contents/Eclipse/plugins/com.st.stm32cube.ide.mcu.externaltools.gnu-tools-for-stm32.10.3-2021.10.macos64_1.0.200.202301161003/tools/bin/../lib/gcc/arm-none-eabi/10.3.1/../../../../arm-none-eabi/lib/thumb/v7e-m+fp/hard/libnosys.a
END GROUP
START GROUP
LOAD /Applications/STM32CubeIDE.app/Contents/Eclipse/plugins/com.st.stm32cube.ide.mcu.externaltools.gnu-tools-for-stm32.10.3-2021.10.macos64_1.0.200.202301161003/tools/bin/../lib/gcc/arm-none-eabi/10.3.1/thumb/v7e-m+fp/hard/libgcc.a
LOAD /Applications/STM32CubeIDE.app/Contents/Eclipse/plugins/com.st.stm32cube.ide.mcu.externaltools.gnu-tools-for-stm32.10.3-2021.10.macos64_1.0.200.202301161003/tools/bin/../lib/gcc/arm-none-eabi/10.3.1/../../../../arm-none-eabi/lib/thumb/v7e-m+fp/hard/libc_nano.a
LOAD /Applications/STM32CubeIDE.app/Contents/Eclipse/plugins/com.st.stm32cube.ide.mcu.externaltools.gnu-tools-for-stm32.10.3-2021.10.macos64_1.0.200.202301161003/tools/bin/../lib/gcc/arm-none-eabi/10.3.1/../../../../arm-none-eabi/lib/thumb/v7e-m+fp/hard/libnosys.a
END GROUP
LOAD /Applications/STM32CubeIDE.app/Contents/Eclipse/plugins/com.st.stm32cube.ide.mcu.externaltools.gnu-tools-for-stm32.10.3-2021.10.macos64_1.0.200.202301161003/tools/bin/../lib/gcc/arm-none-eabi/10.3.1/thumb/v7e-m+fp/hard/crtend.o
LOAD /Applications/STM32CubeIDE.app/Contents/Eclipse/plugins/com.st.stm32cube.ide.mcu.externaltools.gnu-tools-for-stm32.10.3-2021.10.macos64_1.0.200.202301161003/tools/bin/../lib/gcc/arm-none-eabi/10.3.1/thumb/v7e-m+fp/hard/crtn.o
                0x000000002000c000                _estack = 0x2000c000
                0x0000000000000000                _Min_Heap_Size = 0x0
                0x0000000000002000                _Min_Stack_Size = 0x2000
                0x0000000008010000                __ICFEDIT_SWAP_start__ = 0x8010000
                0x0000000008010fff                __ICFEDIT_SWAP_end__ = 0x8010fff
                0x0000000008012000                __ICFEDIT_SLOT_Active_1_start__ = 0x8012000
                0x0000000008028fff                __ICFEDIT_SLOT_Active_1_end__ = 0x8028fff
                0x0000000008012000                __ICFEDIT_SLOT_Active_1_header__ = __ICFEDIT_SLOT_Active_1_start__
                0x0000000008029000                __ICFEDIT_SLOT_Dwl_1_start__ = 0x8029000
                0x000000000803ffff                __ICFEDIT_SLOT_Dwl_1_end__ = 0x803ffff
                0x0000000000000000                __ICFEDIT_SLOT_Active_2_header__ = 0x0
                0x0000000000000000                __ICFEDIT_SLOT_Active_2_start__ = 0x0
                0x0000000000000000                __ICFEDIT_SLOT_Active_2_end__ = 0x0
                0x0000000000000000                __ICFEDIT_SLOT_Active_3_header__ = 0x0
                0x0000000000000000                __ICFEDIT_SLOT_Active_3_start__ = 0x0
                0x0000000000000000                __ICFEDIT_SLOT_Active_3_end__ = 0x0
                0x0000000000000000                __ICFEDIT_SLOT_Dwl_2_start__ = 0x0
                0x0000000000000000                __ICFEDIT_SLOT_Dwl_2_end__ = 0x0
                0x0000000000000000                __ICFEDIT_SLOT_Dwl_3_start__ = 0x0
                0x0000000000000000                __ICFEDIT_SLOT_Dwl_3_end__ = 0x0
                0x0000000000000200                VECTOR_SIZE = 0x200
                0x0000000008000200                __ICFEDIT_SE_Code_region_ROM_start__ = (0x8000000 + VECTOR_SIZE)
                0x0000000008000200                __ICFEDIT_SE_CallGate_region_ROM_start__ = __ICFEDIT_SE_Code_region_ROM_start__
                0x00000000080003ff                __ICFEDIT_SE_CallGate_region_ROM_end__ = (__ICFEDIT_SE_Code_region_ROM_start__ + 0x1ff)
                0x0000000008000400                __ICFEDIT_SE_Key_region_ROM_start__ = (__ICFEDIT_SE_CallGate_region_ROM_end__ + 0x1)
                0x00000000080004ff                __ICFEDIT_SE_Key_region_ROM_end__ = (__ICFEDIT_SE_Key_region_ROM_start__ + 0xff)
                0x0000000008000500                __ICFEDIT_SE_Startup_region_ROM_start__ = (__ICFEDIT_SE_Key_region_ROM_end__ + 0x1)
                0x0000000008000600                __ICFEDIT_SE_Code_nokey_region_ROM_start__ = (__ICFEDIT_SE_Startup_region_ROM_start__ + 0x100)
                0x00000000080059ff                __ICFEDIT_SE_Code_region_ROM_end__ = (__ICFEDIT_SE_Startup_region_ROM_start__ + 0x54ff)
                0x0000000008005a00                __ICFEDIT_SE_IF_region_ROM_start__ = (__ICFEDIT_SE_Code_region_ROM_end__ + 0x1)
                0x00000000080061ff                __ICFEDIT_SE_IF_region_ROM_end__ = (__ICFEDIT_SE_IF_region_ROM_start__ + 0x7ff)
                0x0000000008006200                __ICFEDIT_SB_region_ROM_start__ = (__ICFEDIT_SE_IF_region_ROM_end__ + 0x1)
                0x000000000800efff                __ICFEDIT_SB_region_ROM_end__ = 0x800efff
                0x0000000000000200                SE_Entry_Secure_ROM_Region_Length = ((__ICFEDIT_SE_CallGate_region_ROM_end__ - __ICFEDIT_SE_CallGate_region_ROM_start__) + 0x1)
                0x0000000000000100                SE_Key_region_ROM_Length = ((__ICFEDIT_SE_Key_region_ROM_end__ - __ICFEDIT_SE_Key_region_ROM_start__) + 0x1)
                0x0000000000000100                SE_Startup_region_ROM_Length = (__ICFEDIT_SE_Code_nokey_region_ROM_start__ - __ICFEDIT_SE_Startup_region_ROM_start__)
                0x0000000000005400                SE_ROM_region_Length = ((__ICFEDIT_SE_Code_region_ROM_end__ - __ICFEDIT_SE_Code_nokey_region_ROM_start__) + 0x1)
                0x0000000000000800                SE_IF_region_ROM_Length = ((__ICFEDIT_SE_IF_region_ROM_end__ - __ICFEDIT_SE_IF_region_ROM_start__) + 0x1)
                0x0000000000008e00                SB_ROM_region_Length = ((__ICFEDIT_SB_region_ROM_end__ - __ICFEDIT_SB_region_ROM_start__) + 0x1)
                0x0000000020000000                __ICFEDIT_SE_region_RAM_start__ = 0x20000000
                0x0000000020000400                __ICFEDIT_SE_region_RAM_stack_top__ = 0x20000400
                0x0000000020000fff                __ICFEDIT_SE_region_RAM_end__ = 0x20000fff
                0x0000000020001000                __ICFEDIT_SB_region_RAM_start__ = (__ICFEDIT_SE_region_RAM_end__ + 0x1)
                0x000000002000bfff                __ICFEDIT_SB_region_RAM_end__ = 0x2000bfff
                0x0000000000000c00                SE_RAM_region_Length = ((__ICFEDIT_SE_region_RAM_end__ - __ICFEDIT_SE_region_RAM_stack_top__) + 0x1)
                0x000000000000b000                SB_RAM_region_Length = ((__ICFEDIT_SB_region_RAM_end__ - __ICFEDIT_SB_region_RAM_start__) + 0x1)
                0x0000000008000000                __ICFEDIT_intvec_start__ = 0x8000000
                0x0000000000005800                SE_Binary_region_ROM_Length = ((__ICFEDIT_SE_Code_region_ROM_end__ - __ICFEDIT_SE_CallGate_region_ROM_start__) + 0x1)

.isr_vector     0x0000000008000000      0x1d8
                0x0000000008000000                . = ALIGN (0x8)
 *(.isr_vector)
 .isr_vector    0x0000000008000000      0x1d8 ./Application/Startup/startup_stm32f413xx.o
                0x0000000008000000                g_pfnVectors
                0x00000000080001d8                . = ALIGN (0x8)

.text.SE_CORE_Bin
                0x0000000008000200     0x4ab0
                0x0000000008000200                SE_CORE_Bin_start = .
 *(SE_CORE_Bin)
 SE_CORE_Bin    0x0000000008000200     0x4ab0 ./Application/Core/sfu_secorebin_Inc.o
                0x0000000008004cb0                SE_CORE_Bin_end = .

.SE_IF_Code     0x0000000008005a00      0x75c
 *se_interface_application.o(.text .text*)
 .text          0x0000000008005a00        0x0 ./Middlewares/STM32_Secure_Engine/se_interface_application.o
 .text.SE_APP_GetActiveFwInfo
                0x0000000008005a00       0x48 ./Middlewares/STM32_Secure_Engine/se_interface_application.o
                0x0000000008005a00                SE_APP_GetActiveFwInfo
 .text.SE_APP_SVC_Handler
                0x0000000008005a48        0x4 ./Middlewares/STM32_Secure_Engine/se_interface_application.o
                0x0000000008005a48                SE_APP_SVC_Handler
 *se_interface_bootloader.o(.text .text*)
 .text          0x0000000008005a4c        0x0 ./Middlewares/STM32_Secure_Engine/se_interface_bootloader.o
 .text.SE_Init  0x0000000008005a4c       0x4c ./Middlewares/STM32_Secure_Engine/se_interface_bootloader.o
                0x0000000008005a4c                SE_Init
 .text.SE_Startup
                0x0000000008005a98       0x48 ./Middlewares/STM32_Secure_Engine/se_interface_bootloader.o
                0x0000000008005a98                SE_Startup
 .text.SE_LockRestrictServices
                0x0000000008005ae0       0x60 ./Middlewares/STM32_Secure_Engine/se_interface_bootloader.o
                0x0000000008005ae0                SE_LockRestrictServices
 .text.SE_CM0_Update
                0x0000000008005b40       0x60 ./Middlewares/STM32_Secure_Engine/se_interface_bootloader.o
                0x0000000008005b40                SE_CM0_Update
 .text.SE_ExtFlash_Decrypt_Init
                0x0000000008005ba0       0x64 ./Middlewares/STM32_Secure_Engine/se_interface_bootloader.o
                0x0000000008005ba0                SE_ExtFlash_Decrypt_Init
 .text.SE_SFU_IMG_Read
                0x0000000008005c04       0x70 ./Middlewares/STM32_Secure_Engine/se_interface_bootloader.o
                0x0000000008005c04                SE_SFU_IMG_Read
 .text.SE_SFU_IMG_Write
                0x0000000008005c74       0x70 ./Middlewares/STM32_Secure_Engine/se_interface_bootloader.o
                0x0000000008005c74                SE_SFU_IMG_Write
 .text.SE_SFU_IMG_Erase
                0x0000000008005ce4       0x68 ./Middlewares/STM32_Secure_Engine/se_interface_bootloader.o
                0x0000000008005ce4                SE_SFU_IMG_Erase
 .text.SE_Decrypt_Init
                0x0000000008005d4c       0x6c ./Middlewares/STM32_Secure_Engine/se_interface_bootloader.o
                0x0000000008005d4c                SE_Decrypt_Init
 .text.SE_Decrypt_Append
                0x0000000008005db8       0x7c ./Middlewares/STM32_Secure_Engine/se_interface_bootloader.o
                0x0000000008005db8                SE_Decrypt_Append
 .text.SE_Decrypt_Finish
                0x0000000008005e34       0x68 ./Middlewares/STM32_Secure_Engine/se_interface_bootloader.o
                0x0000000008005e34                SE_Decrypt_Finish
 .text.SE_AuthenticateFW_Init
                0x0000000008005e9c       0x6c ./Middlewares/STM32_Secure_Engine/se_interface_bootloader.o
                0x0000000008005e9c                SE_AuthenticateFW_Init
 .text.SE_AuthenticateFW_Append
                0x0000000008005f08       0x7c ./Middlewares/STM32_Secure_Engine/se_interface_bootloader.o
                0x0000000008005f08                SE_AuthenticateFW_Append
 .text.SE_AuthenticateFW_Finish
                0x0000000008005f84       0x68 ./Middlewares/STM32_Secure_Engine/se_interface_bootloader.o
                0x0000000008005f84                SE_AuthenticateFW_Finish
 .text.SE_VerifyHeaderSignature
                0x0000000008005fec       0x60 ./Middlewares/STM32_Secure_Engine/se_interface_bootloader.o
                0x0000000008005fec                SE_VerifyHeaderSignature
 *se_interface_common.o(.text .text*)
 .text          0x000000000800604c        0x0 ./Middlewares/STM32_Secure_Engine/se_interface_common.o
 .text.SE_EnterSecureMode
                0x000000000800604c        0xa ./Middlewares/STM32_Secure_Engine/se_interface_common.o
                0x000000000800604c                SE_EnterSecureMode
 .text.SE_ExitSecureMode
                0x0000000008006056        0x8 ./Middlewares/STM32_Secure_Engine/se_interface_common.o
                0x0000000008006056                SE_ExitSecureMode
 .text.SE_IsUnprivileged
                0x000000000800605e       0x14 ./Middlewares/STM32_Secure_Engine/se_interface_common.o
                0x000000000800605e                SE_IsUnprivileged
 .text.SE_SysCall
                0x0000000008006072        0x4 ./Middlewares/STM32_Secure_Engine/se_interface_common.o
                0x0000000008006072                SE_SysCall
 *fill*         0x0000000008006076        0x2 
 .text.SE_SVC_Handler
                0x0000000008006078       0xe4 ./Middlewares/STM32_Secure_Engine/se_interface_common.o
                0x0000000008006078                SE_SVC_Handler

.text           0x0000000008006200     0x4ec0
                0x0000000008006200                . = ALIGN (0x8)
 *(.text)
 .text          0x0000000008006200       0x40 /Applications/STM32CubeIDE.app/Contents/Eclipse/plugins/com.st.stm32cube.ide.mcu.externaltools.gnu-tools-for-stm32.10.3-2021.10.macos64_1.0.200.202301161003/tools/bin/../lib/gcc/arm-none-eabi/10.3.1/thumb/v7e-m+fp/hard/crtbegin.o
 .text          0x0000000008006240       0x36 ./Application/Startup/sfu_se_mpu.o
                0x0000000008006240                SVC_Handler
                0x0000000008006248                jump_to_function
                0x0000000008006250                launch_application
 *fill*         0x0000000008006276        0xa 
 .text          0x0000000008006280       0xa0 /Applications/STM32CubeIDE.app/Contents/Eclipse/plugins/com.st.stm32cube.ide.mcu.externaltools.gnu-tools-for-stm32.10.3-2021.10.macos64_1.0.200.202301161003/tools/bin/../lib/gcc/arm-none-eabi/10.3.1/../../../../arm-none-eabi/lib/thumb/v7e-m+fp/hard/libc_nano.a(lib_a-memchr.o)
                0x0000000008006280                memchr
 .text          0x0000000008006320       0x30 /Applications/STM32CubeIDE.app/Contents/Eclipse/plugins/com.st.stm32cube.ide.mcu.externaltools.gnu-tools-for-stm32.10.3-2021.10.macos64_1.0.200.202301161003/tools/bin/../lib/gcc/arm-none-eabi/10.3.1/thumb/v7e-m+fp/hard/libgcc.a(_aeabi_uldivmod.o)
                0x0000000008006320                __aeabi_uldivmod
 .text          0x0000000008006350      0x2d0 /Applications/STM32CubeIDE.app/Contents/Eclipse/plugins/com.st.stm32cube.ide.mcu.externaltools.gnu-tools-for-stm32.10.3-2021.10.macos64_1.0.200.202301161003/tools/bin/../lib/gcc/arm-none-eabi/10.3.1/thumb/v7e-m+fp/hard/libgcc.a(_udivmoddi4.o)
                0x0000000008006350                __udivmoddi4
 .text          0x0000000008006620        0x4 /Applications/STM32CubeIDE.app/Contents/Eclipse/plugins/com.st.stm32cube.ide.mcu.externaltools.gnu-tools-for-stm32.10.3-2021.10.macos64_1.0.200.202301161003/tools/bin/../lib/gcc/arm-none-eabi/10.3.1/thumb/v7e-m+fp/hard/libgcc.a(_dvmd_tls.o)
                0x0000000008006620                __aeabi_ldiv0
                0x0000000008006620                __aeabi_idiv0
 *(.text*)
 .text.startup.main
                0x0000000008006624       0x9c ./Application/Core/main.o
                0x0000000008006624                main
 .text.HAL_MspInit
                0x00000000080066c0       0x68 ./Application/Core/stm32f4xx_hal_msp.o
                0x00000000080066c0                HAL_MspInit
 .text.HAL_UART_MspInit
                0x0000000008006728        0x4 ./Application/Core/stm32f4xx_hal_msp.o
                0x0000000008006728                HAL_UART_MspInit
 .text.BusFault_Handler
                0x000000000800672c        0x2 ./Application/Core/stm32f4xx_it.o
                0x000000000800672c                BusFault_Handler
 .text.UsageFault_Handler
                0x000000000800672e        0x2 ./Application/Core/stm32f4xx_it.o
                0x000000000800672e                UsageFault_Handler
 .text.DebugMon_Handler
                0x0000000008006730        0x2 ./Application/Core/stm32f4xx_it.o
                0x0000000008006730                DebugMon_Handler
 .text.PendSV_Handler
                0x0000000008006732        0x2 ./Application/Core/stm32f4xx_it.o
                0x0000000008006732                PendSV_Handler
 .text.SysTick_Handler
                0x0000000008006734        0x4 ./Application/Core/stm32f4xx_it.o
                0x0000000008006734                SysTick_Handler
 .text._read    0x0000000008006738       0x1c ./Application/Core/syscalls.o
                0x0000000008006738                _read
 .text._write   0x0000000008006754       0x1c ./Application/Core/syscalls.o
                0x0000000008006754                _write
 .text._sbrk    0x0000000008006770       0x34 ./Application/Core/syscalls.o
                0x0000000008006770                _sbrk
 .text._close   0x00000000080067a4        0x6 ./Application/Core/syscalls.o
                0x00000000080067a4                _close
 .text._fstat   0x00000000080067aa        0xa ./Application/Core/syscalls.o
                0x00000000080067aa                _fstat
 .text._isatty  0x00000000080067b4        0x4 ./Application/Core/syscalls.o
                0x00000000080067b4                _isatty
 .text._lseek   0x00000000080067b8        0x4 ./Application/Core/syscalls.o
                0x00000000080067b8                _lseek
 .text.SFU_BOOT_SM_HandleCriticalFailure
                0x00000000080067bc       0x20 ./Application/SBSFU/App/sfu_boot.o
 .text.SFU_BOOT_SM_RollbackInstallPrevUserFw
                0x00000000080067dc       0x20 ./Application/SBSFU/App/sfu_boot.o
 .text.SFU_BOOT_SM_VerifyUserFwSignature
                0x00000000080067fc       0xec ./Application/SBSFU/App/sfu_boot.o
 .text.SFU_BOOT_SM_CheckUserFwStatus
                0x00000000080068e8      0x140 ./Application/SBSFU/App/sfu_boot.o
 .text.SFU_BOOT_SM_DownloadNewUserFw
                0x0000000008006a28       0xb4 ./Application/SBSFU/App/sfu_boot.o
 .text.SFU_BOOT_SM_CheckNewFwToDownload
                0x0000000008006adc       0x44 ./Application/SBSFU/App/sfu_boot.o
 .text.SFU_BOOT_SM_CheckStatusOnReset
                0x0000000008006b20       0x88 ./Application/SBSFU/App/sfu_boot.o
 .text.SFU_BOOT_DeInit.isra.0
                0x0000000008006ba8       0x30 ./Application/SBSFU/App/sfu_boot.o
 .text.SFU_BOOT_ForceReboot
                0x0000000008006bd8       0x48 ./Application/SBSFU/App/sfu_boot.o
                0x0000000008006bd8                SFU_BOOT_ForceReboot
 .text.SFU_BOOT_SM_RebootStateMachine
                0x0000000008006c20       0x18 ./Application/SBSFU/App/sfu_boot.o
 .text.SFU_BOOT_SM_ResumeInstallNewUserFw
                0x0000000008006c38       0x38 ./Application/SBSFU/App/sfu_boot.o
 .text.SFU_BOOT_SM_ExecuteUserFw
                0x0000000008006c70       0xec ./Application/SBSFU/App/sfu_boot.o
 .text.SFU_BOOT_SM_InstallNewUserFw
                0x0000000008006d5c       0xa0 ./Application/SBSFU/App/sfu_boot.o
 .text.SFU_BOOT_RunSecureBootService
                0x0000000008006dfc      0x130 ./Application/SBSFU/App/sfu_boot.o
                0x0000000008006dfc                SFU_BOOT_RunSecureBootService
 .text.MemManage_Handler
                0x0000000008006f2c        0x6 ./Application/SBSFU/App/sfu_boot.o
                0x0000000008006f2c                MemManage_Handler
 .text.SFU_COM_Serial_PutByte
                0x0000000008006f32       0x18 ./Application/SBSFU/App/sfu_com_loader.o
                0x0000000008006f32                SFU_COM_Serial_PutByte
 *fill*         0x0000000008006f4a        0x2 
 .text.SFU_COM_YMODEM_Receive
                0x0000000008006f4c      0x394 ./Application/SBSFU/App/sfu_com_loader.o
                0x0000000008006f4c                SFU_COM_YMODEM_Receive
 .text.SFU_COM_Init
                0x00000000080072e0       0x20 ./Application/SBSFU/App/sfu_com_trace.o
                0x00000000080072e0                SFU_COM_Init
 .text.SFU_COM_DeInit
                0x0000000008007300        0x4 ./Application/SBSFU/App/sfu_com_trace.o
                0x0000000008007300                SFU_COM_DeInit
 .text.SFU_COM_Serial_PutString
                0x0000000008007304       0x1a ./Application/SBSFU/App/sfu_com_trace.o
                0x0000000008007304                SFU_COM_Serial_PutString
 .text.__io_putchar
                0x000000000800731e       0x18 ./Application/SBSFU/App/sfu_com_trace.o
                0x000000000800731e                __io_putchar
 *fill*         0x0000000008007336        0x2 
 .text.SFU_EXCPT_SetError
                0x0000000008007338       0x1c ./Application/SBSFU/App/sfu_error.o
                0x0000000008007338                SFU_EXCPT_SetError
 .text.SFU_EXCPT_IrqExceptionHandler
                0x0000000008007354       0x48 ./Application/SBSFU/App/sfu_error.o
                0x0000000008007354                SFU_EXCPT_IrqExceptionHandler
 .text.SFU_EXCPT_Security_Error
                0x000000000800739c       0x48 ./Application/SBSFU/App/sfu_error.o
                0x000000000800739c                SFU_EXCPT_Security_Error
 .text.SFU_EXCPT_Init
                0x00000000080073e4        0x8 ./Application/SBSFU/App/sfu_error.o
                0x00000000080073e4                SFU_EXCPT_Init
 .text.SFU_EXCPT_DeInit
                0x00000000080073ec        0x8 ./Application/SBSFU/App/sfu_error.o
                0x00000000080073ec                SFU_EXCPT_DeInit
 .text.MemoryCompare
                0x00000000080073f4       0x58 ./Application/SBSFU/App/sfu_fwimg_common.o
                0x00000000080073f4                MemoryCompare
 .text.VerifyFwSignatureScatter.part.0
                0x000000000800744c      0x1f8 ./Application/SBSFU/App/sfu_fwimg_common.o
 .text.VerifyFwSignatureScatter
                0x0000000008007644       0x26 ./Application/SBSFU/App/sfu_fwimg_common.o
                0x0000000008007644                VerifyFwSignatureScatter
 *fill*         0x000000000800766a        0x2 
 .text.ParseFWInfo
                0x000000000800766c       0x1c ./Application/SBSFU/App/sfu_fwimg_common.o
                0x000000000800766c                ParseFWInfo
 .text.VerifyFwSignature
                0x0000000008007688       0x4c ./Application/SBSFU/App/sfu_fwimg_common.o
                0x0000000008007688                VerifyFwSignature
 .text.VerifySlot
                0x00000000080076d4       0x1c ./Application/SBSFU/App/sfu_fwimg_common.o
                0x00000000080076d4                VerifySlot
 .text.CleanUpSlot
                0x00000000080076f0       0x60 ./Application/SBSFU/App/sfu_fwimg_common.o
                0x00000000080076f0                CleanUpSlot
 .text.SFU_IMG_InitImageHandling
                0x0000000008007750       0xd0 ./Application/SBSFU/App/sfu_fwimg_common.o
                0x0000000008007750                SFU_IMG_InitImageHandling
 .text.SFU_IMG_InvalidateCurrentFirmware
                0x0000000008007820       0x28 ./Application/SBSFU/App/sfu_fwimg_common.o
                0x0000000008007820                SFU_IMG_InvalidateCurrentFirmware
 .text.SFU_IMG_VerifyActiveImg
                0x0000000008007848       0x20 ./Application/SBSFU/App/sfu_fwimg_common.o
                0x0000000008007848                SFU_IMG_VerifyActiveImg
 .text.SFU_IMG_VerifyActiveSlot
                0x0000000008007868       0x28 ./Application/SBSFU/App/sfu_fwimg_common.o
                0x0000000008007868                SFU_IMG_VerifyActiveSlot
 .text.SFU_IMG_VerifyEmptyActiveSlot
                0x0000000008007890       0x24 ./Application/SBSFU/App/sfu_fwimg_common.o
                0x0000000008007890                SFU_IMG_VerifyEmptyActiveSlot
 .text.SFU_IMG_ControlActiveImgTag
                0x00000000080078b4       0x3c ./Application/SBSFU/App/sfu_fwimg_common.o
                0x00000000080078b4                SFU_IMG_ControlActiveImgTag
 .text.SFU_IMG_LaunchActiveImg
                0x00000000080078f0       0x34 ./Application/SBSFU/App/sfu_fwimg_common.o
                0x00000000080078f0                SFU_IMG_LaunchActiveImg
 .text.SFU_IMG_Validation
                0x0000000008007924       0x84 ./Application/SBSFU/App/sfu_fwimg_common.o
                0x0000000008007924                SFU_IMG_Validation
 .text.SFU_IMG_GetFwImageSlot
                0x00000000080079a8       0x18 ./Application/SBSFU/App/sfu_fwimg_common.o
                0x00000000080079a8                SFU_IMG_GetFwImageSlot
 .text.VerifyHeaderSignature
                0x00000000080079c0       0x58 ./Application/SBSFU/App/sfu_fwimg_common.o
                0x00000000080079c0                VerifyHeaderSignature
 .text.CheckAndGetFWHeader
                0x0000000008007a18       0x30 ./Application/SBSFU/App/sfu_fwimg_common.o
                0x0000000008007a18                CheckAndGetFWHeader
 .text.SFU_IMG_VerifyActiveImgMetadata
                0x0000000008007a48        0xc ./Application/SBSFU/App/sfu_fwimg_common.o
                0x0000000008007a48                SFU_IMG_VerifyActiveImgMetadata
 .text.SFU_IMG_GetActiveFwVersion
                0x0000000008007a54       0x20 ./Application/SBSFU/App/sfu_fwimg_common.o
                0x0000000008007a54                SFU_IMG_GetActiveFwVersion
 .text.SFU_IMG_DetectFW
                0x0000000008007a74       0x50 ./Application/SBSFU/App/sfu_fwimg_common.o
                0x0000000008007a74                SFU_IMG_DetectFW
 .text.SFU_IMG_CheckFwVersion
                0x0000000008007ac4       0x1c ./Application/SBSFU/App/sfu_fwimg_common.o
                0x0000000008007ac4                SFU_IMG_CheckFwVersion
 .text.SFU_IMG_CheckCandidateVersion
                0x0000000008007ae0       0x98 ./Application/SBSFU/App/sfu_fwimg_common.o
                0x0000000008007ae0                SFU_IMG_CheckCandidateVersion
 .text.DecryptImageFromDwlSlotToActiveSlot.constprop.0
                0x0000000008007b78      0x1a8 ./Application/SBSFU/App/sfu_fwimg_no_swap.o
 .text.VerifyFwSignatureBeforeDecrypt.constprop.0
                0x0000000008007d20       0xf0 ./Application/SBSFU/App/sfu_fwimg_no_swap.o
 .text.FirmwareToResume.constprop.0
                0x0000000008007e10      0x240 ./Application/SBSFU/App/sfu_fwimg_no_swap.o
 .text.SFU_IMG_CheckPendingInstallation
                0x0000000008008050       0x70 ./Application/SBSFU/App/sfu_fwimg_no_swap.o
                0x0000000008008050                SFU_IMG_CheckPendingInstallation
 .text.SFU_IMG_TriggerResumeInstallation
                0x00000000080080c0       0x7c ./Application/SBSFU/App/sfu_fwimg_no_swap.o
                0x00000000080080c0                SFU_IMG_TriggerResumeInstallation
 .text.SFU_IMG_EraseDownloadedImg
                0x000000000800813c       0x68 ./Application/SBSFU/App/sfu_fwimg_no_swap.o
                0x000000000800813c                SFU_IMG_EraseDownloadedImg
 .text.SFU_IMG_TriggerImageInstallation
                0x00000000080081a4      0x148 ./Application/SBSFU/App/sfu_fwimg_no_swap.o
                0x00000000080081a4                SFU_IMG_TriggerImageInstallation
 .text.SFU_LOADER_VerifyFwHeader
                0x00000000080082ec      0x174 ./Application/SBSFU/App/sfu_loader.o
 .text.SFU_LOADER_Init
                0x0000000008008460        0x8 ./Application/SBSFU/App/sfu_loader.o
                0x0000000008008460                SFU_LOADER_Init
 .text.SFU_LOADER_DeInit
                0x0000000008008468        0x8 ./Application/SBSFU/App/sfu_loader.o
                0x0000000008008468                SFU_LOADER_DeInit
 .text.SFU_LOADER_DownloadNewUserFw
                0x0000000008008470       0xa0 ./Application/SBSFU/App/sfu_loader.o
                0x0000000008008470                SFU_LOADER_DownloadNewUserFw
 .text.SFU_COM_YMODEM_HeaderPktRxCpltCallback
                0x0000000008008510       0x28 ./Application/SBSFU/App/sfu_loader.o
                0x0000000008008510                SFU_COM_YMODEM_HeaderPktRxCpltCallback
 .text.SFU_COM_YMODEM_DataPktRxCpltCallback
                0x0000000008008538      0x10c ./Application/SBSFU/App/sfu_loader.o
                0x0000000008008538                SFU_COM_YMODEM_DataPktRxCpltCallback
 .text.SFU_MPU_SVC_Handler
                0x0000000008008644       0x70 ./Application/SBSFU/App/sfu_mpu_isolation.o
                0x0000000008008644                SFU_MPU_SVC_Handler
 .text.MPU_SVC_Handler
                0x00000000080086b4       0x18 ./Application/SBSFU/App/sfu_mpu_isolation.o
                0x00000000080086b4                MPU_SVC_Handler
 .text.SFU_MPU_SysCall
                0x00000000080086cc        0x8 ./Application/SBSFU/App/sfu_mpu_isolation.o
                0x00000000080086cc                SFU_MPU_SysCall
 .text.SFU_MPU_IsUnprivileged
                0x00000000080086d4       0x14 ./Application/SBSFU/App/sfu_mpu_isolation.o
                0x00000000080086d4                SFU_MPU_IsUnprivileged
 .text.SFU_MPU_EnterUnprivilegedMode
                0x00000000080086e8       0x24 ./Application/SBSFU/App/sfu_mpu_isolation.o
                0x00000000080086e8                SFU_MPU_EnterUnprivilegedMode
 .text.SFU_IMG_InstallAtNextReset
                0x000000000800870c        0x8 ./Application/SBSFU/App/sfu_new_image.o
                0x000000000800870c                SFU_IMG_InstallAtNextReset
 .text.SFU_IMG_GetDownloadAreaInfo
                0x0000000008008714       0x24 ./Application/SBSFU/App/sfu_new_image.o
                0x0000000008008714                SFU_IMG_GetDownloadAreaInfo
 .text.SFU_LL_DeInit
                0x0000000008008738        0x6 ./Application/SBSFU/Target/sfu_low_level.o
                0x0000000008008738                SFU_LL_DeInit
 *fill*         0x000000000800873e        0x2 
 .text.SFU_LL_CRC_Config
                0x0000000008008740       0x28 ./Application/SBSFU/Target/sfu_low_level.o
                0x0000000008008740                SFU_LL_CRC_Config
 .text.SFU_LL_CRC_Init
                0x0000000008008768       0x28 ./Application/SBSFU/Target/sfu_low_level.o
                0x0000000008008768                SFU_LL_CRC_Init
 .text.SFU_LL_Init
                0x0000000008008790        0x4 ./Application/SBSFU/Target/sfu_low_level.o
                0x0000000008008790                SFU_LL_Init
 .text.SFU_LL_CRC_Calculate
                0x0000000008008794       0x50 ./Application/SBSFU/Target/sfu_low_level.o
                0x0000000008008794                SFU_LL_CRC_Calculate
 .text.SFU_LL_UART_Init
                0x00000000080087e4       0x40 ./Application/SBSFU/Target/sfu_low_level.o
                0x00000000080087e4                SFU_LL_UART_Init
 .text.SFU_LL_UART_DeInit
                0x0000000008008824        0x8 ./Application/SBSFU/Target/sfu_low_level.o
                0x0000000008008824                SFU_LL_UART_DeInit
 .text.SFU_LL_UART_Transmit
                0x000000000800882c       0x28 ./Application/SBSFU/Target/sfu_low_level.o
                0x000000000800882c                SFU_LL_UART_Transmit
 .text.SFU_LL_UART_Receive
                0x0000000008008854       0x28 ./Application/SBSFU/Target/sfu_low_level.o
                0x0000000008008854                SFU_LL_UART_Receive
 .text.SFU_LL_UART_Flush
                0x000000000800887c       0x14 ./Application/SBSFU/Target/sfu_low_level.o
                0x000000000800887c                SFU_LL_UART_Flush
 .text.SFU_LL_UART_MspInit
                0x0000000008008890       0x8c ./Application/SBSFU/Target/sfu_low_level.o
                0x0000000008008890                SFU_LL_UART_MspInit
 .text.SFU_LL_BufferCheck_in_se_ram
                0x000000000800891c       0x38 ./Application/SBSFU/Target/sfu_low_level.o
                0x000000000800891c                SFU_LL_BufferCheck_in_se_ram
 .text.SFU_LL_Buffer_in_ram
                0x0000000008008954       0x30 ./Application/SBSFU/Target/sfu_low_level.o
                0x0000000008008954                SFU_LL_Buffer_in_ram
 .text.SFU_LL_FLASH_Init
                0x0000000008008984       0x1c ./Application/SBSFU/Target/sfu_low_level_flash.o
                0x0000000008008984                SFU_LL_FLASH_Init
 .text.SFU_LL_FLASH_Erase_Size
                0x00000000080089a0        0xe ./Application/SBSFU/Target/sfu_low_level_flash.o
                0x00000000080089a0                SFU_LL_FLASH_Erase_Size
 .text.SFU_LL_FLASH_Write
                0x00000000080089ae        0xe ./Application/SBSFU/Target/sfu_low_level_flash.o
                0x00000000080089ae                SFU_LL_FLASH_Write
 .text.SFU_LL_FLASH_Read
                0x00000000080089bc        0xe ./Application/SBSFU/Target/sfu_low_level_flash.o
                0x00000000080089bc                SFU_LL_FLASH_Read
 .text.SFU_LL_FLASH_Compare
                0x00000000080089ca        0xe ./Application/SBSFU/Target/sfu_low_level_flash.o
                0x00000000080089ca                SFU_LL_FLASH_Compare
 .text.SFU_LL_FLASH_Config_Exe
                0x00000000080089d8       0x1c ./Application/SBSFU/Target/sfu_low_level_flash.o
                0x00000000080089d8                SFU_LL_FLASH_Config_Exe
 .text.SFU_LL_FLASH_GetSector
                0x00000000080089f4       0x10 ./Application/SBSFU/Target/sfu_low_level_flash.o
                0x00000000080089f4                SFU_LL_FLASH_GetSector
 .text.SFU_LL_FLASH_EXT_Init
                0x0000000008008a04        0x8 ./Application/SBSFU/Target/sfu_low_level_flash_ext.o
                0x0000000008008a04                SFU_LL_FLASH_EXT_Init
 .text.SFU_LL_FLASH_EXT_Erase_Size
                0x0000000008008a0c        0x6 ./Application/SBSFU/Target/sfu_low_level_flash_ext.o
                0x0000000008008a0c                SFU_LL_FLASH_EXT_Erase_Size
 .text.SFU_LL_FLASH_EXT_Write
                0x0000000008008a12        0x6 ./Application/SBSFU/Target/sfu_low_level_flash_ext.o
                0x0000000008008a12                SFU_LL_FLASH_EXT_Write
 .text.SFU_LL_FLASH_EXT_Read
                0x0000000008008a18        0x6 ./Application/SBSFU/Target/sfu_low_level_flash_ext.o
                0x0000000008008a18                SFU_LL_FLASH_EXT_Read
 .text.SFU_LL_FLASH_EXT_Compare
                0x0000000008008a1e        0x6 ./Application/SBSFU/Target/sfu_low_level_flash_ext.o
                0x0000000008008a1e                SFU_LL_FLASH_EXT_Compare
 .text.SFU_LL_FLASH_EXT_Config_Exe
                0x0000000008008a24        0x8 ./Application/SBSFU/Target/sfu_low_level_flash_ext.o
                0x0000000008008a24                SFU_LL_FLASH_EXT_Config_Exe
 .text.SFU_LL_FLASH_INT_Clear_Error
                0x0000000008008a2c       0x2c ./Application/SBSFU/Target/sfu_low_level_flash_int.o
 .text.SFU_LL_FLASH_INT_Init
                0x0000000008008a58        0x8 ./Application/SBSFU/Target/sfu_low_level_flash_int.o
                0x0000000008008a58                SFU_LL_FLASH_INT_Init
 .text.SFU_LL_FLASH_INT_Write
                0x0000000008008a60       0xd0 ./Application/SBSFU/Target/sfu_low_level_flash_int.o
                0x0000000008008a60                SFU_LL_FLASH_INT_Write
 .text.SFU_LL_FLASH_INT_Read
                0x0000000008008b30       0x48 ./Application/SBSFU/Target/sfu_low_level_flash_int.o
                0x0000000008008b30                SFU_LL_FLASH_INT_Read
 .text.SFU_LL_FLASH_INT_Compare
                0x0000000008008b78       0x24 ./Application/SBSFU/Target/sfu_low_level_flash_int.o
                0x0000000008008b78                SFU_LL_FLASH_INT_Compare
 .text.SFU_LL_FLASH_INT_GetSector
                0x0000000008008b9c       0x1c ./Application/SBSFU/Target/sfu_low_level_flash_int.o
                0x0000000008008b9c                SFU_LL_FLASH_INT_GetSector
 .text.SFU_LL_FLASH_INT_Erase_Size
                0x0000000008008bb8       0x94 ./Application/SBSFU/Target/sfu_low_level_flash_int.o
                0x0000000008008bb8                SFU_LL_FLASH_INT_Erase_Size
 .text.NMI_Handler
                0x0000000008008c4c        0x2 ./Application/SBSFU/Target/sfu_low_level_flash_int.o
                0x0000000008008c4c                NMI_Handler
 .text.HardFault_Handler
                0x0000000008008c4e        0x6 ./Application/SBSFU/Target/sfu_low_level_flash_int.o
                0x0000000008008c4e                HardFault_Handler
 .text.SFU_LL_SECU_CheckApplyStaticProtections
                0x0000000008008c54       0x58 ./Application/SBSFU/Target/sfu_low_level_security.o
                0x0000000008008c54                SFU_LL_SECU_CheckApplyStaticProtections
 .text.SFU_LL_SECU_CheckApplyRuntimeProtections
                0x0000000008008cac        0x8 ./Application/SBSFU/Target/sfu_low_level_security.o
                0x0000000008008cac                SFU_LL_SECU_CheckApplyRuntimeProtections
 .text.SFU_LL_SECU_GetResetSources
                0x0000000008008cb4       0x38 ./Application/SBSFU/Target/sfu_low_level_security.o
                0x0000000008008cb4                SFU_LL_SECU_GetResetSources
 .text.SFU_LL_SECU_ClearResetSources
                0x0000000008008cec       0x10 ./Application/SBSFU/Target/sfu_low_level_security.o
                0x0000000008008cec                SFU_LL_SECU_ClearResetSources
 .text.SFU_LL_SECU_IWDG_Refresh
                0x0000000008008cfc        0x8 ./Application/SBSFU/Target/sfu_low_level_security.o
                0x0000000008008cfc                SFU_LL_SECU_IWDG_Refresh
 .text.Reset_Handler
                0x0000000008008d04       0x50 ./Application/Startup/startup_stm32f413xx.o
                0x0000000008008d04                Reset_Handler
 .text.Default_Handler
                0x0000000008008d54        0x2 ./Application/Startup/startup_stm32f413xx.o
                0x0000000008008d54                DMA1_Stream3_IRQHandler
                0x0000000008008d54                EXTI2_IRQHandler
                0x0000000008008d54                TIM8_CC_IRQHandler
                0x0000000008008d54                UART8_IRQHandler
                0x0000000008008d54                FMPI2C1_EV_IRQHandler
                0x0000000008008d54                SPI4_IRQHandler
                0x0000000008008d54                TIM1_CC_IRQHandler
                0x0000000008008d54                DMA2_Stream5_IRQHandler
                0x0000000008008d54                DMA1_Stream5_IRQHandler
                0x0000000008008d54                CAN3_RX1_IRQHandler
                0x0000000008008d54                PVD_IRQHandler
                0x0000000008008d54                SDIO_IRQHandler
                0x0000000008008d54                TAMP_STAMP_IRQHandler
                0x0000000008008d54                CAN2_RX1_IRQHandler
                0x0000000008008d54                EXTI3_IRQHandler
                0x0000000008008d54                TIM8_TRG_COM_TIM14_IRQHandler
                0x0000000008008d54                DFSDM1_FLT1_IRQHandler
                0x0000000008008d54                TIM1_UP_TIM10_IRQHandler
                0x0000000008008d54                TIM8_UP_TIM13_IRQHandler
                0x0000000008008d54                I2C3_ER_IRQHandler
                0x0000000008008d54                EXTI0_IRQHandler
                0x0000000008008d54                I2C2_EV_IRQHandler
                0x0000000008008d54                DMA1_Stream2_IRQHandler
                0x0000000008008d54                CAN1_RX0_IRQHandler
                0x0000000008008d54                FPU_IRQHandler
                0x0000000008008d54                CAN3_SCE_IRQHandler
                0x0000000008008d54                CAN2_SCE_IRQHandler
                0x0000000008008d54                DMA2_Stream2_IRQHandler
                0x0000000008008d54                SPI1_IRQHandler
                0x0000000008008d54                TIM6_DAC_IRQHandler
                0x0000000008008d54                TIM1_BRK_TIM9_IRQHandler
                0x0000000008008d54                CAN2_RX0_IRQHandler
                0x0000000008008d54                DMA2_Stream3_IRQHandler
                0x0000000008008d54                USART6_IRQHandler
                0x0000000008008d54                CAN3_RX0_IRQHandler
                0x0000000008008d54                USART3_IRQHandler
                0x0000000008008d54                DFSDM2_FLT3_IRQHandler
                0x0000000008008d54                CAN1_RX1_IRQHandler
                0x0000000008008d54                UART5_IRQHandler
                0x0000000008008d54                DMA2_Stream0_IRQHandler
                0x0000000008008d54                TIM4_IRQHandler
                0x0000000008008d54                QUADSPI_IRQHandler
                0x0000000008008d54                I2C1_EV_IRQHandler
                0x0000000008008d54                DMA1_Stream6_IRQHandler
                0x0000000008008d54                DMA1_Stream1_IRQHandler
                0x0000000008008d54                UART4_IRQHandler
                0x0000000008008d54                TIM3_IRQHandler
                0x0000000008008d54                RCC_IRQHandler
                0x0000000008008d54                UART9_IRQHandler
                0x0000000008008d54                TIM8_BRK_TIM12_IRQHandler
                0x0000000008008d54                Default_Handler
                0x0000000008008d54                EXTI15_10_IRQHandler
                0x0000000008008d54                ADC_IRQHandler
                0x0000000008008d54                DMA1_Stream7_IRQHandler
                0x0000000008008d54                DFSDM2_FLT0_IRQHandler
                0x0000000008008d54                SPI5_IRQHandler
                0x0000000008008d54                TIM7_IRQHandler
                0x0000000008008d54                CAN2_TX_IRQHandler
                0x0000000008008d54                TIM5_IRQHandler
                0x0000000008008d54                DMA2_Stream7_IRQHandler
                0x0000000008008d54                I2C3_EV_IRQHandler
                0x0000000008008d54                DFSDM2_FLT2_IRQHandler
                0x0000000008008d54                EXTI9_5_IRQHandler
                0x0000000008008d54                RTC_WKUP_IRQHandler
                0x0000000008008d54                SPI2_IRQHandler
                0x0000000008008d54                DMA1_Stream0_IRQHandler
                0x0000000008008d54                CAN1_TX_IRQHandler
                0x0000000008008d54                FMPI2C1_ER_IRQHandler
                0x0000000008008d54                EXTI4_IRQHandler
                0x0000000008008d54                DFSDM2_FLT1_IRQHandler
                0x0000000008008d54                RNG_IRQHandler
                0x0000000008008d54                FSMC_IRQHandler
                0x0000000008008d54                WWDG_IRQHandler
                0x0000000008008d54                CAN3_TX_IRQHandler
                0x0000000008008d54                TIM2_IRQHandler
                0x0000000008008d54                OTG_FS_WKUP_IRQHandler
                0x0000000008008d54                TIM1_TRG_COM_TIM11_IRQHandler
                0x0000000008008d54                EXTI1_IRQHandler
                0x0000000008008d54                UART7_IRQHandler
                0x0000000008008d54                USART2_IRQHandler
                0x0000000008008d54                DFSDM1_FLT0_IRQHandler
                0x0000000008008d54                I2C2_ER_IRQHandler
                0x0000000008008d54                DMA2_Stream1_IRQHandler
                0x0000000008008d54                CAN1_SCE_IRQHandler
                0x0000000008008d54                FLASH_IRQHandler
                0x0000000008008d54                DMA2_Stream4_IRQHandler
                0x0000000008008d54                USART1_IRQHandler
                0x0000000008008d54                OTG_FS_IRQHandler
                0x0000000008008d54                SPI3_IRQHandler
                0x0000000008008d54                DMA1_Stream4_IRQHandler
                0x0000000008008d54                I2C1_ER_IRQHandler
                0x0000000008008d54                LPTIM1_IRQHandler
                0x0000000008008d54                DMA2_Stream6_IRQHandler
                0x0000000008008d54                UART10_IRQHandler
                0x0000000008008d54                SAI1_IRQHandler
                0x0000000008008d54                RTC_Alarm_IRQHandler
 *fill*         0x0000000008008d56        0x2 
 .text.BSP_LED_Init
                0x0000000008008d58       0x6c ./Drivers/BSP/STM32F413H-Discovery/stm32f413h_discovery.o
                0x0000000008008d58                BSP_LED_Init
 .text.BSP_LED_Off
                0x0000000008008dc4       0x1c ./Drivers/BSP/STM32F413H-Discovery/stm32f413h_discovery.o
                0x0000000008008dc4                BSP_LED_Off
 .text.BSP_LED_Toggle
                0x0000000008008de0       0x18 ./Drivers/BSP/STM32F413H-Discovery/stm32f413h_discovery.o
                0x0000000008008de0                BSP_LED_Toggle
 .text.BSP_PB_Init
                0x0000000008008df8       0x7c ./Drivers/BSP/STM32F413H-Discovery/stm32f413h_discovery.o
                0x0000000008008df8                BSP_PB_Init
 .text.BSP_PB_GetState
                0x0000000008008e74       0x18 ./Drivers/BSP/STM32F413H-Discovery/stm32f413h_discovery.o
                0x0000000008008e74                BSP_PB_GetState
 .text.SystemInit
                0x0000000008008e8c       0x14 ./Drivers/CMSIS/system_stm32f4xx.o
                0x0000000008008e8c                SystemInit
 .text.HAL_InitTick
                0x0000000008008ea0       0x44 ./Drivers/STM32F4xx_HAL_Driver/stm32f4xx_hal.o
                0x0000000008008ea0                HAL_InitTick
 .text.HAL_Init
                0x0000000008008ee4       0x34 ./Drivers/STM32F4xx_HAL_Driver/stm32f4xx_hal.o
                0x0000000008008ee4                HAL_Init
 .text.HAL_IncTick
                0x0000000008008f18       0x18 ./Drivers/STM32F4xx_HAL_Driver/stm32f4xx_hal.o
                0x0000000008008f18                HAL_IncTick
 .text.HAL_GetTick
                0x0000000008008f30        0xc ./Drivers/STM32F4xx_HAL_Driver/stm32f4xx_hal.o
                0x0000000008008f30                HAL_GetTick
 .text.HAL_Delay
                0x0000000008008f3c       0x28 ./Drivers/STM32F4xx_HAL_Driver/stm32f4xx_hal.o
                0x0000000008008f3c                HAL_Delay
 .text.HAL_SuspendTick
                0x0000000008008f64        0xe ./Drivers/STM32F4xx_HAL_Driver/stm32f4xx_hal.o
                0x0000000008008f64                HAL_SuspendTick
 *fill*         0x0000000008008f72        0x2 
 .text.HAL_NVIC_SetPriorityGrouping
                0x0000000008008f74       0x24 ./Drivers/STM32F4xx_HAL_Driver/stm32f4xx_hal_cortex.o
                0x0000000008008f74                HAL_NVIC_SetPriorityGrouping
 .text.HAL_NVIC_SetPriority
                0x0000000008008f98       0x64 ./Drivers/STM32F4xx_HAL_Driver/stm32f4xx_hal_cortex.o
                0x0000000008008f98                HAL_NVIC_SetPriority
 .text.HAL_NVIC_EnableIRQ
                0x0000000008008ffc       0x1c ./Drivers/STM32F4xx_HAL_Driver/stm32f4xx_hal_cortex.o
                0x0000000008008ffc                HAL_NVIC_EnableIRQ
 .text.HAL_NVIC_SystemReset
                0x0000000008009018       0x24 ./Drivers/STM32F4xx_HAL_Driver/stm32f4xx_hal_cortex.o
                0x0000000008009018                HAL_NVIC_SystemReset
 .text.HAL_SYSTICK_Config
                0x000000000800903c       0x28 ./Drivers/STM32F4xx_HAL_Driver/stm32f4xx_hal_cortex.o
                0x000000000800903c                HAL_SYSTICK_Config
 .text.HAL_CRC_MspInit
                0x0000000008009064        0x2 ./Drivers/STM32F4xx_HAL_Driver/stm32f4xx_hal_crc.o
                0x0000000008009064                HAL_CRC_MspInit
 .text.HAL_CRC_Init
                0x0000000008009066       0x20 ./Drivers/STM32F4xx_HAL_Driver/stm32f4xx_hal_crc.o
                0x0000000008009066                HAL_CRC_Init
 *fill*         0x0000000008009086        0x2 
 .text.FLASH_Program_DoubleWord
                0x0000000008009088       0x2c ./Drivers/STM32F4xx_HAL_Driver/stm32f4xx_hal_flash.o
 .text.FLASH_Program_Word
                0x00000000080090b4       0x24 ./Drivers/STM32F4xx_HAL_Driver/stm32f4xx_hal_flash.o
 .text.FLASH_Program_HalfWord
                0x00000000080090d8       0x24 ./Drivers/STM32F4xx_HAL_Driver/stm32f4xx_hal_flash.o
 .text.FLASH_SetErrorCode
                0x00000000080090fc       0x8c ./Drivers/STM32F4xx_HAL_Driver/stm32f4xx_hal_flash.o
 .text.HAL_FLASH_Unlock
                0x0000000008009188       0x24 ./Drivers/STM32F4xx_HAL_Driver/stm32f4xx_hal_flash.o
                0x0000000008009188                HAL_FLASH_Unlock
 .text.HAL_FLASH_Lock
                0x00000000080091ac       0x14 ./Drivers/STM32F4xx_HAL_Driver/stm32f4xx_hal_flash.o
                0x00000000080091ac                HAL_FLASH_Lock
 .text.HAL_FLASH_OB_Unlock
                0x00000000080091c0       0x24 ./Drivers/STM32F4xx_HAL_Driver/stm32f4xx_hal_flash.o
                0x00000000080091c0                HAL_FLASH_OB_Unlock
 .text.HAL_FLASH_OB_Lock
                0x00000000080091e4       0x14 ./Drivers/STM32F4xx_HAL_Driver/stm32f4xx_hal_flash.o
                0x00000000080091e4                HAL_FLASH_OB_Lock
 .text.FLASH_WaitForLastOperation
                0x00000000080091f8       0x50 ./Drivers/STM32F4xx_HAL_Driver/stm32f4xx_hal_flash.o
                0x00000000080091f8                FLASH_WaitForLastOperation
 .text.HAL_FLASH_Program
                0x0000000008009248       0x8c ./Drivers/STM32F4xx_HAL_Driver/stm32f4xx_hal_flash.o
                0x0000000008009248                HAL_FLASH_Program
 .text.FLASH_MassErase.constprop.0
                0x00000000080092d4       0x24 ./Drivers/STM32F4xx_HAL_Driver/stm32f4xx_hal_flash_ex.o
 .text.HAL_FLASHEx_OBGetConfig
                0x00000000080092f8       0x34 ./Drivers/STM32F4xx_HAL_Driver/stm32f4xx_hal_flash_ex.o
                0x00000000080092f8                HAL_FLASHEx_OBGetConfig
 .text.FLASH_Erase_Sector
                0x000000000800932c       0x4c ./Drivers/STM32F4xx_HAL_Driver/stm32f4xx_hal_flash_ex.o
                0x000000000800932c                FLASH_Erase_Sector
 .text.FLASH_FlushCaches
                0x0000000008009378       0x58 ./Drivers/STM32F4xx_HAL_Driver/stm32f4xx_hal_flash_ex.o
                0x0000000008009378                FLASH_FlushCaches
 .text.HAL_FLASHEx_Erase
                0x00000000080093d0       0xa0 ./Drivers/STM32F4xx_HAL_Driver/stm32f4xx_hal_flash_ex.o
                0x00000000080093d0                HAL_FLASHEx_Erase
 .text.HAL_GPIO_Init
                0x0000000008009470      0x1a8 ./Drivers/STM32F4xx_HAL_Driver/stm32f4xx_hal_gpio.o
                0x0000000008009470                HAL_GPIO_Init
 .text.HAL_GPIO_ReadPin
                0x0000000008009618        0xc ./Drivers/STM32F4xx_HAL_Driver/stm32f4xx_hal_gpio.o
                0x0000000008009618                HAL_GPIO_ReadPin
 .text.HAL_GPIO_WritePin
                0x0000000008009624        0xa ./Drivers/STM32F4xx_HAL_Driver/stm32f4xx_hal_gpio.o
                0x0000000008009624                HAL_GPIO_WritePin
 .text.HAL_GPIO_TogglePin
                0x000000000800962e       0x12 ./Drivers/STM32F4xx_HAL_Driver/stm32f4xx_hal_gpio.o
                0x000000000800962e                HAL_GPIO_TogglePin
 .text.HAL_RCC_GetSysClockFreq
                0x0000000008009640       0x5c ./Drivers/STM32F4xx_HAL_Driver/stm32f4xx_hal_rcc.o
                0x0000000008009640                HAL_RCC_GetSysClockFreq
 .text.HAL_RCC_ClockConfig
                0x000000000800969c      0x138 ./Drivers/STM32F4xx_HAL_Driver/stm32f4xx_hal_rcc.o
                0x000000000800969c                HAL_RCC_ClockConfig
 .text.HAL_RCC_GetPCLK1Freq
                0x00000000080097d4       0x20 ./Drivers/STM32F4xx_HAL_Driver/stm32f4xx_hal_rcc.o
                0x00000000080097d4                HAL_RCC_GetPCLK1Freq
 .text.HAL_RCC_GetPCLK2Freq
                0x00000000080097f4       0x20 ./Drivers/STM32F4xx_HAL_Driver/stm32f4xx_hal_rcc.o
                0x00000000080097f4                HAL_RCC_GetPCLK2Freq
 .text.HAL_RCC_OscConfig
                0x0000000008009814      0x374 ./Drivers/STM32F4xx_HAL_Driver/stm32f4xx_hal_rcc_ex.o
                0x0000000008009814                HAL_RCC_OscConfig
 .text.UART_SetConfig
                0x0000000008009b88       0xcc ./Drivers/STM32F4xx_HAL_Driver/stm32f4xx_hal_uart.o
 .text.UART_WaitOnFlagUntilTimeout.constprop.0
                0x0000000008009c54       0x50 ./Drivers/STM32F4xx_HAL_Driver/stm32f4xx_hal_uart.o
 .text.HAL_UART_Init
                0x0000000008009ca4       0x5c ./Drivers/STM32F4xx_HAL_Driver/stm32f4xx_hal_uart.o
                0x0000000008009ca4                HAL_UART_Init
 .text.HAL_UART_Transmit
                0x0000000008009d00       0xaa ./Drivers/STM32F4xx_HAL_Driver/stm32f4xx_hal_uart.o
                0x0000000008009d00                HAL_UART_Transmit
 .text.HAL_UART_Receive
                0x0000000008009daa       0xb8 ./Drivers/STM32F4xx_HAL_Driver/stm32f4xx_hal_uart.o
                0x0000000008009daa                HAL_UART_Receive
 *fill*         0x0000000008009e62        0x2 
 .text.__errno  0x0000000008009e64        0xc /Applications/STM32CubeIDE.app/Contents/Eclipse/plugins/com.st.stm32cube.ide.mcu.externaltools.gnu-tools-for-stm32.10.3-2021.10.macos64_1.0.200.202301161003/tools/bin/../lib/gcc/arm-none-eabi/10.3.1/../../../../arm-none-eabi/lib/thumb/v7e-m+fp/hard/libc_nano.a(lib_a-errno.o)
                0x0000000008009e64                __errno
 .text.__libc_init_array
                0x0000000008009e70       0x48 /Applications/STM32CubeIDE.app/Contents/Eclipse/plugins/com.st.stm32cube.ide.mcu.externaltools.gnu-tools-for-stm32.10.3-2021.10.macos64_1.0.200.202301161003/tools/bin/../lib/gcc/arm-none-eabi/10.3.1/../../../../arm-none-eabi/lib/thumb/v7e-m+fp/hard/libc_nano.a(lib_a-init.o)
                0x0000000008009e70                __libc_init_array
 .text.memcmp   0x0000000008009eb8       0x20 /Applications/STM32CubeIDE.app/Contents/Eclipse/plugins/com.st.stm32cube.ide.mcu.externaltools.gnu-tools-for-stm32.10.3-2021.10.macos64_1.0.200.202301161003/tools/bin/../lib/gcc/arm-none-eabi/10.3.1/../../../../arm-none-eabi/lib/thumb/v7e-m+fp/hard/libc_nano.a(lib_a-memcmp.o)
                0x0000000008009eb8                memcmp
 .text.memcpy   0x0000000008009ed8       0x1c /Applications/STM32CubeIDE.app/Contents/Eclipse/plugins/com.st.stm32cube.ide.mcu.externaltools.gnu-tools-for-stm32.10.3-2021.10.macos64_1.0.200.202301161003/tools/bin/../lib/gcc/arm-none-eabi/10.3.1/../../../../arm-none-eabi/lib/thumb/v7e-m+fp/hard/libc_nano.a(lib_a-memcpy-stub.o)
                0x0000000008009ed8                memcpy
 .text.memset   0x0000000008009ef4       0x10 /Applications/STM32CubeIDE.app/Contents/Eclipse/plugins/com.st.stm32cube.ide.mcu.externaltools.gnu-tools-for-stm32.10.3-2021.10.macos64_1.0.200.202301161003/tools/bin/../lib/gcc/arm-none-eabi/10.3.1/../../../../arm-none-eabi/lib/thumb/v7e-m+fp/hard/libc_nano.a(lib_a-memset.o)
                0x0000000008009ef4                memset
 .text.printf   0x0000000008009f04       0x30 /Applications/STM32CubeIDE.app/Contents/Eclipse/plugins/com.st.stm32cube.ide.mcu.externaltools.gnu-tools-for-stm32.10.3-2021.10.macos64_1.0.200.202301161003/tools/bin/../lib/gcc/arm-none-eabi/10.3.1/../../../../arm-none-eabi/lib/thumb/v7e-m+fp/hard/libc_nano.a(lib_a-printf.o)
                0x0000000008009f04                printf
                0x0000000008009f04                iprintf
 .text._puts_r  0x0000000008009f34       0xdc /Applications/STM32CubeIDE.app/Contents/Eclipse/plugins/com.st.stm32cube.ide.mcu.externaltools.gnu-tools-for-stm32.10.3-2021.10.macos64_1.0.200.202301161003/tools/bin/../lib/gcc/arm-none-eabi/10.3.1/../../../../arm-none-eabi/lib/thumb/v7e-m+fp/hard/libc_nano.a(lib_a-puts.o)
                0x0000000008009f34                _puts_r
 .text.puts     0x000000000800a010       0x10 /Applications/STM32CubeIDE.app/Contents/Eclipse/plugins/com.st.stm32cube.ide.mcu.externaltools.gnu-tools-for-stm32.10.3-2021.10.macos64_1.0.200.202301161003/tools/bin/../lib/gcc/arm-none-eabi/10.3.1/../../../../arm-none-eabi/lib/thumb/v7e-m+fp/hard/libc_nano.a(lib_a-puts.o)
                0x000000000800a010                puts
 .text.setvbuf  0x000000000800a020      0x18c /Applications/STM32CubeIDE.app/Contents/Eclipse/plugins/com.st.stm32cube.ide.mcu.externaltools.gnu-tools-for-stm32.10.3-2021.10.macos64_1.0.200.202301161003/tools/bin/../lib/gcc/arm-none-eabi/10.3.1/../../../../arm-none-eabi/lib/thumb/v7e-m+fp/hard/libc_nano.a(lib_a-setvbuf.o)
                0x000000000800a020                setvbuf
 .text.__swbuf_r
                0x000000000800a1ac       0xa4 /Applications/STM32CubeIDE.app/Contents/Eclipse/plugins/com.st.stm32cube.ide.mcu.externaltools.gnu-tools-for-stm32.10.3-2021.10.macos64_1.0.200.202301161003/tools/bin/../lib/gcc/arm-none-eabi/10.3.1/../../../../arm-none-eabi/lib/thumb/v7e-m+fp/hard/libc_nano.a(lib_a-wbuf.o)
                0x000000000800a1ac                __swbuf_r
 .text.__swsetup_r
                0x000000000800a250       0xdc /Applications/STM32CubeIDE.app/Contents/Eclipse/plugins/com.st.stm32cube.ide.mcu.externaltools.gnu-tools-for-stm32.10.3-2021.10.macos64_1.0.200.202301161003/tools/bin/../lib/gcc/arm-none-eabi/10.3.1/../../../../arm-none-eabi/lib/thumb/v7e-m+fp/hard/libc_nano.a(lib_a-wsetup.o)
                0x000000000800a250                __swsetup_r
 .text.__sflush_r
                0x000000000800a32c      0x10c /Applications/STM32CubeIDE.app/Contents/Eclipse/plugins/com.st.stm32cube.ide.mcu.externaltools.gnu-tools-for-stm32.10.3-2021.10.macos64_1.0.200.202301161003/tools/bin/../lib/gcc/arm-none-eabi/10.3.1/../../../../arm-none-eabi/lib/thumb/v7e-m+fp/hard/libc_nano.a(lib_a-fflush.o)
                0x000000000800a32c                __sflush_r
 .text._fflush_r
                0x000000000800a438       0x78 /Applications/STM32CubeIDE.app/Contents/Eclipse/plugins/com.st.stm32cube.ide.mcu.externaltools.gnu-tools-for-stm32.10.3-2021.10.macos64_1.0.200.202301161003/tools/bin/../lib/gcc/arm-none-eabi/10.3.1/../../../../arm-none-eabi/lib/thumb/v7e-m+fp/hard/libc_nano.a(lib_a-fflush.o)
                0x000000000800a438                _fflush_r
 .text.std      0x000000000800a4b0       0x48 /Applications/STM32CubeIDE.app/Contents/Eclipse/plugins/com.st.stm32cube.ide.mcu.externaltools.gnu-tools-for-stm32.10.3-2021.10.macos64_1.0.200.202301161003/tools/bin/../lib/gcc/arm-none-eabi/10.3.1/../../../../arm-none-eabi/lib/thumb/v7e-m+fp/hard/libc_nano.a(lib_a-findfp.o)
 .text._cleanup_r
                0x000000000800a4f8        0xc /Applications/STM32CubeIDE.app/Contents/Eclipse/plugins/com.st.stm32cube.ide.mcu.externaltools.gnu-tools-for-stm32.10.3-2021.10.macos64_1.0.200.202301161003/tools/bin/../lib/gcc/arm-none-eabi/10.3.1/../../../../arm-none-eabi/lib/thumb/v7e-m+fp/hard/libc_nano.a(lib_a-findfp.o)
                0x000000000800a4f8                _cleanup_r
 .text.__sfmoreglue
                0x000000000800a504       0x2c /Applications/STM32CubeIDE.app/Contents/Eclipse/plugins/com.st.stm32cube.ide.mcu.externaltools.gnu-tools-for-stm32.10.3-2021.10.macos64_1.0.200.202301161003/tools/bin/../lib/gcc/arm-none-eabi/10.3.1/../../../../arm-none-eabi/lib/thumb/v7e-m+fp/hard/libc_nano.a(lib_a-findfp.o)
                0x000000000800a504                __sfmoreglue
 .text.__sfp_lock_acquire
                0x000000000800a530        0xc /Applications/STM32CubeIDE.app/Contents/Eclipse/plugins/com.st.stm32cube.ide.mcu.externaltools.gnu-tools-for-stm32.10.3-2021.10.macos64_1.0.200.202301161003/tools/bin/../lib/gcc/arm-none-eabi/10.3.1/../../../../arm-none-eabi/lib/thumb/v7e-m+fp/hard/libc_nano.a(lib_a-findfp.o)
                0x000000000800a530                __sfp_lock_acquire
 .text.__sfp_lock_release
                0x000000000800a53c        0xc /Applications/STM32CubeIDE.app/Contents/Eclipse/plugins/com.st.stm32cube.ide.mcu.externaltools.gnu-tools-for-stm32.10.3-2021.10.macos64_1.0.200.202301161003/tools/bin/../lib/gcc/arm-none-eabi/10.3.1/../../../../arm-none-eabi/lib/thumb/v7e-m+fp/hard/libc_nano.a(lib_a-findfp.o)
                0x000000000800a53c                __sfp_lock_release
 .text.__sinit_lock_acquire
                0x000000000800a548        0xc /Applications/STM32CubeIDE.app/Contents/Eclipse/plugins/com.st.stm32cube.ide.mcu.externaltools.gnu-tools-for-stm32.10.3-2021.10.macos64_1.0.200.202301161003/tools/bin/../lib/gcc/arm-none-eabi/10.3.1/../../../../arm-none-eabi/lib/thumb/v7e-m+fp/hard/libc_nano.a(lib_a-findfp.o)
                0x000000000800a548                __sinit_lock_acquire
 .text.__sinit_lock_release
                0x000000000800a554        0xc /Applications/STM32CubeIDE.app/Contents/Eclipse/plugins/com.st.stm32cube.ide.mcu.externaltools.gnu-tools-for-stm32.10.3-2021.10.macos64_1.0.200.202301161003/tools/bin/../lib/gcc/arm-none-eabi/10.3.1/../../../../arm-none-eabi/lib/thumb/v7e-m+fp/hard/libc_nano.a(lib_a-findfp.o)
                0x000000000800a554                __sinit_lock_release
 .text.__sinit  0x000000000800a560       0x70 /Applications/STM32CubeIDE.app/Contents/Eclipse/plugins/com.st.stm32cube.ide.mcu.externaltools.gnu-tools-for-stm32.10.3-2021.10.macos64_1.0.200.202301161003/tools/bin/../lib/gcc/arm-none-eabi/10.3.1/../../../../arm-none-eabi/lib/thumb/v7e-m+fp/hard/libc_nano.a(lib_a-findfp.o)
                0x000000000800a560                __sinit
 .text.__sfp    0x000000000800a5d0       0x8c /Applications/STM32CubeIDE.app/Contents/Eclipse/plugins/com.st.stm32cube.ide.mcu.externaltools.gnu-tools-for-stm32.10.3-2021.10.macos64_1.0.200.202301161003/tools/bin/../lib/gcc/arm-none-eabi/10.3.1/../../../../arm-none-eabi/lib/thumb/v7e-m+fp/hard/libc_nano.a(lib_a-findfp.o)
                0x000000000800a5d0                __sfp
 .text._fwalk_reent
                0x000000000800a65c       0x3e /Applications/STM32CubeIDE.app/Contents/Eclipse/plugins/com.st.stm32cube.ide.mcu.externaltools.gnu-tools-for-stm32.10.3-2021.10.macos64_1.0.200.202301161003/tools/bin/../lib/gcc/arm-none-eabi/10.3.1/../../../../arm-none-eabi/lib/thumb/v7e-m+fp/hard/libc_nano.a(lib_a-fwalk.o)
                0x000000000800a65c                _fwalk_reent
 .text.__retarget_lock_init_recursive
                0x000000000800a69a        0x2 /Applications/STM32CubeIDE.app/Contents/Eclipse/plugins/com.st.stm32cube.ide.mcu.externaltools.gnu-tools-for-stm32.10.3-2021.10.macos64_1.0.200.202301161003/tools/bin/../lib/gcc/arm-none-eabi/10.3.1/../../../../arm-none-eabi/lib/thumb/v7e-m+fp/hard/libc_nano.a(lib_a-lock.o)
                0x000000000800a69a                __retarget_lock_init_recursive
 .text.__retarget_lock_acquire_recursive
                0x000000000800a69c        0x2 /Applications/STM32CubeIDE.app/Contents/Eclipse/plugins/com.st.stm32cube.ide.mcu.externaltools.gnu-tools-for-stm32.10.3-2021.10.macos64_1.0.200.202301161003/tools/bin/../lib/gcc/arm-none-eabi/10.3.1/../../../../arm-none-eabi/lib/thumb/v7e-m+fp/hard/libc_nano.a(lib_a-lock.o)
                0x000000000800a69c                __retarget_lock_acquire_recursive
 .text.__retarget_lock_release_recursive
                0x000000000800a69e        0x2 /Applications/STM32CubeIDE.app/Contents/Eclipse/plugins/com.st.stm32cube.ide.mcu.externaltools.gnu-tools-for-stm32.10.3-2021.10.macos64_1.0.200.202301161003/tools/bin/../lib/gcc/arm-none-eabi/10.3.1/../../../../arm-none-eabi/lib/thumb/v7e-m+fp/hard/libc_nano.a(lib_a-lock.o)
                0x000000000800a69e                __retarget_lock_release_recursive
 .text.__swhatbuf_r
                0x000000000800a6a0       0x4a /Applications/STM32CubeIDE.app/Contents/Eclipse/plugins/com.st.stm32cube.ide.mcu.externaltools.gnu-tools-for-stm32.10.3-2021.10.macos64_1.0.200.202301161003/tools/bin/../lib/gcc/arm-none-eabi/10.3.1/../../../../arm-none-eabi/lib/thumb/v7e-m+fp/hard/libc_nano.a(lib_a-makebuf.o)
                0x000000000800a6a0                __swhatbuf_r
 *fill*         0x000000000800a6ea        0x2 
 .text.__smakebuf_r
                0x000000000800a6ec       0x80 /Applications/STM32CubeIDE.app/Contents/Eclipse/plugins/com.st.stm32cube.ide.mcu.externaltools.gnu-tools-for-stm32.10.3-2021.10.macos64_1.0.200.202301161003/tools/bin/../lib/gcc/arm-none-eabi/10.3.1/../../../../arm-none-eabi/lib/thumb/v7e-m+fp/hard/libc_nano.a(lib_a-makebuf.o)
                0x000000000800a6ec                __smakebuf_r
 .text.malloc   0x000000000800a76c       0x10 /Applications/STM32CubeIDE.app/Contents/Eclipse/plugins/com.st.stm32cube.ide.mcu.externaltools.gnu-tools-for-stm32.10.3-2021.10.macos64_1.0.200.202301161003/tools/bin/../lib/gcc/arm-none-eabi/10.3.1/../../../../arm-none-eabi/lib/thumb/v7e-m+fp/hard/libc_nano.a(lib_a-malloc.o)
                0x000000000800a76c                malloc
 .text._free_r  0x000000000800a77c       0x98 /Applications/STM32CubeIDE.app/Contents/Eclipse/plugins/com.st.stm32cube.ide.mcu.externaltools.gnu-tools-for-stm32.10.3-2021.10.macos64_1.0.200.202301161003/tools/bin/../lib/gcc/arm-none-eabi/10.3.1/../../../../arm-none-eabi/lib/thumb/v7e-m+fp/hard/libc_nano.a(lib_a-nano-freer.o)
                0x000000000800a77c                _free_r
 .text.sbrk_aligned
                0x000000000800a814       0x40 /Applications/STM32CubeIDE.app/Contents/Eclipse/plugins/com.st.stm32cube.ide.mcu.externaltools.gnu-tools-for-stm32.10.3-2021.10.macos64_1.0.200.202301161003/tools/bin/../lib/gcc/arm-none-eabi/10.3.1/../../../../arm-none-eabi/lib/thumb/v7e-m+fp/hard/libc_nano.a(lib_a-nano-mallocr.o)
 .text._malloc_r
                0x000000000800a854       0xe8 /Applications/STM32CubeIDE.app/Contents/Eclipse/plugins/com.st.stm32cube.ide.mcu.externaltools.gnu-tools-for-stm32.10.3-2021.10.macos64_1.0.200.202301161003/tools/bin/../lib/gcc/arm-none-eabi/10.3.1/../../../../arm-none-eabi/lib/thumb/v7e-m+fp/hard/libc_nano.a(lib_a-nano-mallocr.o)
                0x000000000800a854                _malloc_r
 .text.__sfputc_r
                0x000000000800a93c       0x2e /Applications/STM32CubeIDE.app/Contents/Eclipse/plugins/com.st.stm32cube.ide.mcu.externaltools.gnu-tools-for-stm32.10.3-2021.10.macos64_1.0.200.202301161003/tools/bin/../lib/gcc/arm-none-eabi/10.3.1/../../../../arm-none-eabi/lib/thumb/v7e-m+fp/hard/libc_nano.a(lib_a-nano-vfprintf.o)
 .text.__sfputs_r
                0x000000000800a96a       0x24 /Applications/STM32CubeIDE.app/Contents/Eclipse/plugins/com.st.stm32cube.ide.mcu.externaltools.gnu-tools-for-stm32.10.3-2021.10.macos64_1.0.200.202301161003/tools/bin/../lib/gcc/arm-none-eabi/10.3.1/../../../../arm-none-eabi/lib/thumb/v7e-m+fp/hard/libc_nano.a(lib_a-nano-vfprintf.o)
                0x000000000800a96a                __sfputs_r
 *fill*         0x000000000800a98e        0x2 
 .text._vfprintf_r
                0x000000000800a990      0x260 /Applications/STM32CubeIDE.app/Contents/Eclipse/plugins/com.st.stm32cube.ide.mcu.externaltools.gnu-tools-for-stm32.10.3-2021.10.macos64_1.0.200.202301161003/tools/bin/../lib/gcc/arm-none-eabi/10.3.1/../../../../arm-none-eabi/lib/thumb/v7e-m+fp/hard/libc_nano.a(lib_a-nano-vfprintf.o)
                0x000000000800a990                _vfiprintf_r
                0x000000000800a990                _vfprintf_r
 .text._printf_common
                0x000000000800abf0       0xda /Applications/STM32CubeIDE.app/Contents/Eclipse/plugins/com.st.stm32cube.ide.mcu.externaltools.gnu-tools-for-stm32.10.3-2021.10.macos64_1.0.200.202301161003/tools/bin/../lib/gcc/arm-none-eabi/10.3.1/../../../../arm-none-eabi/lib/thumb/v7e-m+fp/hard/libc_nano.a(lib_a-nano-vfprintf_i.o)
                0x000000000800abf0                _printf_common
 *fill*         0x000000000800acca        0x2 
 .text._printf_i
                0x000000000800accc      0x24c /Applications/STM32CubeIDE.app/Contents/Eclipse/plugins/com.st.stm32cube.ide.mcu.externaltools.gnu-tools-for-stm32.10.3-2021.10.macos64_1.0.200.202301161003/tools/bin/../lib/gcc/arm-none-eabi/10.3.1/../../../../arm-none-eabi/lib/thumb/v7e-m+fp/hard/libc_nano.a(lib_a-nano-vfprintf_i.o)
                0x000000000800accc                _printf_i
 .text._sbrk_r  0x000000000800af18       0x20 /Applications/STM32CubeIDE.app/Contents/Eclipse/plugins/com.st.stm32cube.ide.mcu.externaltools.gnu-tools-for-stm32.10.3-2021.10.macos64_1.0.200.202301161003/tools/bin/../lib/gcc/arm-none-eabi/10.3.1/../../../../arm-none-eabi/lib/thumb/v7e-m+fp/hard/libc_nano.a(lib_a-sbrkr.o)
                0x000000000800af18                _sbrk_r
 .text.__sread  0x000000000800af38       0x22 /Applications/STM32CubeIDE.app/Contents/Eclipse/plugins/com.st.stm32cube.ide.mcu.externaltools.gnu-tools-for-stm32.10.3-2021.10.macos64_1.0.200.202301161003/tools/bin/../lib/gcc/arm-none-eabi/10.3.1/../../../../arm-none-eabi/lib/thumb/v7e-m+fp/hard/libc_nano.a(lib_a-stdio.o)
                0x000000000800af38                __sread
 .text.__swrite
                0x000000000800af5a       0x38 /Applications/STM32CubeIDE.app/Contents/Eclipse/plugins/com.st.stm32cube.ide.mcu.externaltools.gnu-tools-for-stm32.10.3-2021.10.macos64_1.0.200.202301161003/tools/bin/../lib/gcc/arm-none-eabi/10.3.1/../../../../arm-none-eabi/lib/thumb/v7e-m+fp/hard/libc_nano.a(lib_a-stdio.o)
                0x000000000800af5a                __swrite
 .text.__sseek  0x000000000800af92       0x24 /Applications/STM32CubeIDE.app/Contents/Eclipse/plugins/com.st.stm32cube.ide.mcu.externaltools.gnu-tools-for-stm32.10.3-2021.10.macos64_1.0.200.202301161003/tools/bin/../lib/gcc/arm-none-eabi/10.3.1/../../../../arm-none-eabi/lib/thumb/v7e-m+fp/hard/libc_nano.a(lib_a-stdio.o)
                0x000000000800af92                __sseek
 .text.__sclose
                0x000000000800afb6        0x8 /Applications/STM32CubeIDE.app/Contents/Eclipse/plugins/com.st.stm32cube.ide.mcu.externaltools.gnu-tools-for-stm32.10.3-2021.10.macos64_1.0.200.202301161003/tools/bin/../lib/gcc/arm-none-eabi/10.3.1/../../../../arm-none-eabi/lib/thumb/v7e-m+fp/hard/libc_nano.a(lib_a-stdio.o)
                0x000000000800afb6                __sclose
 *fill*         0x000000000800afbe        0x2 
 .text._write_r
                0x000000000800afc0       0x24 /Applications/STM32CubeIDE.app/Contents/Eclipse/plugins/com.st.stm32cube.ide.mcu.externaltools.gnu-tools-for-stm32.10.3-2021.10.macos64_1.0.200.202301161003/tools/bin/../lib/gcc/arm-none-eabi/10.3.1/../../../../arm-none-eabi/lib/thumb/v7e-m+fp/hard/libc_nano.a(lib_a-writer.o)
                0x000000000800afc0                _write_r
 .text._close_r
                0x000000000800afe4       0x20 /Applications/STM32CubeIDE.app/Contents/Eclipse/plugins/com.st.stm32cube.ide.mcu.externaltools.gnu-tools-for-stm32.10.3-2021.10.macos64_1.0.200.202301161003/tools/bin/../lib/gcc/arm-none-eabi/10.3.1/../../../../arm-none-eabi/lib/thumb/v7e-m+fp/hard/libc_nano.a(lib_a-closer.o)
                0x000000000800afe4                _close_r
 .text._fstat_r
                0x000000000800b004       0x24 /Applications/STM32CubeIDE.app/Contents/Eclipse/plugins/com.st.stm32cube.ide.mcu.externaltools.gnu-tools-for-stm32.10.3-2021.10.macos64_1.0.200.202301161003/tools/bin/../lib/gcc/arm-none-eabi/10.3.1/../../../../arm-none-eabi/lib/thumb/v7e-m+fp/hard/libc_nano.a(lib_a-fstatr.o)
                0x000000000800b004                _fstat_r
 .text._isatty_r
                0x000000000800b028       0x20 /Applications/STM32CubeIDE.app/Contents/Eclipse/plugins/com.st.stm32cube.ide.mcu.externaltools.gnu-tools-for-stm32.10.3-2021.10.macos64_1.0.200.202301161003/tools/bin/../lib/gcc/arm-none-eabi/10.3.1/../../../../arm-none-eabi/lib/thumb/v7e-m+fp/hard/libc_nano.a(lib_a-isattyr.o)
                0x000000000800b028                _isatty_r
 .text._lseek_r
                0x000000000800b048       0x24 /Applications/STM32CubeIDE.app/Contents/Eclipse/plugins/com.st.stm32cube.ide.mcu.externaltools.gnu-tools-for-stm32.10.3-2021.10.macos64_1.0.200.202301161003/tools/bin/../lib/gcc/arm-none-eabi/10.3.1/../../../../arm-none-eabi/lib/thumb/v7e-m+fp/hard/libc_nano.a(lib_a-lseekr.o)
                0x000000000800b048                _lseek_r
 .text.__malloc_lock
                0x000000000800b06c        0xc /Applications/STM32CubeIDE.app/Contents/Eclipse/plugins/com.st.stm32cube.ide.mcu.externaltools.gnu-tools-for-stm32.10.3-2021.10.macos64_1.0.200.202301161003/tools/bin/../lib/gcc/arm-none-eabi/10.3.1/../../../../arm-none-eabi/lib/thumb/v7e-m+fp/hard/libc_nano.a(lib_a-mlock.o)
                0x000000000800b06c                __malloc_lock
 .text.__malloc_unlock
                0x000000000800b078        0xc /Applications/STM32CubeIDE.app/Contents/Eclipse/plugins/com.st.stm32cube.ide.mcu.externaltools.gnu-tools-for-stm32.10.3-2021.10.macos64_1.0.200.202301161003/tools/bin/../lib/gcc/arm-none-eabi/10.3.1/../../../../arm-none-eabi/lib/thumb/v7e-m+fp/hard/libc_nano.a(lib_a-mlock.o)
                0x000000000800b078                __malloc_unlock
 .text._read_r  0x000000000800b084       0x24 /Applications/STM32CubeIDE.app/Contents/Eclipse/plugins/com.st.stm32cube.ide.mcu.externaltools.gnu-tools-for-stm32.10.3-2021.10.macos64_1.0.200.202301161003/tools/bin/../lib/gcc/arm-none-eabi/10.3.1/../../../../arm-none-eabi/lib/thumb/v7e-m+fp/hard/libc_nano.a(lib_a-readr.o)
                0x000000000800b084                _read_r
 *(.glue_7)
 .glue_7        0x000000000800b0a8        0x0 linker stubs
 *(.glue_7t)
 .glue_7t       0x000000000800b0a8        0x0 linker stubs
 *(.eh_frame)
 .eh_frame      0x000000000800b0a8        0x0 /Applications/STM32CubeIDE.app/Contents/Eclipse/plugins/com.st.stm32cube.ide.mcu.externaltools.gnu-tools-for-stm32.10.3-2021.10.macos64_1.0.200.202301161003/tools/bin/../lib/gcc/arm-none-eabi/10.3.1/thumb/v7e-m+fp/hard/crtbegin.o
 *(.init)
 .init          0x000000000800b0a8        0x4 /Applications/STM32CubeIDE.app/Contents/Eclipse/plugins/com.st.stm32cube.ide.mcu.externaltools.gnu-tools-for-stm32.10.3-2021.10.macos64_1.0.200.202301161003/tools/bin/../lib/gcc/arm-none-eabi/10.3.1/thumb/v7e-m+fp/hard/crti.o
                0x000000000800b0a8                _init
 .init          0x000000000800b0ac        0x8 /Applications/STM32CubeIDE.app/Contents/Eclipse/plugins/com.st.stm32cube.ide.mcu.externaltools.gnu-tools-for-stm32.10.3-2021.10.macos64_1.0.200.202301161003/tools/bin/../lib/gcc/arm-none-eabi/10.3.1/thumb/v7e-m+fp/hard/crtn.o
 *(.fini)
 .fini          0x000000000800b0b4        0x4 /Applications/STM32CubeIDE.app/Contents/Eclipse/plugins/com.st.stm32cube.ide.mcu.externaltools.gnu-tools-for-stm32.10.3-2021.10.macos64_1.0.200.202301161003/tools/bin/../lib/gcc/arm-none-eabi/10.3.1/thumb/v7e-m+fp/hard/crti.o
                0x000000000800b0b4                _fini
 .fini          0x000000000800b0b8        0x8 /Applications/STM32CubeIDE.app/Contents/Eclipse/plugins/com.st.stm32cube.ide.mcu.externaltools.gnu-tools-for-stm32.10.3-2021.10.macos64_1.0.200.202301161003/tools/bin/../lib/gcc/arm-none-eabi/10.3.1/thumb/v7e-m+fp/hard/crtn.o
                0x000000000800b0c0                . = ALIGN (0x8)
                0x000000000800b0c0                _etext = .

.vfp11_veneer   0x000000000800b0c0        0x0
 .vfp11_veneer  0x000000000800b0c0        0x0 linker stubs

.v4_bx          0x000000000800b0c0        0x0
 .v4_bx         0x000000000800b0c0        0x0 linker stubs

.iplt           0x000000000800b0c0        0x0
 .iplt          0x000000000800b0c0        0x0 /Applications/STM32CubeIDE.app/Contents/Eclipse/plugins/com.st.stm32cube.ide.mcu.externaltools.gnu-tools-for-stm32.10.3-2021.10.macos64_1.0.200.202301161003/tools/bin/../lib/gcc/arm-none-eabi/10.3.1/thumb/v7e-m+fp/hard/crtbegin.o

.rodata         0x000000000800b0c0      0xf68
                0x000000000800b0c0                . = ALIGN (0x8)
 *(.rodata)
 .rodata        0x000000000800b0c0       0x2c ./Application/SBSFU/App/sfu_boot.o
 .rodata        0x000000000800b0ec       0x64 ./Application/SBSFU/App/sfu_error.o
 .rodata        0x000000000800b150       0x60 ./Application/SBSFU/App/sfu_fwimg_common.o
                0x000000000800b150                SlotStartAdd
                0x000000000800b170                SlotEndAdd
                0x000000000800b190                SlotHeaderAdd
 .rodata        0x000000000800b1b0       0x87 ./Application/SBSFU/App/sfu_loader.o
 *fill*         0x000000000800b237        0x1 
 .rodata        0x000000000800b238       0x14 ./Drivers/BSP/STM32F413H-Discovery/stm32f413h_discovery.o
                0x000000000800b238                GPIO_PIN
                0x000000000800b240                COM_RX_AF
                0x000000000800b242                COM_TX_AF
                0x000000000800b244                COM_RX_PIN
                0x000000000800b246                COM_TX_PIN
                0x000000000800b248                BUTTON_IRQn
                0x000000000800b24a                BUTTON_PIN
 .rodata        0x000000000800b24c       0x18 ./Drivers/CMSIS/system_stm32f4xx.o
                0x000000000800b24c                AHBPrescTable
                0x000000000800b25c                APBPrescTable
 *(.rodata*)
 .rodata.str1.1
                0x000000000800b264      0x7d1 ./Application/SBSFU/App/sfu_boot.o
                                        0x7d5 (size before relaxing)
 .rodata.str1.1
                0x000000000800ba35        0x3 ./Application/SBSFU/App/sfu_com_loader.o
 .rodata.str1.1
                0x000000000800ba38      0x271 ./Application/SBSFU/App/sfu_error.o
 .rodata.str1.1
                0x000000000800bca9      0x217 ./Application/SBSFU/App/sfu_fwimg_common.o
 .rodata.str1.1
                0x000000000800bec0       0xd0 ./Application/SBSFU/App/sfu_fwimg_no_swap.o
                                        0x10a (size before relaxing)
 .rodata._global_impure_ptr
                0x000000000800bf90        0x4 /Applications/STM32CubeIDE.app/Contents/Eclipse/plugins/com.st.stm32cube.ide.mcu.externaltools.gnu-tools-for-stm32.10.3-2021.10.macos64_1.0.200.202301161003/tools/bin/../lib/gcc/arm-none-eabi/10.3.1/../../../../arm-none-eabi/lib/thumb/v7e-m+fp/hard/libc_nano.a(lib_a-impure.o)
                0x000000000800bf90                _global_impure_ptr
 .rodata.__sf_fake_stderr
                0x000000000800bf94       0x20 /Applications/STM32CubeIDE.app/Contents/Eclipse/plugins/com.st.stm32cube.ide.mcu.externaltools.gnu-tools-for-stm32.10.3-2021.10.macos64_1.0.200.202301161003/tools/bin/../lib/gcc/arm-none-eabi/10.3.1/../../../../arm-none-eabi/lib/thumb/v7e-m+fp/hard/libc_nano.a(lib_a-findfp.o)
                0x000000000800bf94                __sf_fake_stderr
 .rodata.__sf_fake_stdin
                0x000000000800bfb4       0x20 /Applications/STM32CubeIDE.app/Contents/Eclipse/plugins/com.st.stm32cube.ide.mcu.externaltools.gnu-tools-for-stm32.10.3-2021.10.macos64_1.0.200.202301161003/tools/bin/../lib/gcc/arm-none-eabi/10.3.1/../../../../arm-none-eabi/lib/thumb/v7e-m+fp/hard/libc_nano.a(lib_a-findfp.o)
                0x000000000800bfb4                __sf_fake_stdin
 .rodata.__sf_fake_stdout
                0x000000000800bfd4       0x20 /Applications/STM32CubeIDE.app/Contents/Eclipse/plugins/com.st.stm32cube.ide.mcu.externaltools.gnu-tools-for-stm32.10.3-2021.10.macos64_1.0.200.202301161003/tools/bin/../lib/gcc/arm-none-eabi/10.3.1/../../../../arm-none-eabi/lib/thumb/v7e-m+fp/hard/libc_nano.a(lib_a-findfp.o)
                0x000000000800bfd4                __sf_fake_stdout
 .rodata._vfprintf_r.str1.1
                0x000000000800bff4       0x11 /Applications/STM32CubeIDE.app/Contents/Eclipse/plugins/com.st.stm32cube.ide.mcu.externaltools.gnu-tools-for-stm32.10.3-2021.10.macos64_1.0.200.202301161003/tools/bin/../lib/gcc/arm-none-eabi/10.3.1/../../../../arm-none-eabi/lib/thumb/v7e-m+fp/hard/libc_nano.a(lib_a-nano-vfprintf.o)
 .rodata._printf_i.str1.1
                0x000000000800c005       0x22 /Applications/STM32CubeIDE.app/Contents/Eclipse/plugins/com.st.stm32cube.ide.mcu.externaltools.gnu-tools-for-stm32.10.3-2021.10.macos64_1.0.200.202301161003/tools/bin/../lib/gcc/arm-none-eabi/10.3.1/../../../../arm-none-eabi/lib/thumb/v7e-m+fp/hard/libc_nano.a(lib_a-nano-vfprintf_i.o)
                0x000000000800c028                . = ALIGN (0x8)
 *fill*         0x000000000800c027        0x1 

.ARM.extab      0x000000000800c028        0x0
                0x000000000800c028                . = ALIGN (0x8)
 *(.ARM.extab* .gnu.linkonce.armextab.*)
                0x000000000800c028                . = ALIGN (0x8)

.ARM            0x000000000800c028        0x8
                0x000000000800c028                . = ALIGN (0x8)
                0x000000000800c028                __exidx_start = .
 *(.ARM.exidx*)
 .ARM.exidx     0x000000000800c028        0x8 /Applications/STM32CubeIDE.app/Contents/Eclipse/plugins/com.st.stm32cube.ide.mcu.externaltools.gnu-tools-for-stm32.10.3-2021.10.macos64_1.0.200.202301161003/tools/bin/../lib/gcc/arm-none-eabi/10.3.1/thumb/v7e-m+fp/hard/libgcc.a(_udivmoddi4.o)
                0x000000000800c030                __exidx_end = .
                0x000000000800c030                . = ALIGN (0x8)

.rel.dyn        0x000000000800c030        0x0
 .rel.iplt      0x000000000800c030        0x0 /Applications/STM32CubeIDE.app/Contents/Eclipse/plugins/com.st.stm32cube.ide.mcu.externaltools.gnu-tools-for-stm32.10.3-2021.10.macos64_1.0.200.202301161003/tools/bin/../lib/gcc/arm-none-eabi/10.3.1/thumb/v7e-m+fp/hard/crtbegin.o

.preinit_array  0x000000000800c030        0x0
                0x000000000800c030                . = ALIGN (0x8)
                0x000000000800c030                PROVIDE (__preinit_array_start = .)
 *(.preinit_array*)
                0x000000000800c030                PROVIDE (__preinit_array_end = .)
                0x000000000800c030                . = ALIGN (0x8)

.init_array     0x000000000800c030        0x8
                0x000000000800c030                . = ALIGN (0x8)
                0x000000000800c030                PROVIDE (__init_array_start = .)
 *(SORT_BY_NAME(.init_array.*))
 *(.init_array*)
 .init_array    0x000000000800c030        0x4 /Applications/STM32CubeIDE.app/Contents/Eclipse/plugins/com.st.stm32cube.ide.mcu.externaltools.gnu-tools-for-stm32.10.3-2021.10.macos64_1.0.200.202301161003/tools/bin/../lib/gcc/arm-none-eabi/10.3.1/thumb/v7e-m+fp/hard/crtbegin.o
                0x000000000800c034                PROVIDE (__init_array_end = .)
                0x000000000800c038                . = ALIGN (0x8)
 *fill*         0x000000000800c034        0x4 

.fini_array     0x000000000800c038        0x8
                0x000000000800c038                . = ALIGN (0x8)
                [!provide]                        PROVIDE (__fini_array_start = .)
 *(SORT_BY_NAME(.fini_array.*))
 *(.fini_array*)
 .fini_array    0x000000000800c038        0x4 /Applications/STM32CubeIDE.app/Contents/Eclipse/plugins/com.st.stm32cube.ide.mcu.externaltools.gnu-tools-for-stm32.10.3-2021.10.macos64_1.0.200.202301161003/tools/bin/../lib/gcc/arm-none-eabi/10.3.1/thumb/v7e-m+fp/hard/crtbegin.o
                [!provide]                        PROVIDE (__fini_array_end = .)
                0x000000000800c040                . = ALIGN (0x8)
 *fill*         0x000000000800c03c        0x4 
                0x000000000800c040                _sidata = LOADADDR (.data)

.data           0x0000000020001000       0xd8 load address 0x000000000800c040
                0x0000000020001000                . = ALIGN (0x8)
                0x0000000020001000                _sdata = .
 *(.data)
 .data          0x0000000020001000        0x8 ./Application/SBSFU/App/sfu_boot.o
                0x0000000020001000                uFlowProtectValue
                0x0000000020001004                uFlowCryptoValue
 .data          0x0000000020001008       0x44 ./Application/SBSFU/Target/sfu_low_level_flash_int.o
                0x0000000020001008                FlashSectorsAddress
 .data          0x000000002000104c       0x18 ./Drivers/BSP/STM32F413H-Discovery/stm32f413h_discovery.o
                0x000000002000104c                GPIO_PORT
                0x0000000020001054                BUTTON_PORT
                0x0000000020001058                COM_TX_PORT
                0x000000002000105c                COM_RX_PORT
                0x0000000020001060                COM_USART
 .data          0x0000000020001064        0x4 ./Drivers/CMSIS/system_stm32f4xx.o
                0x0000000020001064                SystemCoreClock
 .data          0x0000000020001068        0x8 ./Drivers/STM32F4xx_HAL_Driver/stm32f4xx_hal.o
                0x0000000020001068                uwTickFreq
                0x000000002000106c                uwTickPrio
 *(.data*)
 .data._impure_ptr
                0x0000000020001070        0x4 /Applications/STM32CubeIDE.app/Contents/Eclipse/plugins/com.st.stm32cube.ide.mcu.externaltools.gnu-tools-for-stm32.10.3-2021.10.macos64_1.0.200.202301161003/tools/bin/../lib/gcc/arm-none-eabi/10.3.1/../../../../arm-none-eabi/lib/thumb/v7e-m+fp/hard/libc_nano.a(lib_a-impure.o)
                0x0000000020001070                _impure_ptr
 .data.impure_data
                0x0000000020001074       0x60 /Applications/STM32CubeIDE.app/Contents/Eclipse/plugins/com.st.stm32cube.ide.mcu.externaltools.gnu-tools-for-stm32.10.3-2021.10.macos64_1.0.200.202301161003/tools/bin/../lib/gcc/arm-none-eabi/10.3.1/../../../../arm-none-eabi/lib/thumb/v7e-m+fp/hard/libc_nano.a(lib_a-impure.o)
                0x00000000200010d8                . = ALIGN (0x8)
 *fill*         0x00000000200010d4        0x4 
                0x00000000200010d8                _edata = .

.igot.plt       0x00000000200010d8        0x0 load address 0x000000000800c118
 .igot.plt      0x00000000200010d8        0x0 /Applications/STM32CubeIDE.app/Contents/Eclipse/plugins/com.st.stm32cube.ide.mcu.externaltools.gnu-tools-for-stm32.10.3-2021.10.macos64_1.0.200.202301161003/tools/bin/../lib/gcc/arm-none-eabi/10.3.1/thumb/v7e-m+fp/hard/crtbegin.o
                0x00000000200010d8                . = ALIGN (0x4)

.bss            0x00000000200010d8      0x8cc load address 0x000000000800c118
                0x00000000200010d8                _sbss = .
                0x00000000200010d8                __bss_start__ = _sbss
 *(.bss)
 .bss           0x00000000200010d8       0x1c /Applications/STM32CubeIDE.app/Contents/Eclipse/plugins/com.st.stm32cube.ide.mcu.externaltools.gnu-tools-for-stm32.10.3-2021.10.macos64_1.0.200.202301161003/tools/bin/../lib/gcc/arm-none-eabi/10.3.1/thumb/v7e-m+fp/hard/crtbegin.o
 .bss           0x00000000200010f4        0x8 ./Application/Core/syscalls.o
                0x00000000200010f8                __env
 .bss           0x00000000200010fc       0x14 ./Application/SBSFU/App/sfu_boot.o
                0x00000000200010fe                initialDeviceStatusCheck
 .bss           0x0000000020001110      0x406 ./Application/SBSFU/App/sfu_com_loader.o
 *fill*         0x0000000020001516        0x2 
 .bss           0x0000000020001518      0x2a8 ./Application/SBSFU/App/sfu_fwimg_common.o
                0x0000000020001538                fw_image_header_validated
                0x0000000020001678                SFU_IMG_Status
                0x000000002000167c                SFU_IMG_Line
                0x0000000020001680                fw_image_header_to_test
 .bss           0x00000000200017c0      0x164 ./Application/SBSFU/App/sfu_loader.o
 .bss           0x0000000020001924       0x4c ./Application/SBSFU/Target/sfu_low_level.o
 .bss           0x0000000020001970        0x4 ./Drivers/STM32F4xx_HAL_Driver/stm32f4xx_hal.o
                0x0000000020001970                uwTick
 .bss           0x0000000020001974       0x20 ./Drivers/STM32F4xx_HAL_Driver/stm32f4xx_hal_flash.o
                0x0000000020001974                pFlash
 .bss           0x0000000020001994        0x1 ./Middlewares/STM32_Secure_Engine/se_interface_bootloader.o
 *(.bss*)
 .bss.__lock___malloc_recursive_mutex
                0x0000000020001995        0x1 /Applications/STM32CubeIDE.app/Contents/Eclipse/plugins/com.st.stm32cube.ide.mcu.externaltools.gnu-tools-for-stm32.10.3-2021.10.macos64_1.0.200.202301161003/tools/bin/../lib/gcc/arm-none-eabi/10.3.1/../../../../arm-none-eabi/lib/thumb/v7e-m+fp/hard/libc_nano.a(lib_a-lock.o)
                0x0000000020001995                __lock___malloc_recursive_mutex
 .bss.__lock___sfp_recursive_mutex
                0x0000000020001996        0x1 /Applications/STM32CubeIDE.app/Contents/Eclipse/plugins/com.st.stm32cube.ide.mcu.externaltools.gnu-tools-for-stm32.10.3-2021.10.macos64_1.0.200.202301161003/tools/bin/../lib/gcc/arm-none-eabi/10.3.1/../../../../arm-none-eabi/lib/thumb/v7e-m+fp/hard/libc_nano.a(lib_a-lock.o)
                0x0000000020001996                __lock___sfp_recursive_mutex
 .bss.__lock___sinit_recursive_mutex
                0x0000000020001997        0x1 /Applications/STM32CubeIDE.app/Contents/Eclipse/plugins/com.st.stm32cube.ide.mcu.externaltools.gnu-tools-for-stm32.10.3-2021.10.macos64_1.0.200.202301161003/tools/bin/../lib/gcc/arm-none-eabi/10.3.1/../../../../arm-none-eabi/lib/thumb/v7e-m+fp/hard/libc_nano.a(lib_a-lock.o)
                0x0000000020001997                __lock___sinit_recursive_mutex
 .bss.__malloc_free_list
                0x0000000020001998        0x4 /Applications/STM32CubeIDE.app/Contents/Eclipse/plugins/com.st.stm32cube.ide.mcu.externaltools.gnu-tools-for-stm32.10.3-2021.10.macos64_1.0.200.202301161003/tools/bin/../lib/gcc/arm-none-eabi/10.3.1/../../../../arm-none-eabi/lib/thumb/v7e-m+fp/hard/libc_nano.a(lib_a-nano-mallocr.o)
                0x0000000020001998                __malloc_free_list