/Users/mac/Downloads/STM32CubeExpansion_SBSFU_V2.6.2/Projects/STM32F413H-Discovery/Applications/1_Image/1_Image_UserApp/Src/main.c:59:6:puts_com	8	static
/Users/mac/Downloads/STM32CubeExpansion_SBSFU_V2.6.2/Projects/STM32F413H-Discovery/Applications/1_Image/1_Image_UserApp/Src/main.c:113:6:SystemClock_Config	88	static,ignoring_inline_asm
/Users/mac/Downloads/STM32CubeExpansion_SBSFU_V2.6.2/Projects/STM32F413H-Discovery/Applications/1_Image/1_Image_UserApp/Src/main.c:68:5:main	8	static
/Users/mac/Downloads/STM32CubeExpansion_SBSFU_V2.6.2/Projects/STM32F413H-Discovery/Applications/1_Image/1_Image_UserApp/Src/main.c:158:6:Error_Handler	0	static,ignoring_inline_asm
