/Users/mac/Downloads/STM32CubeExpansion_SBSFU_V2.6.2/Projects/STM32F413H-Discovery/Applications/1_Image/1_Image_UserApp/Src/test_protections.c:384:13:TEST_PROTECTIONS_CORRUPT_PrintMenu	8	static
/Users/mac/Downloads/STM32CubeExpansion_SBSFU_V2.6.2/Projects/STM32F413H-Discovery/Applications/1_Image/1_Image_UserApp/Src/test_protections.c:211:13:TEST_PROTECTIONS_PrintTestingMenu	8	static
/Users/mac/Downloads/STM32CubeExpansion_SBSFU_V2.6.2/Projects/STM32F413H-Discovery/Applications/1_Image/1_Image_UserApp/Src/test_protections.c:133:6:TEST_PROTECTIONS_RunMenu	64	static
/Users/mac/Downloads/STM32CubeExpansion_SBSFU_V2.6.2/Projects/STM32F413H-Discovery/Applications/1_Image/1_Image_UserApp/Src/test_protections.c:530:6:HAL_RTCEx_Tamper1EventCallback	0	static
