Archive member included to satisfy reference by file (symbol)

../../../../../../../Middlewares/ST/STM32_Cryptographic/Fw_Crypto/STM32F4/Lib/libSTM32CryptographicV3.0.0_CM4_GCC.a(crypto.o)
                              ./Application/User/se_crypto_bootloader.o (AES_CBC_Decrypt_Init)
/Applications/STM32CubeIDE.app/Contents/Eclipse/plugins/com.st.stm32cube.ide.mcu.externaltools.gnu-tools-for-stm32.10.3-2021.10.macos64_1.0.200.202301161003/tools/bin/../lib/gcc/arm-none-eabi/10.3.1/../../../../arm-none-eabi/lib/thumb/v7e-m+fp/softfp/libc_nano.a(lib_a-exit.o)
                              /Applications/STM32CubeIDE.app/Contents/Eclipse/plugins/com.st.stm32cube.ide.mcu.externaltools.gnu-tools-for-stm32.10.3-2021.10.macos64_1.0.200.202301161003/tools/bin/../lib/gcc/arm-none-eabi/10.3.1/../../../../arm-none-eabi/lib/thumb/v7e-m+fp/softfp/crt0.o (exit)
/Applications/STM32CubeIDE.app/Contents/Eclipse/plugins/com.st.stm32cube.ide.mcu.externaltools.gnu-tools-for-stm32.10.3-2021.10.macos64_1.0.200.202301161003/tools/bin/../lib/gcc/arm-none-eabi/10.3.1/../../../../arm-none-eabi/lib/thumb/v7e-m+fp/softfp/libc_nano.a(lib_a-impure.o)
                              /Applications/STM32CubeIDE.app/Contents/Eclipse/plugins/com.st.stm32cube.ide.mcu.externaltools.gnu-tools-for-stm32.10.3-2021.10.macos64_1.0.200.202301161003/tools/bin/../lib/gcc/arm-none-eabi/10.3.1/../../../../arm-none-eabi/lib/thumb/v7e-m+fp/softfp/libc_nano.a(lib_a-exit.o) (_global_impure_ptr)
/Applications/STM32CubeIDE.app/Contents/Eclipse/plugins/com.st.stm32cube.ide.mcu.externaltools.gnu-tools-for-stm32.10.3-2021.10.macos64_1.0.200.202301161003/tools/bin/../lib/gcc/arm-none-eabi/10.3.1/../../../../arm-none-eabi/lib/thumb/v7e-m+fp/softfp/libc_nano.a(lib_a-init.o)
                              /Applications/STM32CubeIDE.app/Contents/Eclipse/plugins/com.st.stm32cube.ide.mcu.externaltools.gnu-tools-for-stm32.10.3-2021.10.macos64_1.0.200.202301161003/tools/bin/../lib/gcc/arm-none-eabi/10.3.1/../../../../arm-none-eabi/lib/thumb/v7e-m+fp/softfp/crt0.o (__libc_init_array)
/Applications/STM32CubeIDE.app/Contents/Eclipse/plugins/com.st.stm32cube.ide.mcu.externaltools.gnu-tools-for-stm32.10.3-2021.10.macos64_1.0.200.202301161003/tools/bin/../lib/gcc/arm-none-eabi/10.3.1/../../../../arm-none-eabi/lib/thumb/v7e-m+fp/softfp/libc_nano.a(lib_a-memcmp.o)
                              ./Application/User/se_crypto_bootloader.o (memcmp)
/Applications/STM32CubeIDE.app/Contents/Eclipse/plugins/com.st.stm32cube.ide.mcu.externaltools.gnu-tools-for-stm32.10.3-2021.10.macos64_1.0.200.202301161003/tools/bin/../lib/gcc/arm-none-eabi/10.3.1/../../../../arm-none-eabi/lib/thumb/v7e-m+fp/softfp/libc_nano.a(lib_a-memcpy-stub.o)
                              ./Application/User/se_crypto_bootloader.o (memcpy)
/Applications/STM32CubeIDE.app/Contents/Eclipse/plugins/com.st.stm32cube.ide.mcu.externaltools.gnu-tools-for-stm32.10.3-2021.10.macos64_1.0.200.202301161003/tools/bin/../lib/gcc/arm-none-eabi/10.3.1/../../../../arm-none-eabi/lib/thumb/v7e-m+fp/softfp/libc_nano.a(lib_a-memmove.o)
                              ../../../../../../../Middlewares/ST/STM32_Cryptographic/Fw_Crypto/STM32F4/Lib/libSTM32CryptographicV3.0.0_CM4_GCC.a(crypto.o) (memmove)
/Applications/STM32CubeIDE.app/Contents/Eclipse/plugins/com.st.stm32cube.ide.mcu.externaltools.gnu-tools-for-stm32.10.3-2021.10.macos64_1.0.200.202301161003/tools/bin/../lib/gcc/arm-none-eabi/10.3.1/../../../../arm-none-eabi/lib/thumb/v7e-m+fp/softfp/libc_nano.a(lib_a-memset.o)
                              /Applications/STM32CubeIDE.app/Contents/Eclipse/plugins/com.st.stm32cube.ide.mcu.externaltools.gnu-tools-for-stm32.10.3-2021.10.macos64_1.0.200.202301161003/tools/bin/../lib/gcc/arm-none-eabi/10.3.1/../../../../arm-none-eabi/lib/thumb/v7e-m+fp/softfp/crt0.o (memset)
/Applications/STM32CubeIDE.app/Contents/Eclipse/plugins/com.st.stm32cube.ide.mcu.externaltools.gnu-tools-for-stm32.10.3-2021.10.macos64_1.0.200.202301161003/tools/bin/../lib/gcc/arm-none-eabi/10.3.1/../../../../arm-none-eabi/lib/thumb/v7e-m+fp/softfp/libnosys.a(_exit.o)
                              /Applications/STM32CubeIDE.app/Contents/Eclipse/plugins/com.st.stm32cube.ide.mcu.externaltools.gnu-tools-for-stm32.10.3-2021.10.macos64_1.0.200.202301161003/tools/bin/../lib/gcc/arm-none-eabi/10.3.1/../../../../arm-none-eabi/lib/thumb/v7e-m+fp/softfp/libc_nano.a(lib_a-exit.o) (_exit)

Discarded input sections

 .text          0x0000000000000000        0x0 /Applications/STM32CubeIDE.app/Contents/Eclipse/plugins/com.st.stm32cube.ide.mcu.externaltools.gnu-tools-for-stm32.10.3-2021.10.macos64_1.0.200.202301161003/tools/bin/../lib/gcc/arm-none-eabi/10.3.1/thumb/v7e-m+fp/softfp/crti.o
 .data          0x0000000000000000        0x0 /Applications/STM32CubeIDE.app/Contents/Eclipse/plugins/com.st.stm32cube.ide.mcu.externaltools.gnu-tools-for-stm32.10.3-2021.10.macos64_1.0.200.202301161003/tools/bin/../lib/gcc/arm-none-eabi/10.3.1/thumb/v7e-m+fp/softfp/crti.o
[...]
Memory Configuration

Name             Origin             Length             Attributes
SE_Entry_Secure_ROM_Region 0x0000000008000200 0x0000000000000200 xr
SE_Key_region_ROM 0x0000000008000400 0x0000000000000100 xr
SE_Startup_region_ROM 0x0000000008000500 0x0000000000000100 xr
SE_ROM_region    0x0000000008000600 0x0000000000007a00 xr
SE_IF_region_ROM 0x0000000008008000 0x0000000000000900 xr
SB_ROM_region    0x0000000008008900 0x0000000000007700 xr
SE_RAM_region    0x0000000020000400 0x0000000000000c00 xrw
SB_RAM_region    0x0000000020001000 0x000000000000b000 xrw
*default*        0x0000000000000000 0xffffffffffffffff

Linker script and memory map

LOAD /Applications/STM32CubeIDE.app/Contents/Eclipse/plugins/com.st.stm32cube.ide.mcu.externaltools.gnu-tools-for-stm32.10.3-2021.10.macos64_1.0.200.202301161003/tools/bin/../lib/gcc/arm-none-eabi/10.3.1/thumb/v7e-m+fp/softfp/crti.o
LOAD /Applications/STM32CubeIDE.app/Contents/Eclipse/plugins/com.st.stm32cube.ide.mcu.externaltools.gnu-tools-for-stm32.10.3-2021.10.macos64_1.0.200.202301161003/tools/bin/../lib/gcc/arm-none-eabi/10.3.1/thumb/v7e-m+fp/softfp/crtbegin.o
LOAD /Applications/STM32CubeIDE.app/Contents/Eclipse/plugins/com.st.stm32cube.ide.mcu.externaltools.gnu-tools-for-stm32.10.3-2021.10.macos64_1.0.200.202301161003/tools/bin/../lib/gcc/arm-none-eabi/10.3.1/../../../../arm-none-eabi/lib/thumb/v7e-m+fp/softfp/crt0.o
LOAD ./Application/Startup/se_key.o
LOAD ./Application/Startup/se_stack_smuggler_GNU.o
LOAD ./Application/User/data_init.o
LOAD ./Application/User/se_crypto_bootloader.o
LOAD ./Application/User/se_low_level.o
LOAD ./Drivers/STM32F4xx_HAL_Driver/stm32f4xx_hal_crc.o
LOAD ./Drivers/STM32F4xx_HAL_Driver/stm32f4xx_hal_flash.o
LOAD ./Drivers/STM32F4xx_HAL_Driver/stm32f4xx_hal_flash_ex.o
LOAD ./Middlewares/STM32_Secure_Engine/se_callgate.o
LOAD ./Middlewares/STM32_Secure_Engine/se_crypto_common.o
LOAD ./Middlewares/STM32_Secure_Engine/se_exception.o
LOAD ./Middlewares/STM32_Secure_Engine/se_fwimg.o
LOAD ./Middlewares/STM32_Secure_Engine/se_startup.o
LOAD ./Middlewares/STM32_Secure_Engine/se_user_application.o
LOAD ./Middlewares/STM32_Secure_Engine/se_utils.o
LOAD ../../../../../../../Middlewares/ST/STM32_Cryptographic/Fw_Crypto/STM32F4/Lib/libSTM32CryptographicV3.0.0_CM4_GCC.a
START GROUP
LOAD /Applications/STM32CubeIDE.app/Contents/Eclipse/plugins/com.st.stm32cube.ide.mcu.externaltools.gnu-tools-for-stm32.10.3-2021.10.macos64_1.0.200.202301161003/tools/bin/../lib/gcc/arm-none-eabi/10.3.1/../../../../arm-none-eabi/lib/thumb/v7e-m+fp/softfp/libc_nano.a
LOAD /Applications/STM32CubeIDE.app/Contents/Eclipse/plugins/com.st.stm32cube.ide.mcu.externaltools.gnu-tools-for-stm32.10.3-2021.10.macos64_1.0.200.202301161003/tools/bin/../lib/gcc/arm-none-eabi/10.3.1/../../../../arm-none-eabi/lib/thumb/v7e-m+fp/softfp/libm.a
END GROUP
START GROUP
LOAD /Applications/STM32CubeIDE.app/Contents/Eclipse/plugins/com.st.stm32cube.ide.mcu.externaltools.gnu-tools-for-stm32.10.3-2021.10.macos64_1.0.200.202301161003/tools/bin/../lib/gcc/arm-none-eabi/10.3.1/thumb/v7e-m+fp/softfp/libgcc.a
LOAD /Applications/STM32CubeIDE.app/Contents/Eclipse/plugins/com.st.stm32cube.ide.mcu.externaltools.gnu-tools-for-stm32.10.3-2021.10.macos64_1.0.200.202301161003/tools/bin/../lib/gcc/arm-none-eabi/10.3.1/../../../../arm-none-eabi/lib/thumb/v7e-m+fp/softfp/libc_nano.a
END GROUP
START GROUP
LOAD /Applications/STM32CubeIDE.app/Contents/Eclipse/plugins/com.st.stm32cube.ide.mcu.externaltools.gnu-tools-for-stm32.10.3-2021.10.macos64_1.0.200.202301161003/tools/bin/../lib/gcc/arm-none-eabi/10.3.1/thumb/v7e-m+fp/softfp/libgcc.a
LOAD /Applications/STM32CubeIDE.app/Contents/Eclipse/plugins/com.st.stm32cube.ide.mcu.externaltools.gnu-tools-for-stm32.10.3-2021.10.macos64_1.0.200.202301161003/tools/bin/../lib/gcc/arm-none-eabi/10.3.1/../../../../arm-none-eabi/lib/thumb/v7e-m+fp/softfp/libc_nano.a
LOAD /Applications/STM32CubeIDE.app/Contents/Eclipse/plugins/com.st.stm32cube.ide.mcu.externaltools.gnu-tools-for-stm32.10.3-2021.10.macos64_1.0.200.202301161003/tools/bin/../lib/gcc/arm-none-eabi/10.3.1/../../../../arm-none-eabi/lib/thumb/v7e-m+fp/softfp/libnosys.a
END GROUP
START GROUP
LOAD /Applications/STM32CubeIDE.app/Contents/Eclipse/plugins/com.st.stm32cube.ide.mcu.externaltools.gnu-tools-for-stm32.10.3-2021.10.macos64_1.0.200.202301161003/tools/bin/../lib/gcc/arm-none-eabi/10.3.1/thumb/v7e-m+fp/softfp/libgcc.a
LOAD /Applications/STM32CubeIDE.app/Contents/Eclipse/plugins/com.st.stm32cube.ide.mcu.externaltools.gnu-tools-for-stm32.10.3-2021.10.macos64_1.0.200.202301161003/tools/bin/../lib/gcc/arm-none-eabi/10.3.1/../../../../arm-none-eabi/lib/thumb/v7e-m+fp/softfp/libc_nano.a
LOAD /Applications/STM32CubeIDE.app/Contents/Eclipse/plugins/com.st.stm32cube.ide.mcu.externaltools.gnu-tools-for-stm32.10.3-2021.10.macos64_1.0.200.202301161003/tools/bin/../lib/gcc/arm-none-eabi/10.3.1/../../../../arm-none-eabi/lib/thumb/v7e-m+fp/softfp/libnosys.a
END GROUP
LOAD /Applications/STM32CubeIDE.app/Contents/Eclipse/plugins/com.st.stm32cube.ide.mcu.externaltools.gnu-tools-for-stm32.10.3-2021.10.macos64_1.0.200.202301161003/tools/bin/../lib/gcc/arm-none-eabi/10.3.1/thumb/v7e-m+fp/softfp/crtend.o
LOAD /Applications/STM32CubeIDE.app/Contents/Eclipse/plugins/com.st.stm32cube.ide.mcu.externaltools.gnu-tools-for-stm32.10.3-2021.10.macos64_1.0.200.202301161003/tools/bin/../lib/gcc/arm-none-eabi/10.3.1/thumb/v7e-m+fp/softfp/crtn.o
                0x0000000000000000                _Min_Heap_Size = 0x0
                0x0000000000000000                _Min_Stack_Size = 0x0
                0x0000000008010000                __ICFEDIT_SLOT_Active_1_start__ = 0x8010000
                0x000000000803ffff                __ICFEDIT_SLOT_Active_1_end__ = 0x803ffff
                0x0000000008010000                __ICFEDIT_SLOT_Active_1_header__ = __ICFEDIT_SLOT_Active_1_start__
                0x0000000000000000                __ICFEDIT_SLOT_Active_2_header__ = 0x0
                0x0000000000000000                __ICFEDIT_SLOT_Active_2_start__ = 0x0
                0x0000000000000000                __ICFEDIT_SLOT_Active_2_end__ = 0x0
                0x0000000000000000                __ICFEDIT_SLOT_Active_3_header__ = 0x0
                0x0000000000000000                __ICFEDIT_SLOT_Active_3_start__ = 0x0
                0x0000000000000000                __ICFEDIT_SLOT_Active_3_end__ = 0x0
                0x0000000000000200                VECTOR_SIZE = 0x200
                0x0000000008000200                __ICFEDIT_SE_Code_region_ROM_start__ = (0x8000000 + VECTOR_SIZE)
                0x0000000008000200                __ICFEDIT_SE_CallGate_region_ROM_start__ = __ICFEDIT_SE_Code_region_ROM_start__
                0x00000000080003ff                __ICFEDIT_SE_CallGate_region_ROM_end__ = (__ICFEDIT_SE_Code_region_ROM_start__ + 0x1ff)
                0x0000000008000400                __ICFEDIT_SE_Key_region_ROM_start__ = (__ICFEDIT_SE_CallGate_region_ROM_end__ + 0x1)
                0x00000000080004ff                __ICFEDIT_SE_Key_region_ROM_end__ = (__ICFEDIT_SE_Key_region_ROM_start__ + 0xff)
                0x0000000008000500                __ICFEDIT_SE_Startup_region_ROM_start__ = (__ICFEDIT_SE_Key_region_ROM_end__ + 0x1)
                0x0000000008000600                __ICFEDIT_SE_Code_nokey_region_ROM_start__ = (__ICFEDIT_SE_Startup_region_ROM_start__ + 0x100)
                0x0000000008007fff                __ICFEDIT_SE_Code_region_ROM_end__ = 0x8007fff
                0x0000000008008000                __ICFEDIT_SE_IF_region_ROM_start__ = (__ICFEDIT_SE_Code_region_ROM_end__ + 0x1)
                0x00000000080088ff                __ICFEDIT_SE_IF_region_ROM_end__ = (__ICFEDIT_SE_IF_region_ROM_start__ + 0x8ff)
                0x0000000008008900                __ICFEDIT_SB_region_ROM_start__ = (__ICFEDIT_SE_IF_region_ROM_end__ + 0x1)
                0x000000000800ffff                __ICFEDIT_SB_region_ROM_end__ = 0x800ffff
                0x0000000000000200                SE_Entry_Secure_ROM_Region_Length = ((__ICFEDIT_SE_CallGate_region_ROM_end__ - __ICFEDIT_SE_CallGate_region_ROM_start__) + 0x1)
                0x0000000000000100                SE_Key_region_ROM_Length = ((__ICFEDIT_SE_Key_region_ROM_end__ - __ICFEDIT_SE_Key_region_ROM_start__) + 0x1)
                0x0000000000000100                SE_Startup_region_ROM_Length = (__ICFEDIT_SE_Code_nokey_region_ROM_start__ - __ICFEDIT_SE_Startup_region_ROM_start__)
                0x0000000000007a00                SE_ROM_region_Length = ((__ICFEDIT_SE_Code_region_ROM_end__ - __ICFEDIT_SE_Code_nokey_region_ROM_start__) + 0x1)
                0x0000000000000900                SE_IF_region_ROM_Length = ((__ICFEDIT_SE_IF_region_ROM_end__ - __ICFEDIT_SE_IF_region_ROM_start__) + 0x1)
                0x0000000000007700                SB_ROM_region_Length = ((__ICFEDIT_SB_region_ROM_end__ - __ICFEDIT_SB_region_ROM_start__) + 0x1)
                0x0000000020000000                __ICFEDIT_SE_region_RAM_start__ = 0x20000000
                0x0000000020000400                __ICFEDIT_SE_region_RAM_stack_top__ = 0x20000400
                0x0000000020000fff                __ICFEDIT_SE_region_RAM_end__ = 0x20000fff
                0x0000000020001000                __ICFEDIT_SB_region_RAM_start__ = (__ICFEDIT_SE_region_RAM_end__ + 0x1)
                0x000000002000bfff                __ICFEDIT_SB_region_RAM_end__ = 0x2000bfff
                0x0000000000000c00                SE_RAM_region_Length = ((__ICFEDIT_SE_region_RAM_end__ - __ICFEDIT_SE_region_RAM_stack_top__) + 0x1)
                0x000000000000b000                SB_RAM_region_Length = ((__ICFEDIT_SB_region_RAM_end__ - __ICFEDIT_SB_region_RAM_start__) + 0x1)

.SE_CallGate_Code
                0x0000000008000200       0xcc
                0x0000000008000200        0x1 BYTE 0x0
                0x0000000008000201        0x1 BYTE 0x0
                0x0000000008000202        0x1 BYTE 0x0
                0x0000000008000203        0x1 BYTE 0x0
 *(.SE_CallGate_Code)
 .SE_CallGate_Code
                0x0000000008000204       0xc8 ./Middlewares/STM32_Secure_Engine/se_callgate.o
                0x0000000008000204                SE_CallGate

.SE_Key_Data    0x0000000008000400       0xcc
 *(.SE_Key_Data)
 .SE_Key_Data   0x0000000008000400       0xcc ./Application/Startup/se_key.o
                0x0000000008000400                SE_ReadKey_1
                0x000000000800042a                SE_ReadKey_1_Pub

.SE_Startup_Code
                0x0000000008000500       0x10
 *se_startup.o(.text .text*)
 .text          0x0000000008000500        0x0 ./Middlewares/STM32_Secure_Engine/se_startup.o
 .text.SE_CORE_Startup
                0x0000000008000500       0x10 ./Middlewares/STM32_Secure_Engine/se_startup.o
                0x0000000008000500                SE_CORE_Startup

.text           0x0000000008000600     0x3dc0
                0x0000000008000600                . = ALIGN (0x8)
 *(.text)
 .text          0x0000000008000600       0x40 /Applications/STM32CubeIDE.app/Contents/Eclipse/plugins/com.st.stm32cube.ide.mcu.externaltools.gnu-tools-for-stm32.10.3-2021.10.macos64_1.0.200.202301161003/tools/bin/../lib/gcc/arm-none-eabi/10.3.1/thumb/v7e-m+fp/softfp/crtbegin.o
 *(.text*)
 .text.LoopCopyDataInit
                0x0000000008000640       0x44 ./Application/User/data_init.o
                0x0000000008000640                LoopCopyDataInit
 .text.LoopFillZerobss
                0x0000000008000684       0x38 ./Application/User/data_init.o
                0x0000000008000684                LoopFillZerobss
 .text.__gcc_data_init
                0x00000000080006bc        0xe ./Application/User/data_init.o
                0x00000000080006bc                __gcc_data_init
 *fill*         0x00000000080006ca        0x2 
 .text.SE_CRYPTO_Decrypt_Init
                0x00000000080006cc       0x48 ./Application/User/se_crypto_bootloader.o
                0x00000000080006cc                SE_CRYPTO_Decrypt_Init
 .text.SE_CRYPTO_Decrypt_Append
                0x0000000008000714       0x34 ./Application/User/se_crypto_bootloader.o
                0x0000000008000714                SE_CRYPTO_Decrypt_Append
 .text.SE_CRYPTO_Decrypt_Finish
                0x0000000008000748       0xc8 ./Application/User/se_crypto_bootloader.o
                0x0000000008000748                SE_CRYPTO_Decrypt_Finish
 .text.SE_CRYPTO_AuthenticateFW_Init
                0x0000000008000810       0x34 ./Application/User/se_crypto_bootloader.o
                0x0000000008000810                SE_CRYPTO_AuthenticateFW_Init
 .text.SE_CRYPTO_AuthenticateFW_Append
                0x0000000008000844       0x28 ./Application/User/se_crypto_bootloader.o
                0x0000000008000844                SE_CRYPTO_AuthenticateFW_Append
 .text.SE_CRYPTO_AuthenticateFW_Finish
                0x000000000800086c       0x28 ./Application/User/se_crypto_bootloader.o
                0x000000000800086c                SE_CRYPTO_AuthenticateFW_Finish
 .text.SE_CRYPTO_Authenticate_Metadata
                0x0000000008000894      0x1b0 ./Application/User/se_crypto_bootloader.o
                0x0000000008000894                SE_CRYPTO_Authenticate_Metadata
 .text.__NVIC_SystemReset
                0x0000000008000a44       0x24 ./Application/User/se_low_level.o
 .text.SE_LL_CRC_Config
                0x0000000008000a68       0x2c ./Application/User/se_low_level.o
                0x0000000008000a68                SE_LL_CRC_Config
 .text.SE_LL_FLASH_Erase
                0x0000000008000a94       0x70 ./Application/User/se_low_level.o
                0x0000000008000a94                SE_LL_FLASH_Erase
 .text.SE_LL_FLASH_Write
                0x0000000008000b04       0x58 ./Application/User/se_low_level.o
                0x0000000008000b04                SE_LL_FLASH_Write
 .text.SE_LL_FLASH_Read
                0x0000000008000b5c       0x2c ./Application/User/se_low_level.o
                0x0000000008000b5c                SE_LL_FLASH_Read
 .text.SE_LL_Buffer_in_ram
                0x0000000008000b88       0x2c ./Application/User/se_low_level.o
                0x0000000008000b88                SE_LL_Buffer_in_ram
 .text.SE_LL_Buffer_in_SBSFU_ram
                0x0000000008000bb4       0x30 ./Application/User/se_low_level.o
                0x0000000008000bb4                SE_LL_Buffer_in_SBSFU_ram
 .text.SE_LL_Buffer_part_of_SE_ram
                0x0000000008000be4       0x38 ./Application/User/se_low_level.o
                0x0000000008000be4                SE_LL_Buffer_part_of_SE_ram
 .text.SE_LL_CORE_Cleanup
                0x0000000008000c1c        0x2 ./Application/User/se_low_level.o
                0x0000000008000c1c                SE_LL_CORE_Cleanup
 *fill*         0x0000000008000c1e        0x2 
 .text.SE_LL_Lock_Keys
                0x0000000008000c20        0x8 ./Application/User/se_low_level.o
                0x0000000008000c20                SE_LL_Lock_Keys
 .text.HAL_CRC_MspInit
                0x0000000008000c28        0x2 ./Drivers/STM32F4xx_HAL_Driver/stm32f4xx_hal_crc.o
                0x0000000008000c28                HAL_CRC_MspInit
 .text.HAL_CRC_Init
                0x0000000008000c2a       0x20 ./Drivers/STM32F4xx_HAL_Driver/stm32f4xx_hal_crc.o
                0x0000000008000c2a                HAL_CRC_Init
 *fill*         0x0000000008000c4a        0x2 
 .text.FLASH_Program_DoubleWord
                0x0000000008000c4c       0x2c ./Drivers/STM32F4xx_HAL_Driver/stm32f4xx_hal_flash.o
 .text.FLASH_Program_Word
                0x0000000008000c78       0x24 ./Drivers/STM32F4xx_HAL_Driver/stm32f4xx_hal_flash.o
 .text.FLASH_Program_HalfWord
                0x0000000008000c9c       0x24 ./Drivers/STM32F4xx_HAL_Driver/stm32f4xx_hal_flash.o
 .text.FLASH_SetErrorCode
                0x0000000008000cc0       0x8c ./Drivers/STM32F4xx_HAL_Driver/stm32f4xx_hal_flash.o
 .text.HAL_FLASH_Unlock
                0x0000000008000d4c       0x24 ./Drivers/STM32F4xx_HAL_Driver/stm32f4xx_hal_flash.o
                0x0000000008000d4c                HAL_FLASH_Unlock
 .text.HAL_FLASH_Lock
                0x0000000008000d70       0x14 ./Drivers/STM32F4xx_HAL_Driver/stm32f4xx_hal_flash.o
                0x0000000008000d70                HAL_FLASH_Lock
 .text.FLASH_WaitForLastOperation
                0x0000000008000d84       0x50 ./Drivers/STM32F4xx_HAL_Driver/stm32f4xx_hal_flash.o
                0x0000000008000d84                FLASH_WaitForLastOperation
 .text.HAL_FLASH_Program
                0x0000000008000dd4       0x8c ./Drivers/STM32F4xx_HAL_Driver/stm32f4xx_hal_flash.o
                0x0000000008000dd4                HAL_FLASH_Program
 .text.FLASH_MassErase.constprop.0
                0x0000000008000e60       0x24 ./Drivers/STM32F4xx_HAL_Driver/stm32f4xx_hal_flash_ex.o
 .text.FLASH_Erase_Sector
                0x0000000008000e84       0x4c ./Drivers/STM32F4xx_HAL_Driver/stm32f4xx_hal_flash_ex.o
                0x0000000008000e84                FLASH_Erase_Sector
 .text.FLASH_FlushCaches
                0x0000000008000ed0       0x58 ./Drivers/STM32F4xx_HAL_Driver/stm32f4xx_hal_flash_ex.o
                0x0000000008000ed0                FLASH_FlushCaches
 .text.HAL_FLASHEx_Erase
                0x0000000008000f28       0xa0 ./Drivers/STM32F4xx_HAL_Driver/stm32f4xx_hal_flash_ex.o
                0x0000000008000f28                HAL_FLASHEx_Erase
 .text.__NVIC_SystemReset
                0x0000000008000fc8       0x24 ./Middlewares/STM32_Secure_Engine/se_callgate.o
 .text.SE_CallGateService
                0x0000000008000fec      0x4d0 ./Middlewares/STM32_Secure_Engine/se_callgate.o
                0x0000000008000fec                SE_CallGateService
 .text.SE_IMG_Write
                0x00000000080014bc       0x2c ./Middlewares/STM32_Secure_Engine/se_fwimg.o
                0x00000000080014bc                SE_IMG_Write
 .text.SE_IMG_Read
                0x00000000080014e8       0x2c ./Middlewares/STM32_Secure_Engine/se_fwimg.o
                0x00000000080014e8                SE_IMG_Read
 .text.SE_IMG_Erase
                0x0000000008001514       0x30 ./Middlewares/STM32_Secure_Engine/se_fwimg.o
                0x0000000008001514                SE_IMG_Erase
 .text.SE_APPLI_GetActiveFwInfo
                0x0000000008001544       0x3c ./Middlewares/STM32_Secure_Engine/se_user_application.o
                0x0000000008001544                SE_APPLI_GetActiveFwInfo
 .text.SE_SetSystemCoreClock
                0x0000000008001580        0xc ./Middlewares/STM32_Secure_Engine/se_utils.o
                0x0000000008001580                SE_SetSystemCoreClock
 .text.HAL_GetTick
                0x000000000800158c       0x40 ./Middlewares/STM32_Secure_Engine/se_utils.o
                0x000000000800158c                HAL_GetTick
 .text.AES_keyschedule_enc_LL
                0x00000000080015cc      0x174 ../../../../../../../Middlewares/ST/STM32_Cryptographic/Fw_Crypto/STM32F4/Lib/libSTM32CryptographicV3.0.0_CM4_GCC.a(crypto.o)
 .text.SHA256Transform
                0x0000000008001740      0x270 ../../../../../../../Middlewares/ST/STM32_Cryptographic/Fw_Crypto/STM32F4/Lib/libSTM32CryptographicV3.0.0_CM4_GCC.a(crypto.o)
 .text.AES_keyschedule_enc
                0x00000000080019b0       0x22 ../../../../../../../Middlewares/ST/STM32_Cryptographic/Fw_Crypto/STM32F4/Lib/libSTM32CryptographicV3.0.0_CM4_GCC.a(crypto.o)
                0x00000000080019b0                AES_keyschedule_enc
 *fill*         0x00000000080019d2        0x2 
 .text.AES_keyschedule_dec
                0x00000000080019d4       0xfc ../../../../../../../Middlewares/ST/STM32_Cryptographic/Fw_Crypto/STM32F4/Lib/libSTM32CryptographicV3.0.0_CM4_GCC.a(crypto.o)
                0x00000000080019d4                AES_keyschedule_dec
 .text.AESstdInit
                0x0000000008001ad0       0xd8 ../../../../../../../Middlewares/ST/STM32_Cryptographic/Fw_Crypto/STM32F4/Lib/libSTM32CryptographicV3.0.0_CM4_GCC.a(crypto.o)
 .text.AES_general_SW_dec
                0x0000000008001ba8      0x2b4 ../../../../../../../Middlewares/ST/STM32_Cryptographic/Fw_Crypto/STM32F4/Lib/libSTM32CryptographicV3.0.0_CM4_GCC.a(crypto.o)
                0x0000000008001ba8                AES_general_SW_dec
 .text.AES_CBC_Decrypt_Init
                0x0000000008001e5c        0x6 ../../../../../../../Middlewares/ST/STM32_Cryptographic/Fw_Crypto/STM32F4/Lib/libSTM32CryptographicV3.0.0_CM4_GCC.a(crypto.o)
                0x0000000008001e5c                AES_CBC_Decrypt_Init
 .text.AES_CBC_Decrypt_Append
                0x0000000008001e62      0x224 ../../../../../../../Middlewares/ST/STM32_Cryptographic/Fw_Crypto/STM32F4/Lib/libSTM32CryptographicV3.0.0_CM4_GCC.a(crypto.o)
                0x0000000008001e62                AES_CBC_Decrypt_Append
 .text.AES_CBC_Decrypt_Finish
                0x0000000008002086       0x18 ../../../../../../../Middlewares/ST/STM32_Cryptographic/Fw_Crypto/STM32F4/Lib/libSTM32CryptographicV3.0.0_CM4_GCC.a(crypto.o)
                0x0000000008002086                AES_CBC_Decrypt_Finish
 .text.SHA256Update
                0x000000000800209e       0x94 ../../../../../../../Middlewares/ST/STM32_Cryptographic/Fw_Crypto/STM32F4/Lib/libSTM32CryptographicV3.0.0_CM4_GCC.a(crypto.o)
                0x000000000800209e                SHA256Update
 .text.SHA256_Append
                0x0000000008002132       0x2a ../../../../../../../Middlewares/ST/STM32_Cryptographic/Fw_Crypto/STM32F4/Lib/libSTM32CryptographicV3.0.0_CM4_GCC.a(crypto.o)
                0x0000000008002132                SHA256_Append
 .text.SHA256Init
                0x000000000800215c       0x50 ../../../../../../../Middlewares/ST/STM32_Cryptographic/Fw_Crypto/STM32F4/Lib/libSTM32CryptographicV3.0.0_CM4_GCC.a(crypto.o)
                0x000000000800215c                SHA256Init
 .text.SHA256_Init
                0x00000000080021ac       0x1a ../../../../../../../Middlewares/ST/STM32_Cryptographic/Fw_Crypto/STM32F4/Lib/libSTM32CryptographicV3.0.0_CM4_GCC.a(crypto.o)
                0x00000000080021ac                SHA256_Init
 .text.SHA256Final
                0x00000000080021c6      0x100 ../../../../../../../Middlewares/ST/STM32_Cryptographic/Fw_Crypto/STM32F4/Lib/libSTM32CryptographicV3.0.0_CM4_GCC.a(crypto.o)
                0x00000000080021c6                SHA256Final
 .text.SHA256_Finish
                0x00000000080022c6       0x4c ../../../../../../../Middlewares/ST/STM32_Cryptographic/Fw_Crypto/STM32F4/Lib/libSTM32CryptographicV3.0.0_CM4_GCC.a(crypto.o)
                0x00000000080022c6                SHA256_Finish
 .text.StAllocBig
                0x0000000008002312       0x36 ../../../../../../../Middlewares/ST/STM32_Cryptographic/Fw_Crypto/STM32F4/Lib/libSTM32CryptographicV3.0.0_CM4_GCC.a(crypto.o)
                0x0000000008002312                StAllocBig
 .text.StFreeBig
                0x0000000008002348       0x1a ../../../../../../../Middlewares/ST/STM32_Cryptographic/Fw_Crypto/STM32F4/Lib/libSTM32CryptographicV3.0.0_CM4_GCC.a(crypto.o)
                0x0000000008002348                StFreeBig
 .text.InitBig  0x0000000008002362       0x2e ../../../../../../../Middlewares/ST/STM32_Cryptographic/Fw_Crypto/STM32F4/Lib/libSTM32CryptographicV3.0.0_CM4_GCC.a(crypto.o)
                0x0000000008002362                InitBig
 .text.CopyBig  0x0000000008002390       0x54 ../../../../../../../Middlewares/ST/STM32_Cryptographic/Fw_Crypto/STM32F4/Lib/libSTM32CryptographicV3.0.0_CM4_GCC.a(crypto.o)
                0x0000000008002390                CopyBig
 .text.Add_Moduli_Big
                0x00000000080023e4       0xd4 ../../../../../../../Middlewares/ST/STM32_Cryptographic/Fw_Crypto/STM32F4/Lib/libSTM32CryptographicV3.0.0_CM4_GCC.a(crypto.o)
 .text.IsZeroBig
                0x00000000080024b8       0x18 ../../../../../../../Middlewares/ST/STM32_Cryptographic/Fw_Crypto/STM32F4/Lib/libSTM32CryptographicV3.0.0_CM4_GCC.a(crypto.o)
                0x00000000080024b8                IsZeroBig
 .text.SetZeroBig
                0x00000000080024d0       0x24 ../../../../../../../Middlewares/ST/STM32_Cryptographic/Fw_Crypto/STM32F4/Lib/libSTM32CryptographicV3.0.0_CM4_GCC.a(crypto.o)
                0x00000000080024d0                SetZeroBig
 .text.SignBig  0x00000000080024f4        0xc ../../../../../../../Middlewares/ST/STM32_Cryptographic/Fw_Crypto/STM32F4/Lib/libSTM32CryptographicV3.0.0_CM4_GCC.a(crypto.o)
                0x00000000080024f4                SignBig
 .text.EvenBig  0x0000000008002500        0xe ../../../../../../../Middlewares/ST/STM32_Cryptographic/Fw_Crypto/STM32F4/Lib/libSTM32CryptographicV3.0.0_CM4_GCC.a(crypto.o)
                0x0000000008002500                EvenBig
 .text.CompareBig
                0x000000000800250e       0x92 ../../../../../../../Middlewares/ST/STM32_Cryptographic/Fw_Crypto/STM32F4/Lib/libSTM32CryptographicV3.0.0_CM4_GCC.a(crypto.o)
                0x000000000800250e                CompareBig
 .text.CountBits
                0x00000000080025a0       0x3c ../../../../../../../Middlewares/ST/STM32_Cryptographic/Fw_Crypto/STM32F4/Lib/libSTM32CryptographicV3.0.0_CM4_GCC.a(crypto.o)
                0x00000000080025a0                CountBits
 .text.GiveBit  0x00000000080025dc       0x1c ../../../../../../../Middlewares/ST/STM32_Cryptographic/Fw_Crypto/STM32F4/Lib/libSTM32CryptographicV3.0.0_CM4_GCC.a(crypto.o)
                0x00000000080025dc                GiveBit
 .text.W8_to_Big
                0x00000000080025f8       0xb6 ../../../../../../../Middlewares/ST/STM32_Cryptographic/Fw_Crypto/STM32F4/Lib/libSTM32CryptographicV3.0.0_CM4_GCC.a(crypto.o)
                0x00000000080025f8                W8_to_Big
 .text.FastMul2
                0x00000000080026ae       0x54 ../../../../../../../Middlewares/ST/STM32_Cryptographic/Fw_Crypto/STM32F4/Lib/libSTM32CryptographicV3.0.0_CM4_GCC.a(crypto.o)
                0x00000000080026ae                FastMul2
 .text.FastDiv2
                0x0000000008002702       0x40 ../../../../../../../Middlewares/ST/STM32_Cryptographic/Fw_Crypto/STM32F4/Lib/libSTM32CryptographicV3.0.0_CM4_GCC.a(crypto.o)
                0x0000000008002702                FastDiv2
 .text.FastMulInnerBase
                0x0000000008002742       0x62 ../../../../../../../Middlewares/ST/STM32_Cryptographic/Fw_Crypto/STM32F4/Lib/libSTM32CryptographicV3.0.0_CM4_GCC.a(crypto.o)
                0x0000000008002742                FastMulInnerBase
 .text.LeftShift
                0x00000000080027a4       0x74 ../../../../../../../Middlewares/ST/STM32_Cryptographic/Fw_Crypto/STM32F4/Lib/libSTM32CryptographicV3.0.0_CM4_GCC.a(crypto.o)
                0x00000000080027a4                LeftShift
 .text.RightShift
                0x0000000008002818       0x4c ../../../../../../../Middlewares/ST/STM32_Cryptographic/Fw_Crypto/STM32F4/Lib/libSTM32CryptographicV3.0.0_CM4_GCC.a(crypto.o)
                0x0000000008002818                RightShift
 .text.MulBigbyUnInt
                0x0000000008002864       0x58 ../../../../../../../Middlewares/ST/STM32_Cryptographic/Fw_Crypto/STM32F4/Lib/libSTM32CryptographicV3.0.0_CM4_GCC.a(crypto.o)
                0x0000000008002864                MulBigbyUnInt
 .text.Sub_Moduli_Big
                0x00000000080028bc       0xd2 ../../../../../../../Middlewares/ST/STM32_Cryptographic/Fw_Crypto/STM32F4/Lib/libSTM32CryptographicV3.0.0_CM4_GCC.a(crypto.o)
                0x00000000080028bc                Sub_Moduli_Big
 .text.AddBig   0x000000000800298e      0x112 ../../../../../../../Middlewares/ST/STM32_Cryptographic/Fw_Crypto/STM32F4/Lib/libSTM32CryptographicV3.0.0_CM4_GCC.a(crypto.o)
                0x000000000800298e                AddBig
 .text.SubBig   0x0000000008002aa0       0xbc ../../../../../../../Middlewares/ST/STM32_Cryptographic/Fw_Crypto/STM32F4/Lib/libSTM32CryptographicV3.0.0_CM4_GCC.a(crypto.o)
                0x0000000008002aa0                SubBig
 .text.MontyInit
                0x0000000008002b5c      0x140 ../../../../../../../Middlewares/ST/STM32_Cryptographic/Fw_Crypto/STM32F4/Lib/libSTM32CryptographicV3.0.0_CM4_GCC.a(crypto.o)
                0x0000000008002b5c                MontyInit
 .text.MontyKillR2
                0x0000000008002c9c        0xe ../../../../../../../Middlewares/ST/STM32_Cryptographic/Fw_Crypto/STM32F4/Lib/libSTM32CryptographicV3.0.0_CM4_GCC.a(crypto.o)
                0x0000000008002c9c                MontyKillR2
 .text.MontyKillAll
                0x0000000008002caa       0x18 ../../../../../../../Middlewares/ST/STM32_Cryptographic/Fw_Crypto/STM32F4/Lib/libSTM32CryptographicV3.0.0_CM4_GCC.a(crypto.o)
                0x0000000008002caa                MontyKillAll
 .text.MontyMul
                0x0000000008002cc2      0x1d6 ../../../../../../../Middlewares/ST/STM32_Cryptographic/Fw_Crypto/STM32F4/Lib/libSTM32CryptographicV3.0.0_CM4_GCC.a(crypto.o)
                0x0000000008002cc2                MontyMul
 .text.MontyExit
                0x0000000008002e98       0x46 ../../../../../../../Middlewares/ST/STM32_Cryptographic/Fw_Crypto/STM32F4/Lib/libSTM32CryptographicV3.0.0_CM4_GCC.a(crypto.o)
                0x0000000008002e98                MontyExit
 .text.ModularAddBig
                0x0000000008002ede       0x44 ../../../../../../../Middlewares/ST/STM32_Cryptographic/Fw_Crypto/STM32F4/Lib/libSTM32CryptographicV3.0.0_CM4_GCC.a(crypto.o)
                0x0000000008002ede                ModularAddBig
 .text.ModularSubBig
                0x0000000008002f22       0x2c ../../../../../../../Middlewares/ST/STM32_Cryptographic/Fw_Crypto/STM32F4/Lib/libSTM32CryptographicV3.0.0_CM4_GCC.a(crypto.o)
                0x0000000008002f22                ModularSubBig
 .text.ModularFastMul2
                0x0000000008002f4e       0x38 ../../../../../../../Middlewares/ST/STM32_Cryptographic/Fw_Crypto/STM32F4/Lib/libSTM32CryptographicV3.0.0_CM4_GCC.a(crypto.o)
                0x0000000008002f4e                ModularFastMul2
 .text.ModularInvBig
                0x0000000008002f86      0x1ba ../../../../../../../Middlewares/ST/STM32_Cryptographic/Fw_Crypto/STM32F4/Lib/libSTM32CryptographicV3.0.0_CM4_GCC.a(crypto.o)
                0x0000000008002f86                ModularInvBig
 .text.ECCpoint2Monty
                0x0000000008003140       0x40 ../../../../../../../Middlewares/ST/STM32_Cryptographic/Fw_Crypto/STM32F4/Lib/libSTM32CryptographicV3.0.0_CM4_GCC.a(crypto.o)
                0x0000000008003140                ECCpoint2Monty
 .text.ECCpointFromMonty
                0x0000000008003180       0x3e ../../../../../../../Middlewares/ST/STM32_Cryptographic/Fw_Crypto/STM32F4/Lib/libSTM32CryptographicV3.0.0_CM4_GCC.a(crypto.o)
                0x0000000008003180                ECCpointFromMonty
 .text.MontyJacProjDoublePoint
                0x00000000080031be      0x248 ../../../../../../../Middlewares/ST/STM32_Cryptographic/Fw_Crypto/STM32F4/Lib/libSTM32CryptographicV3.0.0_CM4_GCC.a(crypto.o)
                0x00000000080031be                MontyJacProjDoublePoint
 .text.ECCinitEC
                0x0000000008003406      0x1ca ../../../../../../../Middlewares/ST/STM32_Cryptographic/Fw_Crypto/STM32F4/Lib/libSTM32CryptographicV3.0.0_CM4_GCC.a(crypto.o)
                0x0000000008003406                ECCinitEC
 .text.ECCfreeEC
                0x00000000080035d0       0x7c ../../../../../../../Middlewares/ST/STM32_Cryptographic/Fw_Crypto/STM32F4/Lib/libSTM32CryptographicV3.0.0_CM4_GCC.a(crypto.o)
                0x00000000080035d0                ECCfreeEC
 .text.ECCinitPoint
                0x000000000800364c       0xd2 ../../../../../../../Middlewares/ST/STM32_Cryptographic/Fw_Crypto/STM32F4/Lib/libSTM32CryptographicV3.0.0_CM4_GCC.a(crypto.o)
                0x000000000800364c                ECCinitPoint
 .text.ECCfreePoint
                0x000000000800371e       0x3e ../../../../../../../Middlewares/ST/STM32_Cryptographic/Fw_Crypto/STM32F4/Lib/libSTM32CryptographicV3.0.0_CM4_GCC.a(crypto.o)
                0x000000000800371e                ECCfreePoint
 .text.ECCsetPointCoordinate
                0x000000000800375c       0x50 ../../../../../../../Middlewares/ST/STM32_Cryptographic/Fw_Crypto/STM32F4/Lib/libSTM32CryptographicV3.0.0_CM4_GCC.a(crypto.o)
                0x000000000800375c                ECCsetPointCoordinate
 .text.ECCcopyPoint
                0x00000000080037ac       0x50 ../../../../../../../Middlewares/ST/STM32_Cryptographic/Fw_Crypto/STM32F4/Lib/libSTM32CryptographicV3.0.0_CM4_GCC.a(crypto.o)
                0x00000000080037ac                ECCcopyPoint
 .text.Normalize
                0x00000000080037fc      0x10a ../../../../../../../Middlewares/ST/STM32_Cryptographic/Fw_Crypto/STM32F4/Lib/libSTM32CryptographicV3.0.0_CM4_GCC.a(crypto.o)
                0x00000000080037fc                Normalize
 .text.MontyJacProjAddPoints
                0x0000000008003906      0x266 ../../../../../../../Middlewares/ST/STM32_Cryptographic/Fw_Crypto/STM32F4/Lib/libSTM32CryptographicV3.0.0_CM4_GCC.a(crypto.o)
                0x0000000008003906                MontyJacProjAddPoints
 .text.Binary_DoublePointMul
                0x0000000008003b6c      0x140 ../../../../../../../Middlewares/ST/STM32_Cryptographic/Fw_Crypto/STM32F4/Lib/libSTM32CryptographicV3.0.0_CM4_GCC.a(crypto.o)
                0x0000000008003b6c                Binary_DoublePointMul
 .text.ECCsetPointGenerator
                0x0000000008003cac       0x94 ../../../../../../../Middlewares/ST/STM32_Cryptographic/Fw_Crypto/STM32F4/Lib/libSTM32CryptographicV3.0.0_CM4_GCC.a(crypto.o)
                0x0000000008003cac                ECCsetPointGenerator
 .text.ECDSAinitSign
                0x0000000008003d40       0x6e ../../../../../../../Middlewares/ST/STM32_Cryptographic/Fw_Crypto/STM32F4/Lib/libSTM32CryptographicV3.0.0_CM4_GCC.a(crypto.o)
                0x0000000008003d40                ECDSAinitSign
 .text.ECDSAfreeSign
                0x0000000008003dae       0x2e ../../../../../../../Middlewares/ST/STM32_Cryptographic/Fw_Crypto/STM32F4/Lib/libSTM32CryptographicV3.0.0_CM4_GCC.a(crypto.o)
                0x0000000008003dae                ECDSAfreeSign
 .text.ECDSAsetSignature
                0x0000000008003ddc       0x2e ../../../../../../../Middlewares/ST/STM32_Cryptographic/Fw_Crypto/STM32F4/Lib/libSTM32CryptographicV3.0.0_CM4_GCC.a(crypto.o)
                0x0000000008003ddc                ECDSAsetSignature
 .text.ECDSAverify
                0x0000000008003e0a      0x2fe ../../../../../../../Middlewares/ST/STM32_Cryptographic/Fw_Crypto/STM32F4/Lib/libSTM32CryptographicV3.0.0_CM4_GCC.a(crypto.o)
                0x0000000008003e0a                ECDSAverify
 .text.ECCvalidatePubKey
                0x0000000008004108      0x250 ../../../../../../../Middlewares/ST/STM32_Cryptographic/Fw_Crypto/STM32F4/Lib/libSTM32CryptographicV3.0.0_CM4_GCC.a(crypto.o)
                0x0000000008004108                ECCvalidatePubKey
 .text.memcmp   0x0000000008004358       0x20 /Applications/STM32CubeIDE.app/Contents/Eclipse/plugins/com.st.stm32cube.ide.mcu.externaltools.gnu-tools-for-stm32.10.3-2021.10.macos64_1.0.200.202301161003/tools/bin/../lib/gcc/arm-none-eabi/10.3.1/../../../../arm-none-eabi/lib/thumb/v7e-m+fp/softfp/libc_nano.a(lib_a-memcmp.o)
                0x0000000008004358                memcmp
 .text.memcpy   0x0000000008004378       0x1c /Applications/STM32CubeIDE.app/Contents/Eclipse/plugins/com.st.stm32cube.ide.mcu.externaltools.gnu-tools-for-stm32.10.3-2021.10.macos64_1.0.200.202301161003/tools/bin/../lib/gcc/arm-none-eabi/10.3.1/../../../../arm-none-eabi/lib/thumb/v7e-m+fp/softfp/libc_nano.a(lib_a-memcpy-stub.o)
                0x0000000008004378                memcpy
 .text.memset   0x0000000008004394       0x10 /Applications/STM32CubeIDE.app/Contents/Eclipse/plugins/com.st.stm32cube.ide.mcu.externaltools.gnu-tools-for-stm32.10.3-2021.10.macos64_1.0.200.202301161003/tools/bin/../lib/gcc/arm-none-eabi/10.3.1/../../../../arm-none-eabi/lib/thumb/v7e-m+fp/softfp/libc_nano.a(lib_a-memset.o)
                0x0000000008004394                memset
 *(.glue_7)
 .glue_7        0x00000000080043a4        0x0 linker stubs
 *(.glue_7t)
 .glue_7t       0x00000000080043a4        0x0 linker stubs
 *(.eh_frame)
 .eh_frame      0x00000000080043a4        0x0 /Applications/STM32CubeIDE.app/Contents/Eclipse/plugins/com.st.stm32cube.ide.mcu.externaltools.gnu-tools-for-stm32.10.3-2021.10.macos64_1.0.200.202301161003/tools/bin/../lib/gcc/arm-none-eabi/10.3.1/thumb/v7e-m+fp/softfp/crtbegin.o
 *(.init)
 .init          0x00000000080043a4        0x4 /Applications/STM32CubeIDE.app/Contents/Eclipse/plugins/com.st.stm32cube.ide.mcu.externaltools.gnu-tools-for-stm32.10.3-2021.10.macos64_1.0.200.202301161003/tools/bin/../lib/gcc/arm-none-eabi/10.3.1/thumb/v7e-m+fp/softfp/crti.o
                0x00000000080043a4                _init
 .init          0x00000000080043a8        0x8 /Applications/STM32CubeIDE.app/Contents/Eclipse/plugins/com.st.stm32cube.ide.mcu.externaltools.gnu-tools-for-stm32.10.3-2021.10.macos64_1.0.200.202301161003/tools/bin/../lib/gcc/arm-none-eabi/10.3.1/thumb/v7e-m+fp/softfp/crtn.o
 *(.fini)
 .fini          0x00000000080043b0        0x4 /Applications/STM32CubeIDE.app/Contents/Eclipse/plugins/com.st.stm32cube.ide.mcu.externaltools.gnu-tools-for-stm32.10.3-2021.10.macos64_1.0.200.202301161003/tools/bin/../lib/gcc/arm-none-eabi/10.3.1/thumb/v7e-m+fp/softfp/crti.o
                0x00000000080043b0                _fini
 .fini          0x00000000080043b4        0x8 /Applications/STM32CubeIDE.app/Contents/Eclipse/plugins/com.st.stm32cube.ide.mcu.externaltools.gnu-tools-for-stm32.10.3-2021.10.macos64_1.0.200.202301161003/tools/bin/../lib/gcc/arm-none-eabi/10.3.1/thumb/v7e-m+fp/softfp/crtn.o
                0x00000000080043c0                . = ALIGN (0x8)
 *fill*         0x00000000080043bc        0x4 
                0x00000000080043c0                _etext = .

.vfp11_veneer   0x00000000080043c0        0x0
 .vfp11_veneer  0x00000000080043c0        0x0 linker stubs

.v4_bx          0x00000000080043c0        0x0
 .v4_bx         0x00000000080043c0        0x0 linker stubs

.iplt           0x00000000080043c0        0x0
 .iplt          0x00000000080043c0        0x0 /Applications/STM32CubeIDE.app/Contents/Eclipse/plugins/com.st.stm32cube.ide.mcu.externaltools.gnu-tools-for-stm32.10.3-2021.10.macos64_1.0.200.202301161003/tools/bin/../lib/gcc/arm-none-eabi/10.3.1/thumb/v7e-m+fp/softfp/crtbegin.o

.rodata         0x00000000080043c0      0x898
                0x00000000080043c0                . = ALIGN (0x8)
 *(.rodata)
 .rodata        0x00000000080043c0       0xc0 ./Application/User/se_crypto_bootloader.o
 .rodata        0x0000000008004480       0xa4 ./Application/User/se_low_level.o
                0x00000000080044c4                SlotEndAdd
                0x00000000080044e4                SlotStartAdd
                0x0000000008004504                SlotHeaderAdd
 *(.rodata*)
 .rodata.str1.1
                0x0000000008004524        0x5 ./Application/User/se_crypto_bootloader.o
 *fill*         0x0000000008004529        0x3 
 .rodata.rcon   0x000000000800452c       0x28 ../../../../../../../Middlewares/ST/STM32_Cryptographic/Fw_Crypto/STM32F4/Lib/libSTM32CryptographicV3.0.0_CM4_GCC.a(crypto.o)
                0x000000000800452c                rcon
 .rodata.dec_table
                0x0000000008004554      0x400 ../../../../../../../Middlewares/ST/STM32_Cryptographic/Fw_Crypto/STM32F4/Lib/libSTM32CryptographicV3.0.0_CM4_GCC.a(crypto.o)
                0x0000000008004554                dec_table
 .rodata.K256   0x0000000008004954      0x100 ../../../../../../../Middlewares/ST/STM32_Cryptographic/Fw_Crypto/STM32F4/Lib/libSTM32CryptographicV3.0.0_CM4_GCC.a(crypto.o)
                0x0000000008004954                K256
 .rodata.InvSbox
                0x0000000008004a54      0x100 ../../../../../../../Middlewares/ST/STM32_Cryptographic/Fw_Crypto/STM32F4/Lib/libSTM32CryptographicV3.0.0_CM4_GCC.a(crypto.o)
                0x0000000008004a54                InvSbox
 .rodata.Sbox   0x0000000008004b54      0x100 ../../../../../../../Middlewares/ST/STM32_Cryptographic/Fw_Crypto/STM32F4/Lib/libSTM32CryptographicV3.0.0_CM4_GCC.a(crypto.o)
                0x0000000008004b54                Sbox
                0x0000000008004c58                . = ALIGN (0x8)
 *fill*         0x0000000008004c54        0x4 

.rel.dyn        0x0000000008004c58        0x0
 .rel.iplt      0x0000000008004c58        0x0 /Applications/STM32CubeIDE.app/Contents/Eclipse/plugins/com.st.stm32cube.ide.mcu.externaltools.gnu-tools-for-stm32.10.3-2021.10.macos64_1.0.200.202301161003/tools/bin/../lib/gcc/arm-none-eabi/10.3.1/thumb/v7e-m+fp/softfp/crtbegin.o

.ARM.extab      0x0000000008004c58        0x0
                0x0000000008004c58                . = ALIGN (0x8)
 *(.ARM.extab* .gnu.linkonce.armextab.*)
                0x0000000008004c58                . = ALIGN (0x8)

.ARM            0x0000000008004c58        0x0
                0x0000000008004c58                . = ALIGN (0x8)
                0x0000000008004c58                __exidx_start = .
 *(.ARM.exidx*)
                0x0000000008004c58                __exidx_end = .
                0x0000000008004c58                . = ALIGN (0x8)

.preinit_array  0x0000000008004c58        0x0
                0x0000000008004c58                . = ALIGN (0x8)
                0x0000000008004c58                PROVIDE (__preinit_array_start = .)
 *(.preinit_array*)
                0x0000000008004c58                PROVIDE (__preinit_array_end = .)
                0x0000000008004c58                . = ALIGN (0x8)

.init_array     0x0000000008004c58        0x8
                0x0000000008004c58                . = ALIGN (0x8)
                0x0000000008004c58                PROVIDE (__init_array_start = .)
 *(SORT_BY_NAME(.init_array.*))
 *(.init_array*)
 .init_array    0x0000000008004c58        0x4 /Applications/STM32CubeIDE.app/Contents/Eclipse/plugins/com.st.stm32cube.ide.mcu.externaltools.gnu-tools-for-stm32.10.3-2021.10.macos64_1.0.200.202301161003/tools/bin/../lib/gcc/arm-none-eabi/10.3.1/thumb/v7e-m+fp/softfp/crtbegin.o
                0x0000000008004c5c                PROVIDE (__init_array_end = .)
                0x0000000008004c60                . = ALIGN (0x8)
 *fill*         0x0000000008004c5c        0x4 

.fini_array     0x0000000008004c60        0x8
                0x0000000008004c60                . = ALIGN (0x8)
                [!provide]                        PROVIDE (__fini_array_start = .)
 *(SORT_BY_NAME(.fini_array.*))
 *(.fini_array*)
 .fini_array    0x0000000008004c60        0x4 /Applications/STM32CubeIDE.app/Contents/Eclipse/plugins/com.st.stm32cube.ide.mcu.externaltools.gnu-tools-for-stm32.10.3-2021.10.macos64_1.0.200.202301161003/tools/bin/../lib/gcc/arm-none-eabi/10.3.1/thumb/v7e-m+fp/softfp/crtbegin.o
                [!provide]                        PROVIDE (__fini_array_end = .)
                0x0000000008004c68                . = ALIGN (0x8)
 *fill*         0x0000000008004c64        0x4 
                0x0000000008004c68                _sidata = LOADADDR (.data)

.data           0x0000000020000400        0x8 load address 0x0000000008004c68
                0x0000000020000400                . = ALIGN (0x8)
                0x0000000020000400                _sdata = .
 *(.data)
 .data          0x0000000020000400        0x4 ./Middlewares/STM32_Secure_Engine/se_callgate.o
 *(.data*)
                0x0000000020000408                . = ALIGN (0x8)
 *fill*         0x0000000020000404        0x4 
                0x0000000020000408                _edata = .

.igot.plt       0x0000000020000408        0x0 load address 0x0000000008004c70
 .igot.plt      0x0000000020000408        0x0 /Applications/STM32CubeIDE.app/Contents/Eclipse/plugins/com.st.stm32cube.ide.mcu.externaltools.gnu-tools-for-stm32.10.3-2021.10.macos64_1.0.200.202301161003/tools/bin/../lib/gcc/arm-none-eabi/10.3.1/thumb/v7e-m+fp/softfp/crtbegin.o
                0x0000000020000408                . = ALIGN (0x4)

.bss            0x0000000020000408      0xa30 load address 0x0000000008004c70
                0x0000000020000408                _sbss = .
                0x0000000020000408                __bss_start__ = _sbss
 *(.bss)
 .bss           0x0000000020000408       0x1c /Applications/STM32CubeIDE.app/Contents/Eclipse/plugins/com.st.stm32cube.ide.mcu.externaltools.gnu-tools-for-stm32.10.3-2021.10.macos64_1.0.200.202301161003/tools/bin/../lib/gcc/arm-none-eabi/10.3.1/thumb/v7e-m+fp/softfp/crtbegin.o
 .bss           0x0000000020000424      0x9dc ./Application/User/se_crypto_bootloader.o
 .bss           0x0000000020000e00        0x8 ./Application/User/se_low_level.o
 .bss           0x0000000020000e08       0x20 ./Drivers/STM32F4xx_HAL_Driver/stm32f4xx_hal_flash.o
                0x0000000020000e08                pFlash
 .bss           0x0000000020000e28       0x10 ./Middlewares/STM32_Secure_Engine/se_utils.o
 *(.bss*)
 *(COMMON)
                0x0000000020000e38                . = ALIGN (0x4)
                0x0000000020000e38                _ebss = .
                0x0000000020000e38                __bss_end__ = _ebss

/DISCARD/
 libc.a(*)
 libm.a(*)
 libgcc.a(*)

.ARM.attributes
                0x0000000000000000       0x2e
 *(.ARM.attributes)
 .ARM.attributes
                0x0000000000000000       0x1e /Applications/STM32CubeIDE.app/Contents/Eclipse/plugins/com.st.stm32cube.ide.mcu.externaltools.gnu-tools-for-stm32.10.3-2021.10.macos64_1.0.200.202301161003/tools/bin/../lib/gcc/arm-none-eabi/10.3.1/thumb/v7e-m+fp/softfp/crti.o
 .ARM.attributes
                0x000000000000001e       0x32 /Applications/STM32CubeIDE.app/Contents/Eclipse/plugins/com.st.stm32cube.ide.mcu.externaltools.gnu-tools-for-stm32.10.3-2021.10.macos64_1.0.200.202301161003/tools/bin/../lib/gcc/arm-none-eabi/10.3.1/thumb/v7e-m+fp/softfp/crtbegin.o
 .ARM.attributes
                0x0000000000000050       0x20 ./Application/Startup/se_key.o
 .ARM.attributes
                0x0000000000000070       0x32 ./Application/User/data_init.o
 .ARM.attributes
                0x00000000000000a2       0x32 ./Application/User/se_crypto_bootloader.o
 .ARM.attributes
                0x00000000000000d4       0x32 ./Application/User/se_low_level.o
 .ARM.attributes
                0x0000000000000106       0x32 ./Drivers/STM32F4xx_HAL_Driver/stm32f4xx_hal_crc.o
 .ARM.attributes
                0x0000000000000138       0x32 ./Drivers/STM32F4xx_HAL_Driver/stm32f4xx_hal_flash.o
 .ARM.attributes
                0x000000000000016a       0x32 ./Drivers/STM32F4xx_HAL_Driver/stm32f4xx_hal_flash_ex.o
 .ARM.attributes
                0x000000000000019c       0x32 ./Middlewares/STM32_Secure_Engine/se_callgate.o
 .ARM.attributes
                0x00000000000001ce       0x32 ./Middlewares/STM32_Secure_Engine/se_fwimg.o
 .ARM.attributes
                0x0000000000000200       0x32 ./Middlewares/STM32_Secure_Engine/se_startup.o
 .ARM.attributes
                0x0000000000000232       0x32 ./Middlewares/STM32_Secure_Engine/se_user_application.o
 .ARM.attributes
                0x0000000000000264       0x32 ./Middlewares/STM32_Secure_Engine/se_utils.o
 .ARM.attributes
                0x0000000000000296       0x33 ../../../../../../../Middlewares/ST/STM32_Cryptographic/Fw_Crypto/STM32F4/Lib/libSTM32CryptographicV3.0.0_CM4_GCC.a(crypto.o)
 .ARM.attributes
                0x00000000000002c9       0x32 /Applications/STM32CubeIDE.app/Contents/Eclipse/plugins/com.st.stm32cube.ide.mcu.externaltools.gnu-tools-for-stm32.10.3-2021.10.macos64_1.0.200.202301161003/tools/bin/../lib/gcc/arm-none-eabi/10.3.1/../../../../arm-none-eabi/lib/thumb/v7e-m+fp/softfp/libc_nano.a(lib_a-memcmp.o)
 .ARM.attributes
                0x00000000000002fb       0x32 /Applications/STM32CubeIDE.app/Contents/Eclipse/plugins/com.st.stm32cube.ide.mcu.externaltools.gnu-tools-for-stm32.10.3-2021.10.macos64_1.0.200.202301161003/tools/bin/../lib/gcc/arm-none-eabi/10.3.1/../../../../arm-none-eabi/lib/thumb/v7e-m+fp/softfp/libc_nano.a(lib_a-memcpy-stub.o)
 .ARM.attributes
                0x000000000000032d       0x32 /Applications/STM32CubeIDE.app/Contents/Eclipse/plugins/com.st.stm32cube.ide.mcu.externaltools.gnu-tools-for-stm32.10.3-2021.10.macos64_1.0.200.202301161003/tools/bin/../lib/gcc/arm-none-eabi/10.3.1/../../../../arm-none-eabi/lib/thumb/v7e-m+fp/softfp/libc_nano.a(lib_a-memset.o)
 .ARM.attributes
                0x000000000000035f       0x1e /Applications/STM32CubeIDE.app/Contents/Eclipse/plugins/com.st.stm32cube.ide.mcu.externaltools.gnu-tools-for-stm32.10.3-2021.10.macos64_1.0.200.202301161003/tools/bin/../lib/gcc/arm-none-eabi/10.3.1/thumb/v7e-m+fp/softfp/crtn.o
OUTPUT(SECoreBin.elf elf32-littlearm)
LOAD linker stubs
LOAD /Applications/STM32CubeIDE.app/Contents/Eclipse/plugins/com.st.stm32cube.ide.mcu.externaltools.gnu-tools-for-stm32.10.3-2021.10.macos64_1.0.200.202301161003/tools/bin/../lib/gcc/arm-none-eabi/10.3.1/../../../../arm-none-eabi/lib/thumb/v7e-m+fp/softfp/libc.a
LOAD /Applications/STM32CubeIDE.app/Contents/Eclipse/plugins/com.st.stm32cube.ide.mcu.externaltools.gnu-tools-for-stm32.10.3-2021.10.macos64_1.0.200.202301161003/tools/bin/../lib/gcc/arm-none-eabi/10.3.1/../../../../arm-none-eabi/lib/thumb/v7e-m+fp/softfp/libm.a
LOAD /Applications/STM32CubeIDE.app/Contents/Eclipse/plugins/com.st.stm32cube.ide.mcu.externaltools.gnu-tools-for-stm32.10.3-2021.10.macos64_1.0.200.202301161003/tools/bin/../lib/gcc/arm-none-eabi/10.3.1/thumb/v7e-m+fp/softfp/libgcc.a

.debug_info     0x0000000000000000     0x5918
 .debug_info    0x0000000000000000      0x19e ./Application/User/data_init.o
 .debug_info    0x000000000000019e     0x15cf ./Application/User/se_crypto_bootloader.o
 .debug_info    0x000000000000176d     0x11a2 ./Application/User/se_low_level.o
 .debug_info    0x000000000000290f      0x409 ./Drivers/STM32F4xx_HAL_Driver/stm32f4xx_hal_crc.o
 .debug_info    0x0000000000002d18      0x77d ./Drivers/STM32F4xx_HAL_Driver/stm32f4xx_hal_flash.o
 .debug_info    0x0000000000003495      0xafd ./Drivers/STM32F4xx_HAL_Driver/stm32f4xx_hal_flash_ex.o
 .debug_info    0x0000000000003f92      0xff2 ./Middlewares/STM32_Secure_Engine/se_callgate.o
 .debug_info    0x0000000000004f84      0x39b ./Middlewares/STM32_Secure_Engine/se_fwimg.o
 .debug_info    0x000000000000531f       0xc5 ./Middlewares/STM32_Secure_Engine/se_startup.o
 .debug_info    0x00000000000053e4      0x350 ./Middlewares/STM32_Secure_Engine/se_user_application.o
 .debug_info    0x0000000000005734      0x1e4 ./Middlewares/STM32_Secure_Engine/se_utils.o

.debug_abbrev   0x0000000000000000     0x179e
 .debug_abbrev  0x0000000000000000       0xd7 ./Application/User/data_init.o
 .debug_abbrev  0x00000000000000d7      0x309 ./Application/User/se_crypto_bootloader.o
 .debug_abbrev  0x00000000000003e0      0x431 ./Application/User/se_low_level.o
 .debug_abbrev  0x0000000000000811      0x1bb ./Drivers/STM32F4xx_HAL_Driver/stm32f4xx_hal_crc.o
 .debug_abbrev  0x00000000000009cc      0x320 ./Drivers/STM32F4xx_HAL_Driver/stm32f4xx_hal_flash.o
 .debug_abbrev  0x0000000000000cec      0x316 ./Drivers/STM32F4xx_HAL_Driver/stm32f4xx_hal_flash_ex.o
 .debug_abbrev  0x0000000000001002      0x321 ./Middlewares/STM32_Secure_Engine/se_callgate.o
 .debug_abbrev  0x0000000000001323      0x12f ./Middlewares/STM32_Secure_Engine/se_fwimg.o
 .debug_abbrev  0x0000000000001452       0x92 ./Middlewares/STM32_Secure_Engine/se_startup.o
 .debug_abbrev  0x00000000000014e4      0x162 ./Middlewares/STM32_Secure_Engine/se_user_application.o
 .debug_abbrev  0x0000000000001646      0x158 ./Middlewares/STM32_Secure_Engine/se_utils.o

.debug_aranges  0x0000000000000000      0x360
 .debug_aranges
                0x0000000000000000       0x30 ./Application/User/data_init.o
 .debug_aranges
                0x0000000000000030       0x70 ./Application/User/se_crypto_bootloader.o
 .debug_aranges
                0x00000000000000a0       0xa8 ./Application/User/se_low_level.o
 .debug_aranges
                0x0000000000000148       0x48 ./Drivers/STM32F4xx_HAL_Driver/stm32f4xx_hal_crc.o
 .debug_aranges
                0x0000000000000190       0x90 ./Drivers/STM32F4xx_HAL_Driver/stm32f4xx_hal_flash.o
 .debug_aranges
                0x0000000000000220       0x70 ./Drivers/STM32F4xx_HAL_Driver/stm32f4xx_hal_flash_ex.o
 .debug_aranges
                0x0000000000000290       0x30 ./Middlewares/STM32_Secure_Engine/se_callgate.o
 .debug_aranges
                0x00000000000002c0       0x30 ./Middlewares/STM32_Secure_Engine/se_fwimg.o
 .debug_aranges
                0x00000000000002f0       0x20 ./Middlewares/STM32_Secure_Engine/se_startup.o
 .debug_aranges
                0x0000000000000310       0x20 ./Middlewares/STM32_Secure_Engine/se_user_application.o
 .debug_aranges
                0x0000000000000330       0x30 ./Middlewares/STM32_Secure_Engine/se_utils.o

.debug_ranges   0x0000000000000000      0x400
 .debug_ranges  0x0000000000000000       0x60 ./Application/User/data_init.o
 .debug_ranges  0x0000000000000060       0x78 ./Application/User/se_crypto_bootloader.o
 .debug_ranges  0x00000000000000d8       0xc8 ./Application/User/se_low_level.o
 .debug_ranges  0x00000000000001a0       0x38 ./Drivers/STM32F4xx_HAL_Driver/stm32f4xx_hal_crc.o
 .debug_ranges  0x00000000000001d8       0xb0 ./Drivers/STM32F4xx_HAL_Driver/stm32f4xx_hal_flash.o
 .debug_ranges  0x0000000000000288       0xf8 ./Drivers/STM32F4xx_HAL_Driver/stm32f4xx_hal_flash_ex.o
 .debug_ranges  0x0000000000000380       0x20 ./Middlewares/STM32_Secure_Engine/se_callgate.o
 .debug_ranges  0x00000000000003a0       0x20 ./Middlewares/STM32_Secure_Engine/se_fwimg.o
 .debug_ranges  0x00000000000003c0       0x10 ./Middlewares/STM32_Secure_Engine/se_startup.o
 .debug_ranges  0x00000000000003d0       0x10 ./Middlewares/STM32_Secure_Engine/se_user_application.o
 .debug_ranges  0x00000000000003e0       0x20 ./Middlewares/STM32_Secure_Engine/se_utils.o

.debug_macro    0x0000000000000000    0x20db0
 .debug_macro   0x0000000000000000       0x20 ./Application/User/data_init.o
 .debug_macro   0x0000000000000020      0xa7e ./Application/User/data_init.o
 .debug_macro   0x0000000000000a9e      0x34e ./Application/User/data_init.o
 .debug_macro   0x0000000000000dec      0x5b0 ./Application/User/se_crypto_bootloader.o
 .debug_macro   0x000000000000139c       0x22 ./Application/User/se_crypto_bootloader.o
 .debug_macro   0x00000000000013be       0x4c ./Application/User/se_crypto_bootloader.o
 .debug_macro   0x000000000000140a       0x1e ./Application/User/se_crypto_bootloader.o
 .debug_macro   0x0000000000001428       0x94 ./Application/User/se_crypto_bootloader.o
 .debug_macro   0x00000000000014bc       0x3c ./Application/User/se_crypto_bootloader.o
 .debug_macro   0x00000000000014f8       0x34 ./Application/User/se_crypto_bootloader.o
 .debug_macro   0x000000000000152c      0x174 ./Application/User/se_crypto_bootloader.o
 .debug_macro   0x00000000000016a0       0x16 ./Application/User/se_crypto_bootloader.o
 .debug_macro   0x00000000000016b6       0x43 ./Application/User/se_crypto_bootloader.o
 .debug_macro   0x00000000000016f9       0x57 ./Application/User/se_crypto_bootloader.o
 .debug_macro   0x0000000000001750       0x34 ./Application/User/se_crypto_bootloader.o
 .debug_macro   0x0000000000001784       0x10 ./Application/User/se_crypto_bootloader.o
 .debug_macro   0x0000000000001794       0x58 ./Application/User/se_crypto_bootloader.o
 .debug_macro   0x00000000000017ec       0x71 ./Application/User/se_crypto_bootloader.o
 .debug_macro   0x000000000000185d       0x1c ./Application/User/se_crypto_bootloader.o
 .debug_macro   0x0000000000001879      0x12a ./Application/User/se_crypto_bootloader.o
 .debug_macro   0x00000000000019a3      0x341 ./Application/User/se_crypto_bootloader.o
 .debug_macro   0x0000000000001ce4       0x10 ./Application/User/se_crypto_bootloader.o
 .debug_macro   0x0000000000001cf4       0x35 ./Application/User/se_crypto_bootloader.o
 .debug_macro   0x0000000000001d29       0x20 ./Application/User/se_crypto_bootloader.o
 .debug_macro   0x0000000000001d49       0x22 ./Application/User/se_crypto_bootloader.o
 .debug_macro   0x0000000000001d6b      0x103 ./Application/User/se_crypto_bootloader.o
 .debug_macro   0x0000000000001e6e       0x6a ./Application/User/se_crypto_bootloader.o
 .debug_macro   0x0000000000001ed8      0x1df ./Application/User/se_crypto_bootloader.o
 .debug_macro   0x00000000000020b7      0x148 ./Application/User/se_crypto_bootloader.o
 .debug_macro   0x00000000000021ff       0x46 ./Application/User/se_crypto_bootloader.o
 .debug_macro   0x0000000000002245       0x16 ./Application/User/se_crypto_bootloader.o
 .debug_macro   0x000000000000225b       0x16 ./Application/User/se_crypto_bootloader.o
 .debug_macro   0x0000000000002271       0x29 ./Application/User/se_crypto_bootloader.o
 .debug_macro   0x000000000000229a       0x77 ./Application/User/se_crypto_bootloader.o
 .debug_macro   0x0000000000002311      0x213 ./Application/User/se_crypto_bootloader.o
 .debug_macro   0x0000000000002524       0x82 ./Application/User/se_crypto_bootloader.o
 .debug_macro   0x00000000000025a6       0x6b ./Application/User/se_crypto_bootloader.o
 .debug_macro   0x0000000000002611       0x3a ./Application/User/se_crypto_bootloader.o
 .debug_macro   0x000000000000264b       0x16 ./Application/User/se_crypto_bootloader.o
 .debug_macro   0x0000000000002661       0x16 ./Application/User/se_crypto_bootloader.o
 .debug_macro   0x0000000000002677       0x16 ./Application/User/se_crypto_bootloader.o
 .debug_macro   0x000000000000268d       0x10 ./Application/User/se_crypto_bootloader.o
 .debug_macro   0x000000000000269d       0x10 ./Application/User/se_crypto_bootloader.o
 .debug_macro   0x00000000000026ad       0x10 ./Application/User/se_crypto_bootloader.o
 .debug_macro   0x00000000000026bd       0x10 ./Application/User/se_crypto_bootloader.o
 .debug_macro   0x00000000000026cd       0x10 ./Application/User/se_crypto_bootloader.o
 .debug_macro   0x00000000000026dd       0x10 ./Application/User/se_crypto_bootloader.o
 .debug_macro   0x00000000000026ed       0x34 ./Application/User/se_crypto_bootloader.o
 .debug_macro   0x0000000000002721       0x10 ./Application/User/se_crypto_bootloader.o
 .debug_macro   0x0000000000002731       0x3a ./Application/User/se_crypto_bootloader.o
 .debug_macro   0x000000000000276b       0x16 ./Application/User/se_crypto_bootloader.o
 .debug_macro   0x0000000000002781       0x1c ./Application/User/se_crypto_bootloader.o
 .debug_macro   0x000000000000279d       0x28 ./Application/User/se_crypto_bootloader.o
 .debug_macro   0x00000000000027c5       0x64 ./Application/User/se_crypto_bootloader.o
 .debug_macro   0x0000000000002829       0x10 ./Application/User/se_crypto_bootloader.o
 .debug_macro   0x0000000000002839       0x75 ./Application/User/se_crypto_bootloader.o
 .debug_macro   0x00000000000028ae       0xa0 ./Application/User/se_crypto_bootloader.o
 .debug_macro   0x000000000000294e       0x52 ./Application/User/se_crypto_bootloader.o
 .debug_macro   0x00000000000029a0      0x2ac ./Application/User/se_crypto_bootloader.o
 .debug_macro   0x0000000000002c4c       0x2e ./Application/User/se_crypto_bootloader.o
 .debug_macro   0x0000000000002c7a       0x28 ./Application/User/se_crypto_bootloader.o
 .debug_macro   0x0000000000002ca2       0x1c ./Application/User/se_crypto_bootloader.o
 .debug_macro   0x0000000000002cbe       0x22 ./Application/User/se_crypto_bootloader.o
 .debug_macro   0x0000000000002ce0       0xd9 ./Application/User/se_crypto_bootloader.o
 .debug_macro   0x0000000000002db9     0x102d ./Application/User/se_crypto_bootloader.o
 .debug_macro   0x0000000000003de6      0x11f ./Application/User/se_crypto_bootloader.o
 .debug_macro   0x0000000000003f05    0x15a6f ./Application/User/se_crypto_bootloader.o
 .debug_macro   0x0000000000019974       0x43 ./Application/User/se_crypto_bootloader.o
 .debug_macro   0x00000000000199b7     0x3659 ./Application/User/se_crypto_bootloader.o
 .debug_macro   0x000000000001d010       0x50 ./Application/User/se_crypto_bootloader.o
 .debug_macro   0x000000000001d060      0xcdd ./Application/User/se_crypto_bootloader.o
 .debug_macro   0x000000000001dd3d      0x9fe ./Application/User/se_crypto_bootloader.o
 .debug_macro   0x000000000001e73b      0x117 ./Application/User/se_crypto_bootloader.o
 .debug_macro   0x000000000001e852      0x202 ./Application/User/se_crypto_bootloader.o
 .debug_macro   0x000000000001ea54       0x82 ./Application/User/se_crypto_bootloader.o
 .debug_macro   0x000000000001ead6       0x22 ./Application/User/se_crypto_bootloader.o
 .debug_macro   0x000000000001eaf8      0x132 ./Application/User/se_crypto_bootloader.o
 .debug_macro   0x000000000001ec2a      0x30c ./Application/User/se_crypto_bootloader.o
 .debug_macro   0x000000000001ef36       0x2e ./Application/User/se_crypto_bootloader.o
 .debug_macro   0x000000000001ef64      0x11a ./Application/User/se_crypto_bootloader.o
 .debug_macro   0x000000000001f07e       0x91 ./Application/User/se_crypto_bootloader.o
 .debug_macro   0x000000000001f10f       0x89 ./Application/User/se_crypto_bootloader.o
 .debug_macro   0x000000000001f198      0x134 ./Application/User/se_crypto_bootloader.o
 .debug_macro   0x000000000001f2cc       0x22 ./Application/User/se_crypto_bootloader.o
 .debug_macro   0x000000000001f2ee      0x2d3 ./Application/User/se_low_level.o
 .debug_macro   0x000000000001f5c1       0x8e ./Application/User/se_low_level.o
 .debug_macro   0x000000000001f64f       0x51 ./Application/User/se_low_level.o
 .debug_macro   0x000000000001f6a0       0x5e ./Application/User/se_low_level.o
 .debug_macro   0x000000000001f6fe       0x5c ./Application/User/se_low_level.o
 .debug_macro   0x000000000001f75a       0x52 ./Application/User/se_low_level.o
 .debug_macro   0x000000000001f7ac      0x18c ./Drivers/STM32F4xx_HAL_Driver/stm32f4xx_hal_crc.o
 .debug_macro   0x000000000001f938      0x192 ./Drivers/STM32F4xx_HAL_Driver/stm32f4xx_hal_flash.o
 .debug_macro   0x000000000001faca      0x192 ./Drivers/STM32F4xx_HAL_Driver/stm32f4xx_hal_flash_ex.o
 .debug_macro   0x000000000001fc5c      0x61f ./Middlewares/STM32_Secure_Engine/se_callgate.o
 .debug_macro   0x000000000002027b       0x58 ./Middlewares/STM32_Secure_Engine/se_callgate.o
 .debug_macro   0x00000000000202d3      0x10e ./Middlewares/STM32_Secure_Engine/se_callgate.o
 .debug_macro   0x00000000000203e1       0x8d ./Middlewares/STM32_Secure_Engine/se_callgate.o
 .debug_macro   0x000000000002046e       0x94 ./Middlewares/STM32_Secure_Engine/se_callgate.o
 .debug_macro   0x0000000000020502       0x16 ./Middlewares/STM32_Secure_Engine/se_callgate.o
 .debug_macro   0x0000000000020518       0x16 ./Middlewares/STM32_Secure_Engine/se_callgate.o
 .debug_macro   0x000000000002052e       0x3a ./Middlewares/STM32_Secure_Engine/se_callgate.o
 .debug_macro   0x0000000000020568      0x2d7 ./Middlewares/STM32_Secure_Engine/se_fwimg.o
 .debug_macro   0x000000000002083f       0xa1 ./Middlewares/STM32_Secure_Engine/se_startup.o
 .debug_macro   0x00000000000208e0      0x2cd ./Middlewares/STM32_Secure_Engine/se_user_application.o
 .debug_macro   0x0000000000020bad      0x203 ./Middlewares/STM32_Secure_Engine/se_utils.o

.debug_line     0x0000000000000000     0x9c11
 .debug_line    0x0000000000000000      0x23b ./Application/User/data_init.o
 .debug_line    0x000000000000023b     0x2309 ./Application/User/se_crypto_bootloader.o
 .debug_line    0x0000000000002544      0xe76 ./Application/User/se_low_level.o
 .debug_line    0x00000000000033ba      0x888 ./Drivers/STM32F4xx_HAL_Driver/stm32f4xx_hal_crc.o
 .debug_line    0x0000000000003c42      0xc46 ./Drivers/STM32F4xx_HAL_Driver/stm32f4xx_hal_flash.o
 .debug_line    0x0000000000004888      0xc81 ./Drivers/STM32F4xx_HAL_Driver/stm32f4xx_hal_flash_ex.o
 .debug_line    0x0000000000005509     0x2513 ./Middlewares/STM32_Secure_Engine/se_callgate.o
 .debug_line    0x0000000000007a1c      0xabd ./Middlewares/STM32_Secure_Engine/se_fwimg.o
 .debug_line    0x00000000000084d9      0x48b ./Middlewares/STM32_Secure_Engine/se_startup.o
 .debug_line    0x0000000000008964      0x9d0 ./Middlewares/STM32_Secure_Engine/se_user_application.o
 .debug_line    0x0000000000009334      0x8dd ./Middlewares/STM32_Secure_Engine/se_utils.o

.debug_str      0x0000000000000000    0xc11ca
 .debug_str     0x0000000000000000     0x370b ./Application/User/data_init.o
                                       0x387f (size before relaxing)
 .debug_str     0x000000000000370b    0xbbe84 ./Application/User/se_crypto_bootloader.o
                                      0xbeff7 (size before relaxing)
 .debug_str     0x00000000000bf58f      0x82b ./Application/User/se_low_level.o
                                      0xbc773 (size before relaxing)
 .debug_str     0x00000000000bfdba       0xc0 ./Drivers/STM32F4xx_HAL_Driver/stm32f4xx_hal_crc.o
                                      0xb82f7 (size before relaxing)
 .debug_str     0x00000000000bfe7a      0x30f ./Drivers/STM32F4xx_HAL_Driver/stm32f4xx_hal_flash.o
                                      0xb84b9 (size before relaxing)
 .debug_str     0x00000000000c0189      0x2df ./Drivers/STM32F4xx_HAL_Driver/stm32f4xx_hal_flash_ex.o
                                      0xb85dc (size before relaxing)
 .debug_str     0x00000000000c0468      0xb24 ./Middlewares/STM32_Secure_Engine/se_callgate.o
                                      0xbf1a8 (size before relaxing)
 .debug_str     0x00000000000c0f8c       0x88 ./Middlewares/STM32_Secure_Engine/se_fwimg.o
                                      0xbbf10 (size before relaxing)
 .debug_str     0x00000000000c1014       0x7a ./Middlewares/STM32_Secure_Engine/se_startup.o
                                       0x40bd (size before relaxing)
 .debug_str     0x00000000000c108e       0x8f ./Middlewares/STM32_Secure_Engine/se_user_application.o
                                      0xbbfe1 (size before relaxing)
 .debug_str     0x00000000000c111d       0xad ./Middlewares/STM32_Secure_Engine/se_utils.o
                                      0xb908c (size before relaxing)

.comment        0x0000000000000000       0xd2
 .comment       0x0000000000000000       0x50 ./Application/User/data_init.o
                                         0x51 (size before relaxing)
 .comment       0x0000000000000050       0x51 ./Application/User/se_crypto_bootloader.o
 .comment       0x0000000000000050       0x51 ./Application/User/se_low_level.o
 .comment       0x0000000000000050       0x51 ./Drivers/STM32F4xx_HAL_Driver/stm32f4xx_hal_crc.o
 .comment       0x0000000000000050       0x51 ./Drivers/STM32F4xx_HAL_Driver/stm32f4xx_hal_flash.o
 .comment       0x0000000000000050       0x51 ./Drivers/STM32F4xx_HAL_Driver/stm32f4xx_hal_flash_ex.o
 .comment       0x0000000000000050       0x51 ./Middlewares/STM32_Secure_Engine/se_callgate.o
 .comment       0x0000000000000050       0x51 ./Middlewares/STM32_Secure_Engine/se_fwimg.o
 .comment       0x0000000000000050       0x51 ./Middlewares/STM32_Secure_Engine/se_startup.o
 .comment       0x0000000000000050       0x51 ./Middlewares/STM32_Secure_Engine/se_user_application.o
 .comment       0x0000000000000050       0x51 ./Middlewares/STM32_Secure_Engine/se_utils.o
 .comment       0x0000000000000050       0x82 ../../../../../../../Middlewares/ST/STM32_Cryptographic/Fw_Crypto/STM32F4/Lib/libSTM32CryptographicV3.0.0_CM4_GCC.a(crypto.o)
                                         0x83 (size before relaxing)

.debug_frame    0x0000000000000000      0x830
 .debug_frame   0x0000000000000000       0x64 ./Application/User/data_init.o
 .debug_frame   0x0000000000000064      0x11c ./Application/User/se_crypto_bootloader.o
 .debug_frame   0x0000000000000180      0x1ac ./Application/User/se_low_level.o
 .debug_frame   0x000000000000032c       0xa4 ./Drivers/STM32F4xx_HAL_Driver/stm32f4xx_hal_crc.o
 .debug_frame   0x00000000000003d0      0x154 ./Drivers/STM32F4xx_HAL_Driver/stm32f4xx_hal_flash.o
 .debug_frame   0x0000000000000524       0xf0 ./Drivers/STM32F4xx_HAL_Driver/stm32f4xx_hal_flash_ex.o
 .debug_frame   0x0000000000000614       0x84 ./Middlewares/STM32_Secure_Engine/se_callgate.o
 .debug_frame   0x0000000000000698       0x78 ./Middlewares/STM32_Secure_Engine/se_fwimg.o
 .debug_frame   0x0000000000000710       0x28 ./Middlewares/STM32_Secure_Engine/se_startup.o
 .debug_frame   0x0000000000000738       0x34 ./Middlewares/STM32_Secure_Engine/se_user_application.o
 .debug_frame   0x000000000000076c       0x54 ./Middlewares/STM32_Secure_Engine/se_utils.o
 .debug_frame   0x00000000000007c0       0x28 /Applications/STM32CubeIDE.app/Contents/Eclipse/plugins/com.st.stm32cube.ide.mcu.externaltools.gnu-tools-for-stm32.10.3-2021.10.macos64_1.0.200.202301161003/tools/bin/../lib/gcc/arm-none-eabi/10.3.1/../../../../arm-none-eabi/lib/thumb/v7e-m+fp/softfp/libc_nano.a(lib_a-memcmp.o)
 .debug_frame   0x00000000000007e8       0x28 /Applications/STM32CubeIDE.app/Contents/Eclipse/plugins/com.st.stm32cube.ide.mcu.externaltools.gnu-tools-for-stm32.10.3-2021.10.macos64_1.0.200.202301161003/tools/bin/../lib/gcc/arm-none-eabi/10.3.1/../../../../arm-none-eabi/lib/thumb/v7e-m+fp/softfp/libc_nano.a(lib_a-memcpy-stub.o)
 .debug_frame   0x0000000000000810       0x20 /Applications/STM32CubeIDE.app/Contents/Eclipse/plugins/com.st.stm32cube.ide.mcu.externaltools.gnu-tools-for-stm32.10.3-2021.10.macos64_1.0.200.202301161003/tools/bin/../lib/gcc/arm-none-eabi/10.3.1/../../../../arm-none-eabi/lib/thumb/v7e-m+fp/softfp/libc_nano.a(lib_a-memset.o)

.debug_loc      0x0000000000000000     0x2ad2
 .debug_loc     0x0000000000000000      0x833 ./Application/User/se_crypto_bootloader.o
 .debug_loc     0x0000000000000833      0xb13 ./Application/User/se_low_level.o
 .debug_loc     0x0000000000001346      0x1f6 ./Drivers/STM32F4xx_HAL_Driver/stm32f4xx_hal_crc.o
 .debug_loc     0x000000000000153c      0x323 ./Drivers/STM32F4xx_HAL_Driver/stm32f4xx_hal_flash.o
 .debug_loc     0x000000000000185f      0x5d5 ./Drivers/STM32F4xx_HAL_Driver/stm32f4xx_hal_flash_ex.o
 .debug_loc     0x0000000000001e34      0x7b6 ./Middlewares/STM32_Secure_Engine/se_callgate.o
 .debug_loc     0x00000000000025ea      0x3cf ./Middlewares/STM32_Secure_Engine/se_fwimg.o
 .debug_loc     0x00000000000029b9       0x9b ./Middlewares/STM32_Secure_Engine/se_user_application.o
 .debug_loc     0x0000000000002a54       0x7e ./Middlewares/STM32_Secure_Engine/se_utils.o
